Component: ARM Compiler 5.06 update 6 (build 750) Tool: armlink [4d35ed]

==============================================================================

Section Cross References

    startup_stm32f030xc.o(RESET) refers to startup_stm32f030xc.o(STACK) for __initial_sp
    startup_stm32f030xc.o(RESET) refers to startup_stm32f030xc.o(.text) for Reset_Handler
    startup_stm32f030xc.o(RESET) refers to stm32f0xx_it.o(i.NMI_Handler) for NMI_Handler
    startup_stm32f030xc.o(RESET) refers to stm32f0xx_it.o(i.HardFault_Handler) for HardFault_Handler
    startup_stm32f030xc.o(RESET) refers to port.o(i.SVC_Handler) for SVC_Handler
    startup_stm32f030xc.o(RESET) refers to port.o(.emb_text) for PendSV_Handler
    startup_stm32f030xc.o(RESET) refers to stm32f0xx_it.o(i.SysTick_Handler) for SysTick_Handler
    startup_stm32f030xc.o(RESET) refers to stm32f0xx_it.o(i.RTC_IRQHandler) for RTC_IRQHandler
    startup_stm32f030xc.o(RESET) refers to stm32f0xx_it.o(i.EXTI0_1_IRQHandler) for EXTI0_1_IRQHandler
    startup_stm32f030xc.o(RESET) refers to stm32f0xx_it.o(i.EXTI2_3_IRQHandler) for EXTI2_3_IRQHandler
    startup_stm32f030xc.o(RESET) refers to stm32f0xx_it.o(i.EXTI4_15_IRQHandler) for EXTI4_15_IRQHandler
    startup_stm32f030xc.o(RESET) refers to stm32f0xx_it.o(i.DMA1_Channel1_IRQHandler) for DMA1_Channel1_IRQHandler
    startup_stm32f030xc.o(RESET) refers to stm32f0xx_it.o(i.DMA1_Channel2_3_IRQHandler) for DMA1_Channel2_3_IRQHandler
    startup_stm32f030xc.o(RESET) refers to stm32f0xx_it.o(i.ADC1_IRQHandler) for ADC1_IRQHandler
    startup_stm32f030xc.o(RESET) refers to stm32f0xx_it.o(i.TIM1_BRK_UP_TRG_COM_IRQHandler) for TIM1_BRK_UP_TRG_COM_IRQHandler
    startup_stm32f030xc.o(RESET) refers to stm32f0xx_it.o(i.TIM6_IRQHandler) for TIM6_IRQHandler
    startup_stm32f030xc.o(RESET) refers to stm32f0xx_it.o(i.TIM7_IRQHandler) for TIM7_IRQHandler
    startup_stm32f030xc.o(RESET) refers to stm32f0xx_it.o(i.TIM14_IRQHandler) for TIM14_IRQHandler
    startup_stm32f030xc.o(RESET) refers to stm32f0xx_it.o(i.USART2_IRQHandler) for USART2_IRQHandler
    startup_stm32f030xc.o(RESET) refers to stm32f0xx_it.o(i.USART3_6_IRQHandler) for USART3_6_IRQHandler
    startup_stm32f030xc.o(.text) refers to system_stm32f0xx.o(i.SystemInit) for SystemInit
    startup_stm32f030xc.o(.text) refers to entry.o(.ARM.Collect$$$$00000000) for __main
    bsp_spiflash.o(i.SPI_FLASH_ReadByte) refers to stm32f0xx_hal_spi.o(i.HAL_SPI_TransmitReceive) for HAL_SPI_TransmitReceive
    bsp_spiflash.o(i.SPI_FLASH_ReadByte) refers to spi.o(.bss) for hspi2
    bsp_spiflash.o(i.SPI_FLASH_SendByte) refers to stm32f0xx_hal_spi.o(i.HAL_SPI_TransmitReceive) for HAL_SPI_TransmitReceive
    bsp_spiflash.o(i.SPI_FLASH_SendByte) refers to spi.o(.bss) for hspi2
    ht1621b.o(i.ReadDataBit_1621) refers to stm32f0xx_hal_gpio.o(i.HAL_GPIO_WritePin) for HAL_GPIO_WritePin
    ht1621b.o(i.ReadDataBit_1621) refers to ht1621b.o(i._nop) for _nop
    ht1621b.o(i.ReadDataBit_1621) refers to stm32f0xx_hal_gpio.o(i.HAL_GPIO_ReadPin) for HAL_GPIO_ReadPin
    ht1621b.o(i.Read_Modify_Write_1621) refers to stm32f0xx_hal_gpio.o(i.HAL_GPIO_WritePin) for HAL_GPIO_WritePin
    ht1621b.o(i.Read_Modify_Write_1621) refers to ht1621b.o(i._nop) for _nop
    ht1621b.o(i.Read_Modify_Write_1621) refers to ht1621b.o(i.SendBit_1621) for SendBit_1621
    ht1621b.o(i.Read_Modify_Write_1621) refers to ht1621b.o(i.ReadDataBit_1621) for ReadDataBit_1621
    ht1621b.o(i.Read_Modify_Write_1621) refers to ht1621b.o(i.SendDataBit_1621) for SendDataBit_1621
    ht1621b.o(i.SendBit_1621) refers to stm32f0xx_hal_gpio.o(i.HAL_GPIO_WritePin) for HAL_GPIO_WritePin
    ht1621b.o(i.SendBit_1621) refers to ht1621b.o(i._nop) for _nop
    ht1621b.o(i.SendCmd) refers to stm32f0xx_hal_gpio.o(i.HAL_GPIO_WritePin) for HAL_GPIO_WritePin
    ht1621b.o(i.SendCmd) refers to ht1621b.o(i.SendBit_1621) for SendBit_1621
    ht1621b.o(i.SendDataBit_1621) refers to stm32f0xx_hal_gpio.o(i.HAL_GPIO_WritePin) for HAL_GPIO_WritePin
    ht1621b.o(i.SendDataBit_1621) refers to ht1621b.o(i._nop) for _nop
    ht1621b.o(i.WriteAll_1621) refers to stm32f0xx_hal_gpio.o(i.HAL_GPIO_WritePin) for HAL_GPIO_WritePin
    ht1621b.o(i.WriteAll_1621) refers to ht1621b.o(i.SendBit_1621) for SendBit_1621
    ht1621b.o(i.WriteAll_1621) refers to ht1621b.o(i.SendDataBit_1621) for SendDataBit_1621
    ht1621b.o(i.Write_1621) refers to stm32f0xx_hal_gpio.o(i.HAL_GPIO_WritePin) for HAL_GPIO_WritePin
    ht1621b.o(i.Write_1621) refers to ht1621b.o(i.SendBit_1621) for SendBit_1621
    ht1621b.o(i.Write_1621) refers to ht1621b.o(i.SendDataBit_1621) for SendDataBit_1621
    key.o(i.key_driver) refers to stm32f0xx_hal_gpio.o(i.HAL_GPIO_ReadPin) for HAL_GPIO_ReadPin
    key.o(i.key_read) refers to key.o(i.key_driver) for key_driver
    lcd.o(i.LCD_Close) refers to memseta.o(.text) for __aeabi_memclr4
    lcd.o(i.LCD_Close) refers to ht1621b.o(i.SendCmd) for SendCmd
    lcd.o(i.LCD_Close) refers to lcd.o(.bss) for LCDPanelStruct
[...]
    __rt_errno_addr                          0x08018725   Thumb Code     0  errno.o(i.__aeabi_errno_addr)
    free                                     0x0801872d   Thumb Code    94  mallocr.o(i.__free$realloc)
    malloc                                   0x08018791   Thumb Code    54  mallocr.o(i.__malloc$realloc)
    __read_errno                             0x080187d9   Thumb Code     6  errno.o(i.__read_errno)
    __scatterload_copy                       0x080187e5   Thumb Code    14  handlers.o(i.__scatterload_copy)
    __scatterload_null                       0x080187f3   Thumb Code     2  handlers.o(i.__scatterload_null)
    __scatterload_zeroinit                   0x080187f5   Thumb Code    14  handlers.o(i.__scatterload_zeroinit)
    __set_errno                              0x08018805   Thumb Code     6  errno.o(i.__set_errno)
    _is_digit                                0x08018985   Thumb Code    14  scanf_fp.o(i._is_digit)
    _nop                                     0x08018993   Thumb Code     2  ht1621b.o(i._nop)
    analyticalPackage                        0x080190d9   Thumb Code  3028  package.o(i.analyticalPackage)
    assemble_test                            0x08019d11   Thumb Code   198  motor.o(i.assemble_test)
    atof                                     0x08019de1   Thumb Code    42  atof.o(i.atof)
    cmd_arg_analyze                          0x08019e0d   Thumb Code   146  usartconfig.o(i.cmd_arg_analyze)
    encodeWarningsPacket                     0x08019ea5   Thumb Code   658  encode.o(i.encodeWarningsPacket)
    fill_rec_buf                             0x0801a285   Thumb Code   154  usartconfig.o(i.fill_rec_buf)
    fputc                                    0x0801a34d   Thumb Code    26  printf.o(i.fputc)
    getY10value                              0x0801a371   Thumb Code   114  stringutils.o(i.getY10value)
    get_true_char_stream                     0x0801a401   Thumb Code   182  usartconfig.o(i.get_true_char_stream)
    handle_arg                               0x0801a4b9   Thumb Code    42  usartconfig.o(i.handle_arg)
    key_driver                               0x0801a549   Thumb Code   180  key.o(i.key_driver)
    key_read                                 0x0801a605   Thumb Code    82  key.o(i.key_read)
    lock_test                                0x0801a659   Thumb Code   198  motor.o(i.lock_test)
    main                                     0x0801a72d   Thumb Code   104  main.o(i.main)
    motor_test                               0x0801a7e1   Thumb Code   198  motor.o(i.motor_test)
    myStrncpy                                0x0801a8b1   Thumb Code    62  stringutils.o(i.myStrncpy)
    my_NVIC_DeInit                           0x0801a8ef   Thumb Code    46  main.o(i.my_NVIC_DeInit)
    osDelay                                  0x0801a9f9   Thumb Code    26  cmsis_os.o(i.osDelay)
    osKernelStart                            0x0801aa13   Thumb Code    10  cmsis_os.o(i.osKernelStart)
    osSystickHandler                         0x0801aa1d   Thumb Code    16  cmsis_os.o(i.osSystickHandler)
    osThreadCreate                           0x0801aa2d   Thumb Code    48  cmsis_os.o(i.osThreadCreate)
    printf_hello                             0x0801aa5d   Thumb Code    14  usartconfig.o(i.printf_hello)
    pvPortMalloc                             0x0801b02d   Thumb Code   264  heap_4.o(i.pvPortMalloc)
    pvTaskIncrementMutexHeldCount            0x0801b149   Thumb Code    28  tasks.o(i.pvTaskIncrementMutexHeldCount)
    pxPortInitialiseStack                    0x0801b169   Thumb Code    26  port.o(i.pxPortInitialiseStack)
    readVoltage                              0x0801b189   Thumb Code    14  usartconfig.o(i.readVoltage)
    refreshWaringPacket                      0x0801b1a5   Thumb Code   360  waringpacket.o(i.refreshWaringPacket)
    spi_transfer                             0x0801b345   Thumb Code    28  mfrc522.o(i.spi_transfer)
    stringCmp                                0x0801b365   Thumb Code    36  stringutils.o(i.stringCmp)
    stringIsNull                             0x0801b389   Thumb Code    28  stringutils.o(i.stringIsNull)
    ulTaskNotifyTake                         0x0801b3a5   Thumb Code   102  tasks.o(i.ulTaskNotifyTake)
    uxListRemove                             0x0801b411   Thumb Code    40  list.o(i.uxListRemove)
    vListInitialise                          0x0801b439   Thumb Code    26  list.o(i.vListInitialise)
    vListInitialiseItem                      0x0801b453   Thumb Code     6  list.o(i.vListInitialiseItem)
    vListInsert                              0x0801b459   Thumb Code    54  list.o(i.vListInsert)
    vListInsertEnd                           0x0801b48f   Thumb Code    24  list.o(i.vListInsertEnd)
    vPortEnterCritical                       0x0801b4a9   Thumb Code    22  port.o(i.vPortEnterCritical)
    vPortExitCritical                        0x0801b4c5   Thumb Code    36  port.o(i.vPortExitCritical)
    vPortFree                                0x0801b4ed   Thumb Code   120  heap_4.o(i.vPortFree)
    vPortSetupTimerInterrupt                 0x0801b56d   Thumb Code    26  port.o(i.vPortSetupTimerInterrupt)
    vPortYield                               0x0801b591   Thumb Code    18  port.o(i.vPortYield)
    vTaskDelay                               0x0801b5a9   Thumb Code    62  tasks.o(i.vTaskDelay)
    vTaskMissedYield                         0x0801b5ed   Thumb Code     8  tasks.o(i.vTaskMissedYield)
    vTaskNotifyGiveFromISR                   0x0801b5f9   Thumb Code   158  tasks.o(i.vTaskNotifyGiveFromISR)
    vTaskPlaceOnEventList                    0x0801b6b1   Thumb Code    38  tasks.o(i.vTaskPlaceOnEventList)
    vTaskPriorityInherit                     0x0801b6dd   Thumb Code   128  tasks.o(i.vTaskPriorityInherit)
    vTaskSetTimeOutState                     0x0801b769   Thumb Code    24  tasks.o(i.vTaskSetTimeOutState)
    vTaskStartScheduler                      0x0801b789   Thumb Code    84  tasks.o(i.vTaskStartScheduler)
    vTaskSuspendAll                          0x0801b7fd   Thumb Code    12  tasks.o(i.vTaskSuspendAll)
    vTaskSwitchContext                       0x0801b80d   Thumb Code   160  tasks.o(i.vTaskSwitchContext)
    writeVoltage                             0x0801b8cd   Thumb Code    70  usartconfig.o(i.writeVoltage)
    xEventGroupClearBits                     0x0801b935   Thumb Code    62  event_groups.o(i.xEventGroupClearBits)
    xEventGroupCreate                        0x0801b973   Thumb Code    28  event_groups.o(i.xEventGroupCreate)
    xEventGroupSetBits                       0x0801b98f   Thumb Code   200  event_groups.o(i.xEventGroupSetBits)
    xPortStartScheduler                      0x0801ba59   Thumb Code    48  port.o(i.xPortStartScheduler)
    xPortSysTickHandler                      0x0801ba91   Thumb Code    32  port.o(i.xPortSysTickHandler)
    xQueueGenericCreate                      0x0801bab5   Thumb Code    80  queue.o(i.xQueueGenericCreate)
    xQueueGenericReceive                     0x0801bb05   Thumb Code   396  queue.o(i.xQueueGenericReceive)
    xQueueGenericReset                       0x0801bc91   Thumb Code   130  queue.o(i.xQueueGenericReset)
    xQueueGenericSend                        0x0801bd13   Thumb Code   346  queue.o(i.xQueueGenericSend)
    xQueueGiveFromISR                        0x0801be6d   Thumb Code   170  queue.o(i.xQueueGiveFromISR)
    xTaskCheckForTimeOut                     0x0801bf19   Thumb Code   106  tasks.o(i.xTaskCheckForTimeOut)
    xTaskCreate                              0x0801bf8d   Thumb Code    92  tasks.o(i.xTaskCreate)
    xTaskGetSchedulerState                   0x0801bfe9   Thumb Code    28  tasks.o(i.xTaskGetSchedulerState)
    xTaskIncrementTick                       0x0801c00d   Thumb Code   270  tasks.o(i.xTaskIncrementTick)
    xTaskPriorityDisinherit                  0x0801c149   Thumb Code   124  tasks.o(i.xTaskPriorityDisinherit)
    xTaskRemoveFromEventList                 0x0801c1d1   Thumb Code   112  tasks.o(i.xTaskRemoveFromEventList)
    xTaskRemoveFromUnorderedEventList        0x0801c259   Thumb Code   122  tasks.o(i.xTaskRemoveFromUnorderedEventList)
    xTaskResumeAll                           0x0801c2e9   Thumb Code   206  tasks.o(i.xTaskResumeAll)
    cmd_list                                 0x0801c3d8   Data         496  freertos.o(.constdata)
    AHBPrescTable                            0x0801c62c   Data          16  system_stm32f0xx.o(.constdata)
    APBPrescTable                            0x0801c63c   Data           8  system_stm32f0xx.o(.constdata)
    __ctype_table                            0x0801c644   Data         129  ctype_o.o(.constdata)
    Region$$Table$$Base                      0x0801cab0   Number         0  anon$$obj.o(Region$$Table)
    Region$$Table$$Limit                     0x0801cad0   Number         0  anon$$obj.o(Region$$Table)
    VectorTable                              0x20000000   Data         192  main.o(.ARM.__AT_0x20000000)
    IsTestLcd                                0x20000131   Data           1  lcd.o(.data)
    IsTestRFID                               0x2000014d   Data           1  mfrc522.o(.data)
    IsInitRFID                               0x2000014e   Data           1  mfrc522.o(.data)
    IsLockCard                               0x2000014f   Data           1  mfrc522.o(.data)
    glockSet                                 0x20000150   Data           1  motor.o(.data)
    glockStatus                              0x20000151   Data           1  motor.o(.data)
    gmotorStatus                             0x20000152   Data           1  motor.o(.data)
    gassembleStatus                          0x20000153   Data           1  motor.o(.data)
    beginMotoTime                            0x20000154   Data           4  motor.o(.data)
    ch                                       0x20000158   Data           1  printf.o(.data)
    GSM_ON_FLAG                              0x2000015c   Data           1  sim80x.o(.data)
    Sim80xTaskHandle                         0x20000160   Data           4  sim80x.o(.data)
    Sim80xBuffTaskHandle                     0x20000164   Data           4  sim80x.o(.data)
    IsNeedRepayControl                       0x20000168   Data           1  controlpacket.o(.data)
    identCnt                                 0x2000016a   Data           2  package.o(.data)
    IsNeedRepayReCharge                      0x20000170   Data           1  rechargepacket.o(.data)
    rechargeCredit                           0x20000174   Data           4  rechargepacket.o(.data)
    IsNeedRepaySetup                         0x20000178   Data           1  setuppacket.o(.data)
    IsNeedReportOpenLock                     0x20000179   Data           1  openlockpacket.o(.data)
    IsNeedReply                              0x2000017a   Data           1  replypacket.o(.data)
    Usart3RxTemp                             0x2000017c   Data           1  usartconfig.o(.data)
    rec_count                                0x20000180   Data           4  usartconfig.o(.data)
    CPU_RunTime                              0x20000184   Data           4  main.o(.data)
    collectionSum                            0x20000188   Data           1  main.o(.data)
    ADC_DataAvg                              0x2000018c   Data           4  main.o(.data)
    AvgNumber                                0x20000190   Data           1  main.o(.data)
    IsTestPower                              0x20000191   Data           1  main.o(.data)
    IsTestFlow                               0x20000192   Data           1  main.o(.data)
    IsTestEnd                                0x20000193   Data           1  main.o(.data)
    ADTestVFlow                              0x20000194   Data           4  main.o(.data)
    TmpRealTimeFlow                          0x20000198   Data           4  main.o(.data)
    volt1                                    0x2000019c   Data           4  main.o(.data)
    y1                                       0x200001a0   Data           4  main.o(.data)
    vert2                                    0x200001a4   Data           4  main.o(.data)
    y2                                       0x200001a8   Data           4  main.o(.data)
    defaultTaskHandle                        0x200001ac   Data           4  freertos.o(.data)
    myKeyTaskHandle                          0x200001b0   Data           4  freertos.o(.data)
    myLedTaskHandle                          0x200001b4   Data           4  freertos.o(.data)
    myTaskCmdAnalyzHandle                    0x200001b8   Data           4  freertos.o(.data)
    myTaskSim80xBufHandle                    0x200001bc   Data           4  freertos.o(.data)
    LockPassword                             0x200001c0   Data           4  freertos.o(.data)
    gkeySum                                  0x200001c4   Data           1  freertos.o(.data)
    No_valid_Card                            0x200001c5   Data           1  freertos.o(.data)
    IsNeedRestart                            0x200001c6   Data           1  freertos.o(.data)
    IsNeedTimeRestart                        0x200001c7   Data           1  freertos.o(.data)
    logStart                                 0x200001c8   Data           4  freertos.o(.data)
    logEnd                                   0x200001cc   Data           4  freertos.o(.data)
    IsNeedReportLog                          0x200001d0   Data           1  freertos.o(.data)
    VoltageStart                             0x200001d4   Data           4  freertos.o(.data)
    VoltageEnd                               0x200001d8   Data           4  freertos.o(.data)
    IsNeedReportVoltage                      0x200001dc   Data           1  freertos.o(.data)
    gkeyValue                                0x200001dd   Data           1  freertos.o(.data)
    sStep                                    0x200001de   Data           1  freertos.o(.data)
    LCD_Delay_Time                           0x200001e0   Data           4  freertos.o(.data)
    Lcd_Status                               0x200001e4   Data           1  freertos.o(.data)
    LogTypeDef                               0x200001e5   Data           1  freertos.o(.data)
    LidStatus                                0x200001e6   Data           1  freertos.o(.data)
    NEEDLEStatus                             0x200001e7   Data           1  freertos.o(.data)
    OpenLockTime                             0x200001e8   Data           4  freertos.o(.data)
    connectStep                              0x200001ec   Data           2  freertos.o(.data)
    IsHaveSimError                           0x200001ee   Data           1  freertos.o(.data)
    IsNeedTimeing                            0x200001ef   Data           1  freertos.o(.data)
    IsSendHalfTime                           0x200001f0   Data           1  freertos.o(.data)
    HearRetryNumber                          0x200001f1   Data           1  freertos.o(.data)
    IsNeedWarning                            0x200001f2   Data           1  freertos.o(.data)
    WarnRetryNumber                          0x200001f3   Data           1  freertos.o(.data)
    IsNeedCustomerCreditResponse             0x200001f4   Data           1  freertos.o(.data)
    IsNeedInformationResponse                0x200001f5   Data           1  freertos.o(.data)
    IsNeedSendCook                           0x200001f6   Data           1  freertos.o(.data)
    IsSendedCSRP                             0x200001f7   Data           1  freertos.o(.data)
    IsReceivedCSRPReply                      0x200001f8   Data           1  freertos.o(.data)
    IsNeedIllegal_lid_opening                0x200001f9   Data           1  freertos.o(.data)
    WarnTime                                 0x200001fc   Data           4  freertos.o(.data)
    IsLowPowerWarned                         0x20000200   Data           1  freertos.o(.data)
    TimeForPowerStart                        0x20000204   Data           4  freertos.o(.data)
    TimeForCurrStart                         0x20000208   Data           4  freertos.o(.data)
    loopSumCurr                              0x2000020c   Data           4  freertos.o(.data)
    loopSumPDP                               0x20000210   Data           4  freertos.o(.data)
    Current_card_type                        0x20000214   Data           1  freertos.o(.data)
    commandType                              0x20000215   Data           1  freertos.o(.data)
    IsSaveCONFIG_GPRS                        0x20000216   Data           1  freertos.o(.data)
    IsSaveCONFIG_Meter                       0x20000217   Data           1  freertos.o(.data)
    IsSaveREAL_DATA_PARAM                    0x20000218   Data           1  freertos.o(.data)
    IsSaveREAL_DATA_Credit                   0x20000219   Data           1  freertos.o(.data)
    IsSaveREAL_Current_Log                   0x2000021a   Data           1  freertos.o(.data)
    Current_Voltage                          0x2000021c   Data           4  freertos.o(.data)
    IsSaveREAL_Current_Voltage               0x20000220   Data           1  freertos.o(.data)
    StartCredit                              0x20000224   Data           4  freertos.o(.data)
    IsStartCooking5                          0x20000228   Data           1  freertos.o(.data)
    REAL_DATA_CALIBRATION                    0x2000022c   Data           8  freertos.o(.data)
    IsSaveCALIBRATION                        0x20000234   Data           1  freertos.o(.data)
    IsStartCALIBRATION                       0x20000235   Data           1  freertos.o(.data)
    IsSaveFlowCALIBRATION                    0x20000236   Data           1  freertos.o(.data)
    IsSaveUpdate                             0x20000237   Data           1  freertos.o(.data)
    key1_Status                              0x20000238   Data           5  freertos.o(.data)
    Key2_Status                              0x2000023d   Data           5  freertos.o(.data)
    Key3_Status                              0x20000242   Data           5  freertos.o(.data)
    haveClickButton                          0x20000247   Data           1  freertos.o(.data)
    haveLongButton                           0x20000248   Data           1  freertos.o(.data)
    OpenLid_Status                           0x20000249   Data           5  freertos.o(.data)
    zeroFlowTime                             0x20000250   Data           4  freertos.o(.data)
    StartRunTime                             0x20000254   Data           4  freertos.o(.data)
    IsIntoLowPower                           0x20000258   Data           1  freertos.o(.data)
    vibrationsNumber                         0x2000025c   Data           4  freertos.o(.data)
    SendATQueue                              0x20000264   Data           4  signal.o(.data)
    Semaphore_Uart_Rec                       0x20000268   Data           4  signal.o(.data)
    Semaphore_AT_Response                    0x2000026c   Data           4  signal.o(.data)
    xCreatedEventGroup                       0x20000270   Data           4  signal.o(.data)
    BC66_AT_EventGroup                       0x20000274   Data           4  signal.o(.data)
    Send_AT_cmd                              0x20000278   Data         360  signal.o(.data)
    u8GetNum                                 0x200003e0   Data           4  signal.o(.data)
    u8PostNum                                0x200003e4   Data           5  signal.o(.data)
    u8HTTPNum                                0x200003e9   Data           3  signal.o(.data)
    u8BC66PostNum                            0x200003ec   Data           5  signal.o(.data)
    u8BC66HTTPNum                            0x200003f1   Data           5  signal.o(.data)
    sensor_type                              0x200003fc   Data           1  getanalyse.o(.data)
    xGetCmdEventGroup                        0x20000400   Data           4  getanalyse.o(.data)
    uwTick                                   0x20000404   Data           4  stm32f0xx_hal.o(.data)
    SystemCoreClock                          0x20000408   Data           4  system_stm32f0xx.o(.data)
    pxCurrentTCB                             0x20000428   Data           4  tasks.o(.data)
    __stdout                                 0x2000046c   Data           4  stdout.o(.data)
    __microlib_freelist                      0x20000470   Data           4  mvars.o(.data)
    __microlib_freelist_initialised          0x20000474   Data           4  mvars.o(.data)
    LCDPanelStruct                           0x2000047c   Data          48  lcd.o(.bss)
    Sim80x                                   0x200004dc   Data        3752  sim80x.o(.bss)
    controlPacket                            0x20001384   Data          55  controlpacket.o(.bss)
    CookingSessionReport                     0x200013bb   Data         177  cookingsessionreport.o(.bss)
    CustomerCredit                           0x2000146c   Data          82  customercredit.o(.bss)
    InformationPacket                        0x200014be   Data         118  informationpacket.o(.bss)
    rxbufferGPRS                             0x20001534   Data         200  package.o(.bss)
    RechargePacket                           0x200015fc   Data         101  rechargepacket.o(.bss)
    SetupPacket                              0x20001661   Data          89  setuppacket.o(.bss)
    waringPacket                             0x200016ba   Data          81  waringpacket.o(.bss)
    ReplyPacket                              0x2000170b   Data          47  replypacket.o(.bss)
    Rx_Buffer_W25Q64                         0x2000173a   Data          41  w25q64.o(.bss)
    W25Q64_BUFFER                            0x20001763   Data        4096  w25q64.o(.bss)
    cmd_analyze                              0x20002764   Data         432  usartconfig.o(.bss)
    ADC_Data                                 0x20002914   Data         200  main.o(.bss)
    hadc                                     0x200029dc   Data          76  adc.o(.bss)
    hdma_adc                                 0x20002a28   Data          68  adc.o(.bss)
    CONFIG_GPRS                              0x20002a6c   Data         138  freertos.o(.bss)
    CONFIG_Meter                             0x20002af8   Data         184  freertos.o(.bss)
    REAL_DATA_PARAM                          0x20002bb0   Data         104  freertos.o(.bss)
    REAL_DATA_Credit                         0x20002c18   Data          36  freertos.o(.bss)
    Current_Credit                           0x20002c3c   Data          76  freertos.o(.bss)
    Tmp_Credit                               0x20002c88   Data          76  freertos.o(.bss)
    Current_Log                              0x20002cd4   Data          12  freertos.o(.bss)
    StartCookingSeconds                      0x20002ce0   Data          12  freertos.o(.bss)
    REAL_Flow_CALIBRATION                    0x20002cec   Data          44  freertos.o(.bss)
    update                                   0x20002d18   Data         152  freertos.o(.bss)
    hiwdg                                    0x20002db0   Data          16  iwdg.o(.bss)
    hrtc                                     0x20002dc0   Data          32  rtc.o(.bss)
    hspi2                                    0x20002de0   Data         100  spi.o(.bss)
    htim6                                    0x20002e44   Data          64  tim.o(.bss)
    htim7                                    0x20002e84   Data          64  tim.o(.bss)
    htim14                                   0x20002ec4   Data          64  tim.o(.bss)
    huart2                                   0x20002f04   Data         112  usart.o(.bss)
    huart3                                   0x20002f74   Data         112  usart.o(.bss)
    hdma_usart2_tx                           0x20002fe4   Data          68  usart.o(.bss)
    htim1                                    0x20003028   Data          64  stm32f0xx_hal_timebase_tim.o(.bss)
    __heap_base                              0x20005958   Data           0  startup_stm32f030xc.o(HEAP)
    __heap_limit                             0x20006158   Data           0  startup_stm32f030xc.o(HEAP)
    __initial_sp                             0x20006a58   Data           0  startup_stm32f030xc.o(STACK)



==============================================================================

Memory Map of the image

  Image Entry point : 0x080080b9

  Load Region LR_IROM1 (Base: 0x08008000, Size: 0x00014e4c, Max: 0x00040000, ABSOLUTE, COMPRESSED[0x00014c18])

    Execution Region ER_IROM1 (Exec base: 0x08008000, Load base: 0x08008000, Size: 0x00014ad0, Max: 0x00040000, ABSOLUTE)

    Exec Addr    Load Addr    Size         Type   Attr      Idx    E Section Name        Object

    0x08008000   0x08008000   0x000000b8   Data   RO            3    RESET               startup_stm32f030xc.o
    0x080080b8   0x080080b8   0x00000000   Code   RO         8608  * .ARM.Collect$$$$00000000  mc_p.l(entry.o)
    0x080080b8   0x080080b8   0x00000004   Code   RO         9010    .ARM.Collect$$$$00000001  mc_p.l(entry2.o)
    0x080080bc   0x080080bc   0x00000004   Code   RO         9013    .ARM.Collect$$$$00000004  mc_p.l(entry5.o)
    0x080080c0   0x080080c0   0x00000000   Code   RO         9015    .ARM.Collect$$$$00000008  mc_p.l(entry7b.o)
    0x080080c0   0x080080c0   0x00000000   Code   RO         9017    .ARM.Collect$$$$0000000A  mc_p.l(entry8b.o)
    0x080080c0   0x080080c0   0x00000008   Code   RO         9018    .ARM.Collect$$$$0000000B  mc_p.l(entry9a.o)
    0x080080c8   0x080080c8   0x00000000   Code   RO         9020    .ARM.Collect$$$$0000000D  mc_p.l(entry10a.o)
    0x080080c8   0x080080c8   0x00000000   Code   RO         9022    .ARM.Collect$$$$0000000F  mc_p.l(entry11a.o)
    0x080080c8   0x080080c8   0x00000004   Code   RO         9011    .ARM.Collect$$$$00002712  mc_p.l(entry2.o)
    0x080080cc   0x080080cc   0x00000078   Code   RO         6855    .emb_text           port.o
    0x08008144   0x08008144   0x0000001c   Code   RO            4    .text               startup_stm32f030xc.o
    0x08008160   0x08008160   0x0000002c   Code   RO         8611    .text               mc_p.l(uidiv.o)
    0x0800818c   0x0800818c   0x00000028   Code   RO         8613    .text               mc_p.l(idiv.o)
    0x080081b4   0x080081b4   0x00000022   Code   RO         8615    .text               mc_p.l(llushr.o)
    0x080081d6   0x080081d6   0x00000002   PAD
    0x080081d8   0x080081d8   0x00000008   Code   RO         8617    .text               mc_p.l(ctype_o.o)
    0x080081e0   0x080081e0   0x00000012   Code   RO         8639    .text               mc_p.l(isspace_o.o)
    0x080081f2   0x080081f2   0x0000000c   Code   RO         8645    .text               mc_p.l(toupper.o)
    0x080081fe   0x080081fe   0x00000024   Code   RO         8649    .text               mc_p.l(memcpya.o)
    0x08008222   0x08008222   0x00000024   Code   RO         8651    .text               mc_p.l(memseta.o)
    0x08008246   0x08008246   0x00000018   Code   RO         8653    .text               mc_p.l(strcat.o)
    0x0800825e   0x0800825e   0x00000028   Code   RO         8655    .text               mc_p.l(strstr.o)
    0x08008286   0x08008286   0x0000001a   Code   RO         8657    .text               mc_p.l(strncpy.o)
    0x080082a0   0x080082a0   0x00000014   Code   RO         8659    .text               mc_p.l(strchr.o)
    0x080082b4   0x080082b4   0x0000000e   Code   RO         8661    .text               mc_p.l(strlen.o)
    0x080082c2   0x080082c2   0x0000001c   Code   RO         8663    .text               mc_p.l(strcmp.o)
    0x080082de   0x080082de   0x00000028   Code   RO         8665    .text               mc_p.l(strncat.o)
    0x08008306   0x08008306   0x00000012   Code   RO         8667    .text               mc_p.l(strcpy.o)
    0x08008318   0x08008318   0x0000001e   Code   RO         8669    .text               mc_p.l(strncmp.o)
    0x08008336   0x08008336   0x00000002   PAD
    0x08008338   0x08008338   0x0000003c   Code   RO         8962    .text               mc_p.l(__0sscanf.o)
    0x08008374   0x08008374   0x0000014a   Code   RO         8964    .text               mc_p.l(_scanf_int.o)
    0x080084be   0x080084be   0x000000e8   Code   RO         8966    .text               mc_p.l(_scanf_str.o)
    0x080085a6   0x080085a6   0x00000002   PAD
    0x080085a8   0x080085a8   0x00000374   Code   RO         8968    .text               mc_p.l(scanf_fp.o)
    0x0800891c   0x0800891c   0x0000001a   Code   RO         8972    .text               mc_p.l(atoi.o)
    0x08008936   0x08008936   0x000000b2   Code   RO         8974    .text               mf_p.l(fadd.o)
    0x080089e8   0x080089e8   0x0000007a   Code   RO         8976    .text               mf_p.l(fmul.o)
    0x08008a62   0x08008a62   0x0000007c   Code   RO         8978    .text               mf_p.l(fdiv.o)
    0x08008ade   0x08008ade   0x00000002   PAD
    0x08008ae0   0x08008ae0   0x00000164   Code   RO         8980    .text               mf_p.l(dadd.o)
    0x08008c44   0x08008c44   0x000000d0   Code   RO         8982    .text               mf_p.l(dmul.o)
    0x08008d14   0x08008d14   0x000000f0   Code   RO         8984    .text               mf_p.l(ddiv.o)
    0x08008e04   0x08008e04   0x0000000e   Code   RO         8988    .text               mf_p.l(ffltui.o)
    0x08008e12   0x08008e12   0x00000002   PAD
    0x08008e14   0x08008e14   0x00000028   Code   RO         8990    .text               mf_p.l(dflti.o)
    0x08008e3c   0x08008e3c   0x00000032   Code   RO         8992    .text               mf_p.l(ffixi.o)
    0x08008e6e   0x08008e6e   0x00000028   Code   RO         8998    .text               mf_p.l(f2d.o)
    0x08008e96   0x08008e96   0x00000002   PAD
    0x08008e98   0x08008e98   0x00000028   Code   RO         9000    .text               mf_p.l(cdcmple.o)
    0x08008ec0   0x08008ec0   0x00000028   Code   RO         9002    .text               mf_p.l(cdrcmple.o)
    0x08008ee8   0x08008ee8   0x00000038   Code   RO         9004    .text               mf_p.l(d2f.o)
    0x08008f20   0x08008f20   0x00000014   Code   RO         9006    .text               mf_p.l(cfcmple.o)
    0x08008f34   0x08008f34   0x00000014   Code   RO         9008    .text               mf_p.l(cfrcmple.o)
    0x08008f48   0x08008f48   0x00000060   Code   RO         9025    .text               mc_p.l(uldiv.o)
    0x08008fa8   0x08008fa8   0x0000007a   Code   RO         9027    .text               mc_p.l(llmul.o)
    0x08009022   0x08009022   0x00000020   Code   RO         9029    .text               mc_p.l(llshl.o)
    0x08009042   0x08009042   0x00000026   Code   RO         9031    .text               mc_p.l(llsshr.o)
    0x08009068   0x08009068   0x0000001e   Code   RO         9042    .text               mc_p.l(_chval.o)
    0x08009086   0x08009086   0x00000002   PAD
    0x08009088   0x08009088   0x0000002c   Code   RO         9044    .text               mc_p.l(scanf_char.o)
    0x080090b4   0x080090b4   0x00000044   Code   RO         9046    .text               mc_p.l(_sgetc.o)
    0x080090f8   0x080090f8   0x000000a4   Code   RO         9048    .text               mc_p.l(strtod.o)
    0x0800919c   0x0800919c   0x00000070   Code   RO         9050    .text               mc_p.l(strtol.o)
    0x0800920c   0x0800920c   0x00000000   Code   RO         9052    .text               mc_p.l(iusefp.o)
    0x0800920c   0x0800920c   0x00000082   Code   RO         9053    .text               mf_p.l(fepilogue.o)
    0x0800928e   0x0800928e   0x000000be   Code   RO         9055    .text               mf_p.l(depilogue.o)
    0x0800934c   0x0800934c   0x0000001c   Code   RO         9059    .text               mf_p.l(dfltul.o)
    0x08009368   0x08009368   0x00000040   Code   RO         9061    .text               mf_p.l(dfixul.o)
    0x080093a8   0x080093a8   0x00000024   Code   RO         9063    .text               mc_p.l(init.o)
    0x080093cc   0x080093cc   0x00000338   Code   RO         9067    .text               mc_p.l(_scanf.o)
    0x08009704   0x08009704   0x000000a6   Code   RO         9069    .text               mc_p.l(_strtoul.o)
    0x080097aa   0x080097aa   0x00000056   Code   RO         9082    .text               mc_p.l(__dczerorl2.o)
    0x08009800   0x08009800   0x00000010   Code   RO         2845    i.ADC1_IRQHandler   stm32f0xx_it.o
    0x08009810   0x08009810   0x0000006c   Code   RO         3354    i.ADC_ConversionStop  stm32f0xx_hal_adc.o
    0x0800987c   0x0800987c   0x00000086   Code   RO         3355    i.ADC_DMAConvCplt   stm32f0xx_hal_adc.o
    0x08009902   0x08009902   0x0000001e   Code   RO         3356    i.ADC_DMAError      stm32f0xx_hal_adc.o
    0x08009920   0x08009920   0x0000000e   Code   RO         3357    i.ADC_DMAHalfConvCplt  stm32f0xx_hal_adc.o
    0x0800992e   0x0800992e   0x000000aa   Code   RO         3358    i.ADC_Disable       stm32f0xx_hal_adc.o
    0x080099d8   0x080099d8   0x000000d4   Code   RO         3359    i.ADC_Enable        stm32f0xx_hal_adc.o
    0x08009aac   0x08009aac   0x00000080   Code   RO         3015    i.Analysis_AT_Cmd   signal.o
    0x08009b2c   0x08009b2c   0x000000b4   Code   RO         3016    i.Analysis_CSQ_Cmd  signal.o
    0x08009be0   0x08009be0   0x00000050   Code   RO         3017    i.Analysis_POSTDATA_Cmd  signal.o
    0x08009c30   0x08009c30   0x00000006   Code   RO         3018    i.Analysis_QHTTPCFG_Cmd  signal.o
    0x08009c36   0x08009c36   0x00000006   Code   RO         3019    i.Analysis_QHTTPGET_Cmd  signal.o
    0x08009c3c   0x08009c3c   0x00000054   Code   RO         3020    i.Analysis_QHTTPPOST_Cmd  signal.o
    0x08009c90   0x08009c90   0x00000006   Code   RO         3021    i.Analysis_QHTTPREAD_Cmd  signal.o
    0x08009c96   0x08009c96   0x00000002   PAD
    0x08009c98   0x08009c98   0x00000054   Code   RO         3022    i.Analysis_QHTTPURL_Cmd  signal.o
    0x08009cec   0x08009cec   0x0000006c   Code   RO         3023    i.Analysis_QIACT_Cmd  signal.o
    0x08009d58   0x08009d58   0x00000006   Code   RO         3024    i.Analysis_QIDEACT_Cmd  signal.o
    0x08009d5e   0x08009d5e   0x00000002   PAD
    0x08009d60   0x08009d60   0x0000006c   Code   RO         3025    i.Analysis_QILOCIP_Cmd  signal.o
    0x08009dcc   0x08009dcc   0x00000070   Code   RO         3026    i.Analysis_QIREGAPP_Cmd  signal.o
    0x08009e3c   0x08009e3c   0x00000050   Code   RO         3027    i.Analysis_QSSLCFG_Cmd  signal.o
    0x08009e8c   0x08009e8c   0x00000050   Code   RO         3028    i.Analysis_SEVER_Addr_Cmd  signal.o
    0x08009edc   0x08009edc   0x00000006   Code   RO         3029    i.Analysis_SNI_Cmd  signal.o
    0x08009ee2   0x08009ee2   0x0000000c   Code   RO          465    i.AntennaOn         mfrc522.o
    0x08009eee   0x08009eee   0x00000002   PAD
    0x08009ef0   0x08009ef0   0x0000009c   Code   RO         3030    i.AppObjCreate      signal.o
    0x08009f8c   0x08009f8c   0x00000054   Code   RO         2325    i.AppVectorTblRemap  main.o
    0x08009fe0   0x08009fe0   0x0000007c   Code   RO         3031    i.BC66_Analysis_POSTDATA_Cmd  signal.o
    0x0800a05c   0x0800a05c   0x00000090   Code   RO         3032    i.BC66_Analysis_QHTTPCFG_Cmd  signal.o
    0x0800a0ec   0x0800a0ec   0x00000090   Code   RO         3033    i.BC66_Analysis_QHTTPPOST_Cmd  signal.o
    0x0800a17c   0x0800a17c   0x00000006   Code   RO         3034    i.BC66_Analysis_QHTTPREAD_Cmd  signal.o
    0x0800a182   0x0800a182   0x00000002   PAD
    0x0800a184   0x0800a184   0x000000b4   Code   RO         3035    i.BC66_Analysis_QHTTPURL_Cmd  signal.o
    0x0800a238   0x0800a238   0x00000006   Code   RO         3036    i.BC66_Analysis_QSCLK_Cmd  signal.o
    0x0800a23e   0x0800a23e   0x00000002   PAD
    0x0800a240   0x0800a240   0x00000090   Code   RO         3037    i.BC66_Analysis_QSSLCFG_Cmd  signal.o
    0x0800a2d0   0x0800a2d0   0x00000074   Code   RO         3038    i.BC66_Analysis_SEVER_Addr_Cmd  signal.o
    0x0800a344   0x0800a344   0x000000a0   Code   RO         3039    i.BC66_HTTP_Init    signal.o
    0x0800a3e4   0x0800a3e4   0x00000062   Code   RO          466    i.CalulateCRC       mfrc522.o
    0x0800a446   0x0800a446   0x0000001c   Code   RO          467    i.ClearBitMask      mfrc522.o
    0x0800a462   0x0800a462   0x00000002   PAD
    0x0800a464   0x0800a464   0x000000a8   Code   RO         2085    i.ClearZero         usartconfig.o
    0x0800a50c   0x0800a50c   0x000000b8   Code   RO         3040    i.CmdLength         signal.o
    0x0800a5c4   0x0800a5c4   0x00000010   Code   RO         2846    i.DMA1_Channel1_IRQHandler  stm32f0xx_it.o
    0x0800a5d4   0x0800a5d4   0x00000010   Code   RO         2847    i.DMA1_Channel2_3_IRQHandler  stm32f0xx_it.o
    0x0800a5e4   0x0800a5e4   0x00000020   Code   RO         6275    i.DMA_CalcBaseAndBitshift  stm32f0xx_hal_dma.o
    0x0800a604   0x0800a604   0x0000002a   Code   RO         6276    i.DMA_SetConfig     stm32f0xx_hal_dma.o
    0x0800a62e   0x0800a62e   0x00000002   PAD
    0x0800a630   0x0800a630   0x0000003c   Code   RO         2086    i.DTISETTIME        usartconfig.o
    0x0800a66c   0x0800a66c   0x000000a0   Code   RO         3271    i.DataTimeFormat    encode.o
    0x0800a70c   0x0800a70c   0x000000e4   Code   RO         1504    i.DecodeTask        package.o
    0x0800a7f0   0x0800a7f0   0x00000010   Code   RO         2848    i.EXTI0_1_IRQHandler  stm32f0xx_it.o
    0x0800a800   0x0800a800   0x0000000a   Code   RO         2849    i.EXTI2_3_IRQHandler  stm32f0xx_it.o
    0x0800a80a   0x0800a80a   0x0000000c   Code   RO         2850    i.EXTI4_15_IRQHandler  stm32f0xx_it.o
    0x0800a816   0x0800a816   0x00000002   PAD
    0x0800a818   0x0800a818   0x000001c0   Code   RO         3041    i.EncodePostDataStru  signal.o
    0x0800a9d8   0x0800a9d8   0x00000034   Code   RO         2087    i.ExportLog         usartconfig.o
    0x0800aa0c   0x0800aa0c   0x00000030   Code   RO         2088    i.FindLogIndex      usartconfig.o
    0x0800aa3c   0x0800aa3c   0x0000004c   Code   RO          694    i.GPRS_CGDCONT      gprs.o
    0x0800aa88   0x0800aa88   0x0000008c   Code   RO          697    i.GPRS_DeactivatePDPContext  gprs.o
    0x0800ab14   0x0800ab14   0x00000054   Code   RO          700    i.GPRS_GetLocalIP   gprs.o
    0x0800ab68   0x0800ab68   0x00000044   Code   RO          705    i.GPRS_SetPin       gprs.o
    0x0800abac   0x0800abac   0x00000040   Code   RO          707    i.GPRS_ShowGPRSIPD  gprs.o
    0x0800abec   0x0800abec   0x00000038   Code   RO          708    i.GPRS_StartCGATT   gprs.o
    0x0800ac24   0x0800ac24   0x00000038   Code   RO         2089    i.GasRemain         usartconfig.o
    0x0800ac5c   0x0800ac5c   0x00000010   Code   RO         3322    i.GetCmdEventGroupCreat  getanalyse.o
    0x0800ac6c   0x0800ac6c   0x00000184   Code   RO         3042    i.GetMeterSettings  signal.o
    0x0800adf0   0x0800adf0   0x00000060   Code   RO         2644    i.GetRTC            rtc.o
    0x0800ae50   0x0800ae50   0x00000230   Code   RO         1984    i.GetSoftWareBuildTargetTime  stringutils.o
    0x0800b080   0x0800b080   0x00000058   Code   RO         1985    i.GetSoftWareTime   stringutils.o
    0x0800b0d8   0x0800b0d8   0x000000ec   Code   RO         2645    i.Get_SubSeconds    rtc.o
    0x0800b1c4   0x0800b1c4   0x000000e4   Code   RO         3530    i.HAL_ADCEx_Calibration_Start  stm32f0xx_hal_adc_ex.o
    0x0800b2a8   0x0800b2a8   0x00000188   Code   RO         3361    i.HAL_ADC_ConfigChannel  stm32f0xx_hal_adc.o
    0x0800b430   0x0800b430   0x000005d4   Code   RO         2326    i.HAL_ADC_ConvCpltCallback  main.o
    0x0800ba04   0x0800ba04   0x00000002   Code   RO         3363    i.HAL_ADC_ConvHalfCpltCallback  stm32f0xx_hal_adc.o
    0x0800ba06   0x0800ba06   0x00000002   Code   RO         3365    i.HAL_ADC_ErrorCallback  stm32f0xx_hal_adc.o
    0x0800ba08   0x0800ba08   0x00000116   Code   RO         3369    i.HAL_ADC_IRQHandler  stm32f0xx_hal_adc.o
    0x0800bb1e   0x0800bb1e   0x00000002   PAD
    0x0800bb20   0x0800bb20   0x000001c0   Code   RO         3370    i.HAL_ADC_Init      stm32f0xx_hal_adc.o
    0x0800bce0   0x0800bce0   0x00000002   Code   RO         3371    i.HAL_ADC_LevelOutOfWindowCallback  stm32f0xx_hal_adc.o
    0x0800bce2   0x0800bce2   0x00000002   PAD
    0x0800bce4   0x0800bce4   0x000000c4   Code   RO         2450    i.HAL_ADC_MspInit   adc.o
    0x0800bda8   0x0800bda8   0x000000c0   Code   RO         3377    i.HAL_ADC_Start_DMA  stm32f0xx_hal_adc.o
    0x0800be68   0x0800be68   0x00000088   Code   RO         3380    i.HAL_ADC_Stop_DMA  stm32f0xx_hal_adc.o
    0x0800bef0   0x0800bef0   0x00000038   Code   RO         6277    i.HAL_DMA_Abort     stm32f0xx_hal_dma.o
    0x0800bf28   0x0800bf28   0x00000058   Code   RO         6278    i.HAL_DMA_Abort_IT  stm32f0xx_hal_dma.o
    0x0800bf80   0x0800bf80   0x000000f0   Code   RO         6282    i.HAL_DMA_IRQHandler  stm32f0xx_hal_dma.o
    0x0800c070   0x0800c070   0x00000064   Code   RO         6283    i.HAL_DMA_Init      stm32f0xx_hal_dma.o
    0x0800c0d4   0x0800c0d4   0x0000009a   Code   RO         6287    i.HAL_DMA_Start_IT  stm32f0xx_hal_dma.o
    0x0800c16e   0x0800c16e   0x00000020   Code   RO         5619    i.HAL_Delay         stm32f0xx_hal.o
    0x0800c18e   0x0800c18e   0x00000002   PAD
    0x0800c190   0x0800c190   0x0000010c   Code   RO         6213    i.HAL_GPIO_DeInit   stm32f0xx_hal_gpio.o
    0x0800c29c   0x0800c29c   0x0000002c   Code   RO         2327    i.HAL_GPIO_EXTI_Callback  main.o
    0x0800c2c8   0x0800c2c8   0x00000020   Code   RO         6215    i.HAL_GPIO_EXTI_IRQHandler  stm32f0xx_hal_gpio.o
    0x0800c2e8   0x0800c2e8   0x000001f0   Code   RO         6216    i.HAL_GPIO_Init     stm32f0xx_hal_gpio.o
    0x0800c4d8   0x0800c4d8   0x00000012   Code   RO         6218    i.HAL_GPIO_ReadPin  stm32f0xx_hal_gpio.o
    0x0800c4ea   0x0800c4ea   0x0000000c   Code   RO         6220    i.HAL_GPIO_WritePin  stm32f0xx_hal_gpio.o
    0x0800c4f6   0x0800c4f6   0x00000002   PAD
    0x0800c4f8   0x0800c4f8   0x0000000c   Code   RO         5623    i.HAL_GetTick       stm32f0xx_hal.o
    0x0800c504   0x0800c504   0x0000006c   Code   RO         3550    i.HAL_IWDG_Init     stm32f0xx_hal_iwdg.o
    0x0800c570   0x0800c570   0x00000010   Code   RO         3551    i.HAL_IWDG_Refresh  stm32f0xx_hal_iwdg.o
    0x0800c580   0x0800c580   0x00000010   Code   RO         5627    i.HAL_IncTick       stm32f0xx_hal.o
    0x0800c590   0x0800c590   0x00000020   Code   RO         5628    i.HAL_Init          stm32f0xx_hal.o
    0x0800c5b0   0x0800c5b0   0x00000090   Code   RO         2979    i.HAL_InitTick      stm32f0xx_hal_timebase_tim.o
    0x0800c640   0x0800c640   0x00000060   Code   RO         2959    i.HAL_MspInit       stm32f0xx_hal_msp.o
    0x0800c6a0   0x0800c6a0   0x00000018   Code   RO         6372    i.HAL_NVIC_DisableIRQ  stm32f0xx_hal_cortex.o
    0x0800c6b8   0x0800c6b8   0x00000018   Code   RO         6373    i.HAL_NVIC_EnableIRQ  stm32f0xx_hal_cortex.o
    0x0800c6d0   0x0800c6d0   0x00000012   Code   RO         6377    i.HAL_NVIC_SetPriority  stm32f0xx_hal_cortex.o
    0x0800c6e2   0x0800c6e2   0x00000002   PAD
    0x0800c6e4   0x0800c6e4   0x00000038   Code   RO         6378    i.HAL_NVIC_SystemReset  stm32f0xx_hal_cortex.o
    0x0800c71c   0x0800c71c   0x00000014   Code   RO         6470    i.HAL_PWR_EnableBkUpAccess  stm32f0xx_hal_pwr.o
    0x0800c730   0x0800c730   0x00000048   Code   RO         6476    i.HAL_PWR_EnterSTOPMode  stm32f0xx_hal_pwr.o
    0x0800c778   0x0800c778   0x00000150   Code   RO         5584    i.HAL_RCCEx_PeriphCLKConfig  stm32f0xx_hal_rcc_ex.o
    0x0800c8c8   0x0800c8c8   0x00000194   Code   RO         5491    i.HAL_RCC_ClockConfig  stm32f0xx_hal_rcc.o
    0x0800ca5c   0x0800ca5c   0x00000058   Code   RO         5492    i.HAL_RCC_DeInit    stm32f0xx_hal_rcc.o
    0x0800cab4   0x0800cab4   0x00000038   Code   RO         5495    i.HAL_RCC_GetClockConfig  stm32f0xx_hal_rcc.o
    0x0800caec   0x0800caec   0x0000000c   Code   RO         5496    i.HAL_RCC_GetHCLKFreq  stm32f0xx_hal_rcc.o
    0x0800caf8   0x0800caf8   0x00000024   Code   RO         5498    i.HAL_RCC_GetPCLK1Freq  stm32f0xx_hal_rcc.o
    0x0800cb1c   0x0800cb1c   0x000000c4   Code   RO         5499    i.HAL_RCC_GetSysClockFreq  stm32f0xx_hal_rcc.o
    0x0800cbe0   0x0800cbe0   0x00000550   Code   RO         5502    i.HAL_RCC_OscConfig  stm32f0xx_hal_rcc.o
    0x0800d130   0x0800d130   0x000000fc   Code   RO         2328    i.HAL_RTC_AlarmAEventCallback  main.o
    0x0800d22c   0x0800d22c   0x00000050   Code   RO         3577    i.HAL_RTC_AlarmIRQHandler  stm32f0xx_hal_rtc.o
    0x0800d27c   0x0800d27c   0x00000094   Code   RO         3580    i.HAL_RTC_GetAlarm  stm32f0xx_hal_rtc.o
    0x0800d310   0x0800d310   0x0000005c   Code   RO         3581    i.HAL_RTC_GetDate   stm32f0xx_hal_rtc.o
    0x0800d36c   0x0800d36c   0x0000006c   Code   RO         3583    i.HAL_RTC_GetTime   stm32f0xx_hal_rtc.o
    0x0800d3d8   0x0800d3d8   0x000000e4   Code   RO         3584    i.HAL_RTC_Init      stm32f0xx_hal_rtc.o
    0x0800d4bc   0x0800d4bc   0x00000020   Code   RO         2647    i.HAL_RTC_MspInit   rtc.o
    0x0800d4dc   0x0800d4dc   0x000001b8   Code   RO         3589    i.HAL_RTC_SetAlarm_IT  stm32f0xx_hal_rtc.o
    0x0800d694   0x0800d694   0x0000011c   Code   RO         3590    i.HAL_RTC_SetDate   stm32f0xx_hal_rtc.o
    0x0800d7b0   0x0800d7b0   0x00000144   Code   RO         3591    i.HAL_RTC_SetTime   stm32f0xx_hal_rtc.o
    0x0800d8f4   0x0800d8f4   0x0000003c   Code   RO         3592    i.HAL_RTC_WaitForSynchro  stm32f0xx_hal_rtc.o
    0x0800d930   0x0800d930   0x000000dc   Code   RO         3909    i.HAL_SPI_Init      stm32f0xx_hal_spi.o
    0x0800da0c   0x0800da0c   0x00000030   Code   RO         2713    i.HAL_SPI_MspDeInit  spi.o
    0x0800da3c   0x0800da3c   0x0000005c   Code   RO         2714    i.HAL_SPI_MspInit   spi.o
    0x0800da98   0x0800da98   0x000002ca   Code   RO         3918    i.HAL_SPI_TransmitReceive  stm32f0xx_hal_spi.o
    0x0800dd62   0x0800dd62   0x00000002   PAD
    0x0800dd64   0x0800dd64   0x00000024   Code   RO         6379    i.HAL_SYSTICK_CLKSourceConfig  stm32f0xx_hal_cortex.o
    0x0800dd88   0x0800dd88   0x00000038   Code   RO         6381    i.HAL_SYSTICK_Config  stm32f0xx_hal_cortex.o
    0x0800ddc0   0x0800ddc0   0x00000002   Code   RO         4891    i.HAL_TIMEx_BreakCallback  stm32f0xx_hal_tim_ex.o
    0x0800ddc2   0x0800ddc2   0x00000002   Code   RO         4892    i.HAL_TIMEx_CommutationCallback  stm32f0xx_hal_tim_ex.o
    0x0800ddc4   0x0800ddc4   0x00000038   Code   RO         4243    i.HAL_TIM_Base_Init  stm32f0xx_hal_tim.o
    0x0800ddfc   0x0800ddfc   0x00000080   Code   RO         2752    i.HAL_TIM_Base_MspInit  tim.o
    0x0800de7c   0x0800de7c   0x0000001e   Code   RO         4248    i.HAL_TIM_Base_Start_IT  stm32f0xx_hal_tim.o
    0x0800de9a   0x0800de9a   0x00000002   PAD
    0x0800de9c   0x0800de9c   0x00000040   Code   RO         4251    i.HAL_TIM_Base_Stop_IT  stm32f0xx_hal_tim.o
    0x0800dedc   0x0800dedc   0x00000002   Code   RO         4274    i.HAL_TIM_IC_CaptureCallback  stm32f0xx_hal_tim.o
    0x0800dede   0x0800dede   0x000001c8   Code   RO         4287    i.HAL_TIM_IRQHandler  stm32f0xx_hal_tim.o
    0x0800e0a6   0x0800e0a6   0x00000002   Code   RO         4290    i.HAL_TIM_OC_DelayElapsedCallback  stm32f0xx_hal_tim.o
    0x0800e0a8   0x0800e0a8   0x00000002   Code   RO         4317    i.HAL_TIM_PWM_PulseFinishedCallback  stm32f0xx_hal_tim.o
    0x0800e0aa   0x0800e0aa   0x00000002   PAD
    0x0800e0ac   0x0800e0ac   0x000000bc   Code   RO         2329    i.HAL_TIM_PeriodElapsedCallback  main.o
    0x0800e168   0x0800e168   0x00000002   Code   RO         4328    i.HAL_TIM_TriggerCallback  stm32f0xx_hal_tim.o
    0x0800e16a   0x0800e16a   0x00000002   Code   RO         5146    i.HAL_UART_ErrorCallback  stm32f0xx_hal_uart.o
    0x0800e16c   0x0800e16c   0x00000194   Code   RO         5149    i.HAL_UART_IRQHandler  stm32f0xx_hal_uart.o
    0x0800e300   0x0800e300   0x00000082   Code   RO         5150    i.HAL_UART_Init     stm32f0xx_hal_uart.o
    0x0800e382   0x0800e382   0x00000002   PAD
    0x0800e384   0x0800e384   0x00000118   Code   RO         2802    i.HAL_UART_MspInit  usart.o
    0x0800e49c   0x0800e49c   0x000000ec   Code   RO         5155    i.HAL_UART_Receive_IT  stm32f0xx_hal_uart.o
    0x0800e588   0x0800e588   0x000000cc   Code   RO         2330    i.HAL_UART_RxCpltCallback  main.o
    0x0800e654   0x0800e654   0x000000f0   Code   RO         5158    i.HAL_UART_Transmit  stm32f0xx_hal_uart.o
    0x0800e744   0x0800e744   0x000000bc   Code   RO         5159    i.HAL_UART_Transmit_DMA  stm32f0xx_hal_uart.o
    0x0800e800   0x0800e800   0x00000002   Code   RO         5161    i.HAL_UART_TxCpltCallback  stm32f0xx_hal_uart.o
    0x0800e802   0x0800e802   0x00000002   Code   RO         5162    i.HAL_UART_TxHalfCpltCallback  stm32f0xx_hal_uart.o
    0x0800e804   0x0800e804   0x0000001c   Code   RO         2090    i.HMI_type          usartconfig.o
    0x0800e820   0x0800e820   0x00000018   Code   RO         2851    i.HardFault_Handler  stm32f0xx_it.o
    0x0800e838   0x0800e838   0x0000018c   Code   RO         2507    i.IntoLowPower      freertos.o
    0x0800e9c4   0x0800e9c4   0x00000044   Code   RO          370    i.LCD_Close         lcd.o
    0x0800ea08   0x0800ea08   0x000000c8   Code   RO          371    i.LCD_Init          lcd.o
    0x0800ead0   0x0800ead0   0x000005e0   Code   RO          372    i.LCD_Refresh       lcd.o
    0x0800f0b0   0x0800f0b0   0x00000300   Code   RO         2058    i.LogRead           logutils.o
    0x0800f3b0   0x0800f3b0   0x000000cc   Code   RO         2059    i.LogWrite          logutils.o
    0x0800f47c   0x0800f47c   0x000000a0   Code   RO         3043    i.M26_HTTP_Init     signal.o
    0x0800f51c   0x0800f51c   0x0000004c   Code   RO         1825    i.MB85RS16A_READ    mb85rs16a.o
    0x0800f568   0x0800f568   0x00000064   Code   RO         1826    i.MB85RS16A_WRITE   mb85rs16a.o
    0x0800f5cc   0x0800f5cc   0x00000048   Code   RO          468    i.MFRC522_Anticoll  mfrc522.o
    0x0800f614   0x0800f614   0x00000068   Code   RO          469    i.MFRC522_Auth      mfrc522.o
    0x0800f67c   0x0800f67c   0x0000003c   Code   RO          471    i.MFRC522_Init      mfrc522.o
    0x0800f6b8   0x0800f6b8   0x00000038   Code   RO          472    i.MFRC522_Read      mfrc522.o
    0x0800f6f0   0x0800f6f0   0x00000032   Code   RO          473    i.MFRC522_Request   mfrc522.o
    0x0800f722   0x0800f722   0x0000000c   Code   RO          474    i.MFRC522_Reset     mfrc522.o
    0x0800f72e   0x0800f72e   0x0000005a   Code   RO          475    i.MFRC522_SelectTag  mfrc522.o
    0x0800f788   0x0800f788   0x00000154   Code   RO          476    i.MFRC522_ToCard    mfrc522.o
    0x0800f8dc   0x0800f8dc   0x000000a0   Code   RO         2451    i.MX_ADC_Init       adc.o
    0x0800f97c   0x0800f97c   0x00000034   Code   RO         2487    i.MX_DMA_Init       dma.o
    0x0800f9b0   0x0800f9b0   0x00000cec   Code   RO         2508    i.MX_FREERTOS_Init  freertos.o
    0x0801069c   0x0801069c   0x0000020c   Code   RO         2429    i.MX_GPIO_Init      gpio.o
    0x080108a8   0x080108a8   0x00000044   Code   RO         2618    i.MX_IWDG_Init      iwdg.o
    0x080108ec   0x080108ec   0x000000a4   Code   RO         2331    i.MX_NVIC_Init      main.o
    0x08010990   0x08010990   0x0000013c   Code   RO         2648    i.MX_RTC_Init       rtc.o
    0x08010acc   0x08010acc   0x00000068   Code   RO         2715    i.MX_SPI2_Init      spi.o
    0x08010b34   0x08010b34   0x00000048   Code   RO         2753    i.MX_TIM14_Init     tim.o
    0x08010b7c   0x08010b7c   0x0000004c   Code   RO         2754    i.MX_TIM6_Init      tim.o
    0x08010bc8   0x08010bc8   0x0000004c   Code   RO         2755    i.MX_TIM7_Init      tim.o
    0x08010c14   0x08010c14   0x00000058   Code   RO         2803    i.MX_USART2_UART_Init  usart.o
    0x08010c6c   0x08010c6c   0x00000058   Code   RO         2804    i.MX_USART3_UART_Init  usart.o
    0x08010cc4   0x08010cc4   0x0000002e   Code   RO         2091    i.Mystrcpy          usartconfig.o
    0x08010cf2   0x08010cf2   0x00000002   Code   RO         2852    i.NMI_Handler       stm32f0xx_it.o
    0x08010cf4   0x08010cf4   0x00000078   Code   RO         6383    i.NVIC_SetPriority  stm32f0xx_hal_cortex.o
    0x08010d6c   0x08010d6c   0x00000038   Code   RO         2092    i.NominalCapacity   usartconfig.o
    0x08010da4   0x08010da4   0x0000019c   Code   RO         3048    i.PostMeterWarning  signal.o
    0x08010f40   0x08010f40   0x0000003c   Code   RO         3049    i.Post_Data_Cmd     signal.o
    0x08010f7c   0x08010f7c   0x000002d8   Code   RO         2093    i.RESETALL          usartconfig.o
    0x08011254   0x08011254   0x0000001a   Code   RO         3593    i.RTC_Bcd2ToByte    stm32f0xx_hal_rtc.o
    0x0801126e   0x0801126e   0x0000001a   Code   RO         3594    i.RTC_ByteToBcd2    stm32f0xx_hal_rtc.o
    0x08011288   0x08011288   0x00000042   Code   RO         3595    i.RTC_EnterInitMode  stm32f0xx_hal_rtc.o
    0x080112ca   0x080112ca   0x00000002   PAD
    0x080112cc   0x080112cc   0x00000010   Code   RO         2853    i.RTC_IRQHandler    stm32f0xx_it.o
    0x080112dc   0x080112dc   0x00000058   Code   RO          281    i.ReadDataBit_1621  ht1621b.o
    0x08011334   0x08011334   0x00000034   Code   RO         2094    i.ReadHisVoltage    usartconfig.o
    0x08011368   0x08011368   0x00000304   Code   RO         2095    i.ReadSystemPara    usartconfig.o
    0x0801166c   0x0801166c   0x00000040   Code   RO          478    i.Read_MFRC522      mfrc522.o
    0x080116ac   0x080116ac   0x00000084   Code   RO          282    i.Read_Modify_Write_1621  ht1621b.o
    0x08011730   0x08011730   0x00000078   Code   RO         2649    i.Read_Time         rtc.o
    0x080117a8   0x080117a8   0x000000b8   Code   RO         2096    i.RealTimeFlow      usartconfig.o
    0x08011860   0x08011860   0x0000022c   Code   RO          373    i.RefreshBatVoltage  lcd.o
    0x08011a8c   0x08011a8c   0x00000034   Code   RO          374    i.RefreshCylinder   lcd.o
    0x08011ac0   0x08011ac0   0x00000034   Code   RO          375    i.RefreshMoney      lcd.o
    0x08011af4   0x08011af4   0x00000258   Code   RO          376    i.RefreshSignal     lcd.o
    0x08011d4c   0x08011d4c   0x000000cc   Code   RO          377    i.RefreshValve      lcd.o
    0x08011e18   0x08011e18   0x00000028   Code   RO          378    i.RefreshWarn       lcd.o
    0x08011e40   0x08011e40   0x00000020   Code   RO         2097    i.ResetSystem       usartconfig.o
    0x08011e60   0x08011e60   0x0000006a   Code   RO         3947    i.SPI_EndRxTxTransaction  stm32f0xx_hal_spi.o
    0x08011eca   0x08011eca   0x0000005c   Code   RO         1880    i.SPI_FLASH_BufferRead  w25q64.o
    0x08011f26   0x08011f26   0x00000128   Code   RO         1881    i.SPI_FLASH_BufferWrite  w25q64.o
    0x0801204e   0x0801204e   0x0000006c   Code   RO         1883    i.SPI_FLASH_PageWrite  w25q64.o
    0x080120ba   0x080120ba   0x0000004e   Code   RO         1886    i.SPI_FLASH_SectorErase  w25q64.o
    0x08012108   0x08012108   0x0000002c   Code   RO           13    i.SPI_FLASH_SendByte  bsp_spiflash.o
    0x08012134   0x08012134   0x00000036   Code   RO         1888    i.SPI_FLASH_WaitForWriteEnd  w25q64.o
    0x0801216a   0x0801216a   0x00000022   Code   RO         1889    i.SPI_FLASH_WriteEnable  w25q64.o
    0x0801218c   0x0801218c   0x000000b4   Code   RO         3952    i.SPI_WaitFifoStateUntilTimeout  stm32f0xx_hal_spi.o
    0x08012240   0x08012240   0x000000a8   Code   RO         3953    i.SPI_WaitFlagStateUntilTimeout  stm32f0xx_hal_spi.o
    0x080122e8   0x080122e8   0x00000048   Code   RO         1828    i.SPI_read_MB85RS16A  mb85rs16a.o
    0x08012330   0x08012330   0x00000060   Code   RO         1829    i.SPI_write_MB85RS16A  mb85rs16a.o
    0x08012390   0x08012390   0x00000002   Code   RO         6856    i.SVC_Handler       port.o
    0x08012392   0x08012392   0x00000002   PAD
    0x08012394   0x08012394   0x00000058   Code   RO          283    i.SendBit_1621      ht1621b.o
    0x080123ec   0x080123ec   0x00000030   Code   RO          284    i.SendCmd           ht1621b.o
    0x0801241c   0x0801241c   0x00000054   Code   RO          285    i.SendDataBit_1621  ht1621b.o
    0x08012470   0x08012470   0x00000178   Code   RO         3051    i.SendPostCommand   signal.o
    0x080125e8   0x080125e8   0x00000030   Code   RO         2098    i.SetAPN            usartconfig.o
    0x08012618   0x08012618   0x00000030   Code   RO         2099    i.SetAP_N_secret    usartconfig.o
    0x08012648   0x08012648   0x00000030   Code   RO         2100    i.SetAddr           usartconfig.o
    0x08012678   0x08012678   0x0000001c   Code   RO          479    i.SetBitMask        mfrc522.o
    0x08012694   0x08012694   0x000002d0   Code   RO          379    i.SetDisChar        lcd.o
    0x08012964   0x08012964   0x0000003c   Code   RO         2101    i.SetIP             usartconfig.o
    0x080129a0   0x080129a0   0x00000030   Code   RO         2102    i.SetName_APN       usartconfig.o
    0x080129d0   0x080129d0   0x000002dc   Code   RO          380    i.SetNum            lcd.o
    0x08012cac   0x08012cac   0x0000000c   Code   RO         2103    i.SetParaming       usartconfig.o
    0x08012cb8   0x08012cb8   0x00000030   Code   RO         2104    i.SetPin            usartconfig.o
    0x08012ce8   0x08012ce8   0x000000a4   Code   RO         2650    i.SetRTC            rtc.o
    0x08012d8c   0x08012d8c   0x0000005a   Code   RO          381    i.SetSymbolState    lcd.o
    0x08012de6   0x08012de6   0x00000002   PAD
    0x08012de8   0x08012de8   0x00000080   Code   RO         1673    i.SetToMeter        setuppacket.o
    0x08012e68   0x08012e68   0x000000c4   Code   RO         3052    i.Sever_Address_GET  signal.o
    0x08012f2c   0x08012f2c   0x00000058   Code   RO         2509    i.Sim80xBuffTask    freertos.o
    0x08012f84   0x08012f84   0x00000f44   Code   RO         1007    i.Sim80x_BufferProcess  sim80x.o
    0x08013ec8   0x08013ec8   0x000001ec   Code   RO         1281    i.Sim80x_GPRSClose  sim80xuser.o
    0x080140b4   0x080140b4   0x00000110   Code   RO         1014    i.Sim80x_InitValue  sim80x.o
    0x080141c4   0x080141c4   0x00000104   Code   RO         1017    i.Sim80x_SendAtCommand  sim80x.o
    0x080142c8   0x080142c8   0x00000080   Code   RO         1019    i.Sim80x_SendString  sim80x.o
    0x08014348   0x08014348   0x000001e8   Code   RO         1024    i.Sim80x_SetPower   sim80x.o
    0x08014530   0x08014530   0x00000002   Code   RO         1282    i.Sim80x_UserInit   sim80xuser.o
    0x08014532   0x08014532   0x00000002   PAD
    0x08014534   0x08014534   0x00000110   Code   RO         2510    i.StartCmdAnalyzTask  freertos.o
    0x08014644   0x08014644   0x000029cc   Code   RO         2511    i.StartDefaultTask  freertos.o
    0x08017010   0x08017010   0x00000038   Code   RO         2105    i.StartDuty         usartconfig.o
    0x08017048   0x08017048   0x00000814   Code   RO         2512    i.StartLedTask      freertos.o
    0x0801785c   0x0801785c   0x0000021c   Code   RO         2513    i.StartkeyTask      freertos.o
    0x08017a78   0x08017a78   0x00000052   Code   RO         1505    i.StrToHex          package.o
    0x08017aca   0x08017aca   0x00000002   PAD
    0x08017acc   0x08017acc   0x000000cc   Code   RO         1556    i.SubToMeter        rechargepacket.o
    0x08017b98   0x08017b98   0x00000008   Code   RO         2854    i.SysTick_Handler   stm32f0xx_it.o
    0x08017ba0   0x08017ba0   0x000000cc   Code   RO         2332    i.SystemClock_Config  main.o
    0x08017c6c   0x08017c6c   0x00000074   Code   RO         6767    i.SystemInit        system_stm32f0xx.o
    0x08017ce0   0x08017ce0   0x00000038   Code   RO         2855    i.TIM14_IRQHandler  stm32f0xx_it.o
    0x08017d18   0x08017d18   0x00000010   Code   RO         2856    i.TIM1_BRK_UP_TRG_COM_IRQHandler  stm32f0xx_it.o
    0x08017d28   0x08017d28   0x00000010   Code   RO         2857    i.TIM6_IRQHandler   stm32f0xx_it.o
    0x08017d38   0x08017d38   0x00000010   Code   RO         2858    i.TIM7_IRQHandler   stm32f0xx_it.o
    0x08017d48   0x08017d48   0x000000a0   Code   RO         4329    i.TIM_Base_SetConfig  stm32f0xx_hal_tim.o
    0x08017de8   0x08017de8   0x000000f0   Code   RO         5163    i.UART_AdvFeatureConfig  stm32f0xx_hal_uart.o
    0x08017ed8   0x08017ed8   0x0000001e   Code   RO         5164    i.UART_CheckIdleState  stm32f0xx_hal_uart.o
    0x08017ef6   0x08017ef6   0x00000018   Code   RO         5165    i.UART_DMAAbortOnError  stm32f0xx_hal_uart.o
    0x08017f0e   0x08017f0e   0x00000056   Code   RO         5166    i.UART_DMAError     stm32f0xx_hal_uart.o
    0x08017f64   0x08017f64   0x0000003a   Code   RO         5171    i.UART_DMATransmitCplt  stm32f0xx_hal_uart.o
    0x08017f9e   0x08017f9e   0x0000000e   Code   RO         5173    i.UART_DMATxHalfCplt  stm32f0xx_hal_uart.o
    0x08017fac   0x08017fac   0x00000022   Code   RO         5175    i.UART_EndRxTransfer  stm32f0xx_hal_uart.o
    0x08017fce   0x08017fce   0x00000020   Code   RO         5176    i.UART_EndTransmit_IT  stm32f0xx_hal_uart.o
    0x08017fee   0x08017fee   0x00000014   Code   RO         5177    i.UART_EndTxTransfer  stm32f0xx_hal_uart.o
    0x08018002   0x08018002   0x0000008e   Code   RO         5178    i.UART_Receive_IT   stm32f0xx_hal_uart.o
    0x08018090   0x08018090   0x00000224   Code   RO         5179    i.UART_SetConfig    stm32f0xx_hal_uart.o
    0x080182b4   0x080182b4   0x00000072   Code   RO         5180    i.UART_Transmit_IT  stm32f0xx_hal_uart.o
    0x08018326   0x08018326   0x00000070   Code   RO         5181    i.UART_WaitOnFlagUntilTimeout  stm32f0xx_hal_uart.o
    0x08018396   0x08018396   0x00000002   PAD
    0x08018398   0x08018398   0x00000010   Code   RO         2859    i.USART2_IRQHandler  stm32f0xx_it.o
    0x080183a8   0x080183a8   0x00000010   Code   RO         2860    i.USART3_6_IRQHandler  stm32f0xx_it.o
    0x080183b8   0x080183b8   0x00000030   Code   RO         2106    i.USE_GPRS_APN      usartconfig.o
    0x080183e8   0x080183e8   0x00000030   Code   RO         2107    i.USE_SENSOR        usartconfig.o
    0x08018418   0x08018418   0x00000038   Code   RO         2108    i.UpDuty            usartconfig.o
    0x08018450   0x08018450   0x00000058   Code   RO         2109    i.VeryLowPower      usartconfig.o
    0x080184a8   0x080184a8   0x000000c4   Code   RO         1893    i.W25Q64_Write      w25q64.o
    0x0801856c   0x0801856c   0x00000038   Code   RO         2110    i.WarnBattery       usartconfig.o
    0x080185a4   0x080185a4   0x00000038   Code   RO         2111    i.WarnPerpaid       usartconfig.o
    0x080185dc   0x080185dc   0x00000038   Code   RO         2112    i.WarnVolume        usartconfig.o
    0x08018614   0x08018614   0x0000003c   Code   RO          287    i.Write_1621        ht1621b.o
    0x08018650   0x08018650   0x0000003c   Code   RO          480    i.Write_MFRC522     mfrc522.o
    0x0801868c   0x0801868c   0x00000004   Code   RO         2333    i._Error_Handler    main.o
    0x08018690   0x08018690   0x00000020   Code   RO         8906    i.__0printf         mc_p.l(printfa.o)
    0x080186b0   0x080186b0   0x00000028   Code   RO         8908    i.__0sprintf        mc_p.l(printfa.o)
    0x080186d8   0x080186d8   0x0000002e   Code   RO         9057    i.__ARM_clz         mf_p.l(depilogue.o)
    0x08018706   0x08018706   0x0000001c   Code   RO          452    i.__ARM_common_switch8  lcd.o
    0x08018722   0x08018722   0x00000002   PAD
    0x08018724   0x08018724   0x00000008   Code   RO         9035    i.__aeabi_errno_addr  mc_p.l(errno.o)
    0x0801872c   0x0801872c   0x00000064   Code   RO         8938    i.__free$realloc    mc_p.l(mallocr.o)
    0x08018790   0x08018790   0x00000048   Code   RO         8939    i.__malloc$realloc  mc_p.l(mallocr.o)
    0x080187d8   0x080187d8   0x0000000c   Code   RO         9036    i.__read_errno      mc_p.l(errno.o)
    0x080187e4   0x080187e4   0x0000000e   Code   RO         9076    i.__scatterload_copy  mc_p.l(handlers.o)
    0x080187f2   0x080187f2   0x00000002   Code   RO         9077    i.__scatterload_null  mc_p.l(handlers.o)
    0x080187f4   0x080187f4   0x0000000e   Code   RO         9078    i.__scatterload_zeroinit  mc_p.l(handlers.o)
    0x08018802   0x08018802   0x00000002   PAD
    0x08018804   0x08018804   0x0000000c   Code   RO         9037    i.__set_errno       mc_p.l(errno.o)
    0x08018810   0x08018810   0x00000174   Code   RO         8913    i._fp_digits        mc_p.l(printfa.o)
    0x08018984   0x08018984   0x0000000e   Code   RO         8970    i._is_digit         mc_p.l(scanf_fp.o)
    0x08018992   0x08018992   0x00000002   Code   RO          288    i._nop              ht1621b.o
    0x08018994   0x08018994   0x000006ec   Code   RO         8914    i._printf_core      mc_p.l(printfa.o)
    0x08019080   0x08019080   0x00000020   Code   RO         8915    i._printf_post_padding  mc_p.l(printfa.o)
    0x080190a0   0x080190a0   0x0000002c   Code   RO         8916    i._printf_pre_padding  mc_p.l(printfa.o)
    0x080190cc   0x080190cc   0x0000000a   Code   RO         8918    i._sputc            mc_p.l(printfa.o)
    0x080190d6   0x080190d6   0x00000002   PAD
    0x080190d8   0x080190d8   0x00000c38   Code   RO         1506    i.analyticalPackage  package.o
    0x08019d10   0x08019d10   0x000000d0   Code   RO          616    i.assemble_test     motor.o
    0x08019de0   0x08019de0   0x0000002a   Code   RO         8601    i.atof              m_ps.l(atof.o)
    0x08019e0a   0x08019e0a   0x00000002   PAD
    0x08019e0c   0x08019e0c   0x00000098   Code   RO         2113    i.cmd_arg_analyze   usartconfig.o
    0x08019ea4   0x08019ea4   0x000003e0   Code   RO         3276    i.encodeWarningsPacket  encode.o
    0x0801a284   0x0801a284   0x000000c8   Code   RO         2114    i.fill_rec_buf      usartconfig.o
    0x0801a34c   0x0801a34c   0x00000024   Code   RO          660    i.fputc             printf.o
    0x0801a370   0x0801a370   0x00000090   Code   RO         1988    i.getY10value       stringutils.o
    0x0801a400   0x0801a400   0x000000b6   Code   RO         2115    i.get_true_char_stream  usartconfig.o
    0x0801a4b6   0x0801a4b6   0x00000002   PAD
    0x0801a4b8   0x0801a4b8   0x00000040   Code   RO         2116    i.handle_arg        usartconfig.o
    0x0801a4f8   0x0801a4f8   0x00000050   Code   RO         8940    i.internal_alloc    mc_p.l(mallocr.o)
    0x0801a548   0x0801a548   0x000000bc   Code   RO          344    i.key_driver        key.o
    0x0801a604   0x0801a604   0x00000052   Code   RO          345    i.key_read          key.o
    0x0801a656   0x0801a656   0x00000002   PAD
    0x0801a658   0x0801a658   0x000000d4   Code   RO          617    i.lock_test         motor.o
    0x0801a72c   0x0801a72c   0x000000a4   Code   RO         2334    i.main              main.o
    0x0801a7d0   0x0801a7d0   0x0000000e   Code   RO         7572    i.makeFreeRtosPriority  cmsis_os.o
    0x0801a7de   0x0801a7de   0x00000002   PAD
    0x0801a7e0   0x0801a7e0   0x000000d0   Code   RO          618    i.motor_test        motor.o
    0x0801a8b0   0x0801a8b0   0x0000003e   Code   RO         1990    i.myStrncpy         stringutils.o
    0x0801a8ee   0x0801a8ee   0x0000002e   Code   RO         2335    i.my_NVIC_DeInit    main.o
    0x0801a91c   0x0801a91c   0x000000dc   Code   RO         3054    i.myitoa            signal.o
    0x0801a9f8   0x0801a9f8   0x0000001a   Code   RO         7574    i.osDelay           cmsis_os.o
    0x0801aa12   0x0801aa12   0x0000000a   Code   RO         7577    i.osKernelStart     cmsis_os.o
    0x0801aa1c   0x0801aa1c   0x00000010   Code   RO         7610    i.osSystickHandler  cmsis_os.o
    0x0801aa2c   0x0801aa2c   0x00000030   Code   RO         7611    i.osThreadCreate    cmsis_os.o
    0x0801aa5c   0x0801aa5c   0x00000018   Code   RO         2117    i.printf_hello      usartconfig.o
    0x0801aa74   0x0801aa74   0x0000007c   Code   RO         7217    i.prvAddCurrentTaskToDelayedList  tasks.o
    0x0801aaf0   0x0801aaf0   0x000000ac   Code   RO         7218    i.prvAddNewTaskToReadyList  tasks.o
    0x0801ab9c   0x0801ab9c   0x00000068   Code   RO         7219    i.prvCheckTasksWaitingTermination  tasks.o
    0x0801ac04   0x0801ac04   0x0000002c   Code   RO         7043    i.prvCopyDataFromQueue  queue.o
    0x0801ac30   0x0801ac30   0x00000080   Code   RO         7044    i.prvCopyDataToQueue  queue.o
    0x0801acb0   0x0801acb0   0x00000012   Code   RO         7220    i.prvDeleteTCB      tasks.o
    0x0801acc2   0x0801acc2   0x00000002   PAD
    0x0801acc4   0x0801acc4   0x0000007c   Code   RO         6797    i.prvHeapInit       heap_4.o
    0x0801ad40   0x0801ad40   0x00000018   Code   RO         7221    i.prvIdleTask       tasks.o
    0x0801ad58   0x0801ad58   0x0000002c   Code   RO         7046    i.prvInitialiseNewQueue  queue.o
    0x0801ad84   0x0801ad84   0x000000b2   Code   RO         7222    i.prvInitialiseNewTask  tasks.o
    0x0801ae36   0x0801ae36   0x00000002   PAD
    0x0801ae38   0x0801ae38   0x00000064   Code   RO         7223    i.prvInitialiseTaskLists  tasks.o
    0x0801ae9c   0x0801ae9c   0x00000068   Code   RO         6798    i.prvInsertBlockIntoFreeList  heap_4.o
    0x0801af04   0x0801af04   0x0000001c   Code   RO         7047    i.prvIsQueueEmpty   queue.o
    0x0801af20   0x0801af20   0x0000001e   Code   RO         7048    i.prvIsQueueFull    queue.o
    0x0801af3e   0x0801af3e   0x00000002   PAD
    0x0801af40   0x0801af40   0x00000038   Code   RO         7225    i.prvResetNextTaskUnblockTime  tasks.o
    0x0801af78   0x0801af78   0x00000024   Code   RO         6857    i.prvTaskExitError  port.o
    0x0801af9c   0x0801af9c   0x0000008e   Code   RO         7049    i.prvUnlockQueue    queue.o
    0x0801b02a   0x0801b02a   0x00000002   PAD
    0x0801b02c   0x0801b02c   0x0000011c   Code   RO         6799    i.pvPortMalloc      heap_4.o
    0x0801b148   0x0801b148   0x00000020   Code   RO         7229    i.pvTaskIncrementMutexHeldCount  tasks.o
    0x0801b168   0x0801b168   0x00000020   Code   RO         6858    i.pxPortInitialiseStack  port.o
    0x0801b188   0x0801b188   0x0000001c   Code   RO         2118    i.readVoltage       usartconfig.o
    0x0801b1a4   0x0801b1a4   0x000001a0   Code   RO         1718    i.refreshWaringPacket  waringpacket.o
    0x0801b344   0x0801b344   0x00000020   Code   RO          483    i.spi_transfer      mfrc522.o
    0x0801b364   0x0801b364   0x00000024   Code   RO         1991    i.stringCmp         stringutils.o
    0x0801b388   0x0801b388   0x0000001c   Code   RO         1992    i.stringIsNull      stringutils.o
    0x0801b3a4   0x0801b3a4   0x0000006c   Code   RO         7230    i.ulTaskNotifyTake  tasks.o
    0x0801b410   0x0801b410   0x00000028   Code   RO         7006    i.uxListRemove      list.o
    0x0801b438   0x0801b438   0x0000001a   Code   RO         7007    i.vListInitialise   list.o
    0x0801b452   0x0801b452   0x00000006   Code   RO         7008    i.vListInitialiseItem  list.o
    0x0801b458   0x0801b458   0x00000036   Code   RO         7009    i.vListInsert       list.o
    0x0801b48e   0x0801b48e   0x00000018   Code   RO         7010    i.vListInsertEnd    list.o
    0x0801b4a6   0x0801b4a6   0x00000002   PAD
    0x0801b4a8   0x0801b4a8   0x0000001c   Code   RO         6860    i.vPortEnterCritical  port.o
    0x0801b4c4   0x0801b4c4   0x00000028   Code   RO         6861    i.vPortExitCritical  port.o
    0x0801b4ec   0x0801b4ec   0x00000080   Code   RO         6800    i.vPortFree         heap_4.o
    0x0801b56c   0x0801b56c   0x00000024   Code   RO         6862    i.vPortSetupTimerInterrupt  port.o
    0x0801b590   0x0801b590   0x00000018   Code   RO         6863    i.vPortYield        port.o
    0x0801b5a8   0x0801b5a8   0x00000044   Code   RO         7237    i.vTaskDelay        tasks.o
    0x0801b5ec   0x0801b5ec   0x0000000c   Code   RO         7243    i.vTaskMissedYield  tasks.o
    0x0801b5f8   0x0801b5f8   0x000000b8   Code   RO         7244    i.vTaskNotifyGiveFromISR  tasks.o
    0x0801b6b0   0x0801b6b0   0x0000002c   Code   RO         7245    i.vTaskPlaceOnEventList  tasks.o
    0x0801b6dc   0x0801b6dc   0x0000008c   Code   RO         7247    i.vTaskPriorityInherit  tasks.o
    0x0801b768   0x0801b768   0x00000020   Code   RO         7251    i.vTaskSetTimeOutState  tasks.o
    0x0801b788   0x0801b788   0x00000074   Code   RO         7252    i.vTaskStartScheduler  tasks.o
    0x0801b7fc   0x0801b7fc   0x00000010   Code   RO         7254    i.vTaskSuspendAll   tasks.o
    0x0801b80c   0x0801b80c   0x000000c0   Code   RO         7255    i.vTaskSwitchContext  tasks.o
    0x0801b8cc   0x0801b8cc   0x00000068   Code   RO         2120    i.writeVoltage      usartconfig.o
    0x0801b934   0x0801b934   0x0000003e   Code   RO         6940    i.xEventGroupClearBits  event_groups.o
    0x0801b972   0x0801b972   0x0000001c   Code   RO         6941    i.xEventGroupCreate  event_groups.o
    0x0801b98e   0x0801b98e   0x000000c8   Code   RO         6943    i.xEventGroupSetBits  event_groups.o
    0x0801ba56   0x0801ba56   0x00000002   PAD
    0x0801ba58   0x0801ba58   0x00000038   Code   RO         6864    i.xPortStartScheduler  port.o
    0x0801ba90   0x0801ba90   0x00000024   Code   RO         6865    i.xPortSysTickHandler  port.o
    0x0801bab4   0x0801bab4   0x00000050   Code   RO         7060    i.xQueueGenericCreate  queue.o
    0x0801bb04   0x0801bb04   0x0000018c   Code   RO         7061    i.xQueueGenericReceive  queue.o
    0x0801bc90   0x0801bc90   0x00000082   Code   RO         7062    i.xQueueGenericReset  queue.o
    0x0801bd12   0x0801bd12   0x0000015a   Code   RO         7063    i.xQueueGenericSend  queue.o
    0x0801be6c   0x0801be6c   0x000000aa   Code   RO         7065    i.xQueueGiveFromISR  queue.o
    0x0801bf16   0x0801bf16   0x00000002   PAD
    0x0801bf18   0x0801bf18   0x00000074   Code   RO         7256    i.xTaskCheckForTimeOut  tasks.o
    0x0801bf8c   0x0801bf8c   0x0000005c   Code   RO         7257    i.xTaskCreate       tasks.o
    0x0801bfe8   0x0801bfe8   0x00000024   Code   RO         7261    i.xTaskGetSchedulerState  tasks.o
    0x0801c00c   0x0801c00c   0x0000013c   Code   RO         7264    i.xTaskIncrementTick  tasks.o
    0x0801c148   0x0801c148   0x00000088   Code   RO         7267    i.xTaskPriorityDisinherit  tasks.o
    0x0801c1d0   0x0801c1d0   0x00000088   Code   RO         7268    i.xTaskRemoveFromEventList  tasks.o
    0x0801c258   0x0801c258   0x00000090   Code   RO         7269    i.xTaskRemoveFromUnorderedEventList  tasks.o
    0x0801c2e8   0x0801c2e8   0x000000f0   Code   RO         7270    i.xTaskResumeAll    tasks.o
    0x0801c3d8   0x0801c3d8   0x00000254   Data   RO         2516    .constdata          freertos.o
    0x0801c62c   0x0801c62c   0x00000018   Data   RO         6768    .constdata          system_stm32f0xx.o
    0x0801c644   0x0801c644   0x00000081   Data   RO         8618    .constdata          mc_p.l(ctype_o.o)
    0x0801c6c5   0x0801c6c5   0x00000003   PAD
    0x0801c6c8   0x0801c6c8   0x00000004   Data   RO         8619    .constdata          mc_p.l(ctype_o.o)
    0x0801c6cc   0x0801c6cc   0x000001ec   Data   RO         2517    .conststring        freertos.o
    0x0801c8b8   0x0801c8b8   0x000001f6   Data   RO         3056    .conststring        signal.o
    0x0801caae   0x0801caae   0x00000002   PAD
    0x0801cab0   0x0801cab0   0x00000020   Data   RO         9074    Region$$Table       anon$$obj.o


    Execution Region RW_IRAM1 (Exec base: 0x20000100, Load base: 0x0801cad0, Size: 0x00006958, Max: 0x00008000, ABSOLUTE, COMPRESSED[0x00000148])

    Exec Addr    Load Addr    Size         Type   Attr      Idx    E Section Name        Object

    0x20000100   COMPRESSED   0x0000004d   Data   RW          383    .data               lcd.o
    0x2000014d   COMPRESSED   0x00000003   Data   RW          486    .data               mfrc522.o
    0x20000150   COMPRESSED   0x00000008   Data   RW          619    .data               motor.o
    0x20000158   COMPRESSED   0x00000001   Data   RW          662    .data               printf.o
    0x20000159   COMPRESSED   0x00000003   PAD
    0x2000015c   COMPRESSED   0x0000000c   Data   RW         1040    .data               sim80x.o
    0x20000168   COMPRESSED   0x00000001   Data   RW         1324    .data               controlpacket.o
    0x20000169   COMPRESSED   0x00000001   PAD
    0x2000016a   COMPRESSED   0x00000003   Data   RW         1508    .data               package.o
    0x2000016d   COMPRESSED   0x00000003   PAD
    0x20000170   COMPRESSED   0x00000008   Data   RW         1560    .data               rechargepacket.o
    0x20000178   COMPRESSED   0x00000001   Data   RW         1677    .data               setuppacket.o
    0x20000179   COMPRESSED   0x00000001   Data   RW         1749    .data               openlockpacket.o
    0x2000017a   COMPRESSED   0x00000001   Data   RW         1789    .data               replypacket.o
    0x2000017b   COMPRESSED   0x00000001   PAD
    0x2000017c   COMPRESSED   0x00000008   Data   RW         2122    .data               usartconfig.o
    0x20000184   COMPRESSED   0x00000028   Data   RW         2338    .data               main.o
    0x200001ac   COMPRESSED   0x000000b5   Data   RW         2518    .data               freertos.o
    0x20000261   COMPRESSED   0x00000003   PAD
    0x20000264   COMPRESSED   0x00000197   Data   RW         3057    .data               signal.o
    0x200003fb   COMPRESSED   0x00000001   PAD
    0x200003fc   COMPRESSED   0x00000008   Data   RW         3323    .data               getanalyse.o
    0x20000404   COMPRESSED   0x00000004   Data   RW         5634    .data               stm32f0xx_hal.o
    0x20000408   COMPRESSED   0x00000004   Data   RW         6769    .data               system_stm32f0xx.o
    0x2000040c   COMPRESSED   0x00000018   Data   RW         6805    .data               heap_4.o
    0x20000424   COMPRESSED   0x00000004   Data   RW         6866    .data               port.o
    0x20000428   COMPRESSED   0x00000044   Data   RW         7273    .data               tasks.o
    0x2000046c   COMPRESSED   0x00000004   Data   RW         9024    .data               mc_p.l(stdout.o)
    0x20000470   COMPRESSED   0x00000004   Data   RW         9033    .data               mc_p.l(mvars.o)
    0x20000474   COMPRESSED   0x00000004   Data   RW         9034    .data               mc_p.l(mvars.o)
    0x20000478   COMPRESSED   0x00000004   Data   RW         9038    .data               mc_p.l(errno.o)
    0x2000047c        -       0x00000060   Zero   RW          382    .bss                lcd.o
    0x200004dc        -       0x00000ea8   Zero   RW         1037    .bss                sim80x.o
    0x20001384        -       0x00000037   Zero   RW         1323    .bss                controlpacket.o
    0x200013bb        -       0x000000b1   Zero   RW         1361    .bss                cookingsessionreport.o
    0x2000146c        -       0x00000052   Zero   RW         1390    .bss                customercredit.o
    0x200014be        -       0x00000076   Zero   RW         1468    .bss                informationpacket.o
    0x20001534        -       0x000000c8   Zero   RW         1507    .bss                package.o
    0x200015fc        -       0x00000065   Zero   RW         1559    .bss                rechargepacket.o
    0x20001661        -       0x00000059   Zero   RW         1676    .bss                setuppacket.o
    0x200016ba        -       0x00000051   Zero   RW         1719    .bss                waringpacket.o
    0x2000170b        -       0x0000002f   Zero   RW         1788    .bss                replypacket.o
    0x2000173a        -       0x00001029   Zero   RW         1894    .bss                w25q64.o
    0x20002763   COMPRESSED   0x00000001   PAD
    0x20002764        -       0x000001b0   Zero   RW         2121    .bss                usartconfig.o
    0x20002914        -       0x000000c8   Zero   RW         2337    .bss                main.o
    0x200029dc        -       0x00000090   Zero   RW         2452    .bss                adc.o
    0x20002a6c        -       0x00000344   Zero   RW         2515    .bss                freertos.o
    0x20002db0        -       0x00000010   Zero   RW         2619    .bss                iwdg.o
    0x20002dc0        -       0x00000020   Zero   RW         2652    .bss                rtc.o
    0x20002de0        -       0x00000064   Zero   RW         2716    .bss                spi.o
    0x20002e44        -       0x000000c0   Zero   RW         2756    .bss                tim.o
    0x20002f04        -       0x00000124   Zero   RW         2805    .bss                usart.o
    0x20003028        -       0x00000040   Zero   RW         2982    .bss                stm32f0xx_hal_timebase_tim.o
    0x20003068        -       0x00002800   Zero   RW         6804    .bss                heap_4.o
    0x20005868        -       0x000000f0   Zero   RW         7272    .bss                tasks.o
    0x20005958        -       0x00000800   Zero   RW            2    HEAP                startup_stm32f030xc.o
    0x20006158        -       0x00000900   Zero   RW            1    STACK               startup_stm32f030xc.o



  Load Region LR$$.ARM.__AT_0x20000000 (Base: 0x20000000, Size: 0x00000000, Max: 0x000000c0, ABSOLUTE)

    Execution Region ER$$.ARM.__AT_0x20000000 (Exec base: 0x20000000, Load base: 0x20000000, Size: 0x000000c0, Max: 0x000000c0, ABSOLUTE, UNINIT)

    Exec Addr    Load Addr    Size         Type   Attr      Idx    E Section Name        Object

    0x20000000        -       0x000000c0   Zero   RW         2336    .ARM.__AT_0x20000000  main.o


==============================================================================

Image component sizes


      Code (inc. data)   RO Data    RW Data    ZI Data      Debug   Object Name

       356         58          0          0        144       1632   adc.o
        44          8          0          0          0     347587   bsp_spiflash.o
       114          0          0          0          0       7310   cmsis_os.o
         0          0          0          1         55        863   controlpacket.o
         0          0          0          0        177       1119   cookingsessionreport.o
         0          0          0          0         82        757   customercredit.o
        52          4          0          0          0        674   dma.o
      1152        356          0          0          0       1832   encode.o
       290          0          0          0          0       3616   event_groups.o
     17372       3928       1088        181        836      20232   freertos.o
        16          4          0          8          0       1016   getanalyse.o
       524         42          0          0          0       1079   gpio.o
       488        240          0          0          0       3744   gprs.o
       640         60          0         24      10240       5831   heap_4.o
       502         32          0          0          0       5115   ht1621b.o
         0          0          0          0        118        960   informationpacket.o
        68         30          0          0         16        607   iwdg.o
       270          8          0          0          0       1572   key.o
      4846        232          0         77         96       9572   lcd.o
       150          0          0          0          0       3258   list.o
       972        360          0          0          0       1673   logutils.o
      2846        428          0         40        392      11495   main.o
       344         20          0          0          0       2788   mb85rs16a.o
      1106         20          0          3          0      12286   mfrc522.o
       628         34          0          8          0       4523   motor.o
         0          0          0          1          0        802   openlockpacket.o
      3438        434          0          3        200       5495   package.o
       410         58          0          4          0       7039   port.o
        36         10          0          1          0        733   printf.o
      1538          0          0          0          0      11250   queue.o
       204         30          0          8        101       1537   rechargepacket.o
         0          0          0          1         47        734   replypacket.o
       964         82          0          0         32       3929   rtc.o
       128         22          0          1         89       2024   setuppacket.o
      4698       1506        502        407          0      23567   signal.o
      5056       1510          0         12       3752      20263   sim80x.o
       494        266          0          0          0       1113   sim80xuser.o
       244         52          0          0        100       1957   spi.o
        28          8        184          0       4352        608   startup_stm32f030xc.o
        92         14          0          4          0       2916   stm32f0xx_hal.o
      2120         56          0          0          0       9941   stm32f0xx_hal_adc.o
       228          0          0          0          0       1314   stm32f0xx_hal_adc_ex.o
       334         44          0          0          0      10600   stm32f0xx_hal_cortex.o
       712         10          0          0          0       5006   stm32f0xx_hal_dma.o
       826         52          0          0          0       4104   stm32f0xx_hal_gpio.o
       124         18          0          0          0       1639   stm32f0xx_hal_iwdg.o
        96          6          0          0          0        806   stm32f0xx_hal_msp.o
        92         12          0          0          0       1139   stm32f0xx_hal_pwr.o
      2152        122          0          0          0       5863   stm32f0xx_hal_rcc.o
       336         14          0          0          0       1348   stm32f0xx_hal_rcc_ex.o
      1882         48          0          0          0       9253   stm32f0xx_hal_rtc.o
      1388          0          0          0          0       5133   stm32f0xx_hal_spi.o
       774         30          0          0          0       5766   stm32f0xx_hal_tim.o
         4          0          0          0          0       1454   stm32f0xx_hal_tim_ex.o
       144         22          0          0         64       1424   stm32f0xx_hal_timebase_tim.o
      2658         72          0          0          0      14461   stm32f0xx_hal_uart.o
       272         76          0          0          0       6877   stm32f0xx_it.o
       918        116          0          0          0       4388   stringutils.o
       116         12         24          4          0       1075   system_stm32f0xx.o
      2936        406          0         68        240      22539   tasks.o
       352        108          0          0        192       2354   tim.o
       456         94          0          0        292       2158   usart.o
      3812       1380          0          8        432      22683   usartconfig.o
       858          4          0          0       4137       5144   w25q64.o
       416         56          0          0         81       2529   waringpacket.o

    ----------------------------------------------------------------------
     74184      12614       1832        876      26268     684106   Object Totals
         0          0         32          0          0          0   (incl. Generated)
        68          0          2         12          1          0   (incl. Padding)

    ----------------------------------------------------------------------

      Code (inc. data)   RO Data    RW Data    ZI Data      Debug   Library Member Name

        42          0          0          0          0         76   atof.o
        60         10          0          0          0         84   __0sscanf.o
        86          0          0          0          0          0   __dczerorl2.o
        30          0          0          0          0         60   _chval.o
       824         12          0          0          0         84   _scanf.o
       330          0          0          0          0         84   _scanf_int.o
       232          0          0          0          0         84   _scanf_str.o
        68          0          0          0          0         76   _sgetc.o
       166          0          0          0          0         84   _strtoul.o
        26          0          0          0          0         72   atoi.o
         8          4        133          0          0         60   ctype_o.o
         0          0          0          0          0          0   entry.o
         0          0          0          0          0          0   entry10a.o
         0          0          0          0          0          0   entry11a.o
         8          4          0          0          0          0   entry2.o
         4          0          0          0          0          0   entry5.o
         0          0          0          0          0          0   entry7b.o
         0          0          0          0          0          0   entry8b.o
         8          4          0          0          0          0   entry9a.o
        32         16          0          4          0        180   errno.o
        30          0          0          0          0          0   handlers.o
        40          0          0          0          0         72   idiv.o
        36          8          0          0          0         68   init.o
        18          0          0          0          0         68   isspace_o.o
         0          0          0          0          0          0   iusefp.o
       122          0          0          0          0         84   llmul.o
        32          0          0          0          0         68   llshl.o
        38          0          0          0          0         68   llsshr.o
        34          0          0          0          0         68   llushr.o
       252         30          0          0          0        224   mallocr.o
        36          0          0          0          0         60   memcpya.o
        36          0          0          0          0        100   memseta.o
         0          0          0          8          0          0   mvars.o
      2302        102          0          0          0        556   printfa.o
        44          8          0          0          0         84   scanf_char.o
       898         12          0          0          0        184   scanf_fp.o
         0          0          0          4          0          0   stdout.o
        24          0          0          0          0         60   strcat.o
        20          0          0          0          0         60   strchr.o
        28          0          0          0          0         68   strcmp.o
        18          0          0          0          0         60   strcpy.o
        14          0          0          0          0         60   strlen.o
        40          0          0          0          0         68   strncat.o
        30          0          0          0          0         72   strncmp.o
        26          0          0          0          0         68   strncpy.o
        40          0          0          0          0         72   strstr.o
       164         16          0          0          0        120   strtod.o
       112          4          0          0          0         76   strtol.o
        12          0          0          0          0         60   toupper.o
        44          0          0          0          0         72   uidiv.o
        96          0          0          0          0         84   uldiv.o
        40          2          0          0          0         68   cdcmple.o
        40          2          0          0          0         68   cdrcmple.o
        20          0          0          0          0         68   cfcmple.o
        20          0          0          0          0         68   cfrcmple.o
        56          0          0          0          0         68   d2f.o
       356          4          0          0          0        140   dadd.o
       240          6          0          0          0         84   ddiv.o
       236          0          0          0          0        216   depilogue.o
        64         10          0          0          0         68   dfixul.o
        40          6          0          0          0         68   dflti.o
        28          6          0          0          0         68   dfltul.o
       208          6          0          0          0         88   dmul.o
        40          0          0          0          0         60   f2d.o
       178          0          0          0          0        108   fadd.o
       124          0          0          0          0         72   fdiv.o
       130          0          0          0          0        144   fepilogue.o
        50          0          0          0          0         60   ffixi.o
        14          0          0          0          0         68   ffltui.o
       122          0          0          0          0         72   fmul.o

    ----------------------------------------------------------------------
      8536        272        136         16          0       5304   Library Totals
        20          0          3          0          0          0   (incl. Padding)

    ----------------------------------------------------------------------

      Code (inc. data)   RO Data    RW Data    ZI Data      Debug   Library Name

        42          0          0          0          0         76   m_ps.l
      6468        230        133         16          0       3572   mc_p.l
      2006         42          0          0          0       1656   mf_p.l

    ----------------------------------------------------------------------
      8536        272        136         16          0       5304   Library Totals

    ----------------------------------------------------------------------

==============================================================================


      Code (inc. data)   RO Data    RW Data    ZI Data      Debug   

     82720      12886       1968        892      26268     670454   Grand Totals
     82720      12886       1968        328      26268     670454   ELF Image Totals (compressed)
     82720      12886       1968        328          0          0   ROM Totals

==============================================================================

    Total RO  Size (Code + RO Data)                84688 (  82.70kB)
    Total RW  Size (RW Data + ZI Data)             27160 (  26.52kB)
    Total ROM Size (Code + RO Data + RW Data)      85016 (  83.02kB)

==============================================================================

