Component: ARM Compiler 5.06 update 6 (build 750) Tool: armlink [4d35ed]

==============================================================================

Section Cross References

    startup_stm32f030xc.o(RESET) refers to startup_stm32f030xc.o(STACK) for __initial_sp
    startup_stm32f030xc.o(RESET) refers to startup_stm32f030xc.o(.text) for Reset_Handler
    startup_stm32f030xc.o(RESET) refers to stm32f0xx_it.o(i.NMI_Handler) for NMI_Handler
    startup_stm32f030xc.o(RESET) refers to stm32f0xx_it.o(i.HardFault_Handler) for HardFault_Handler
    startup_stm32f030xc.o(RESET) refers to port.o(i.SVC_Handler) for SVC_Handler
    startup_stm32f030xc.o(RESET) refers to port.o(.emb_text) for PendSV_Handler
    startup_stm32f030xc.o(RESET) refers to stm32f0xx_it.o(i.SysTick_Handler) for SysTick_Handler
    startup_stm32f030xc.o(RESET) refers to stm32f0xx_it.o(i.RTC_IRQHandler) for RTC_IRQHandler
    startup_stm32f030xc.o(RESET) refers to stm32f0xx_it.o(i.EXTI0_1_IRQHandler) for EXTI0_1_IRQHandler
    startup_stm32f030xc.o(RESET) refers to stm32f0xx_it.o(i.EXTI2_3_IRQHandler) for EXTI2_3_IRQHandler
    startup_stm32f030xc.o(RESET) refers to stm32f0xx_it.o(i.EXTI4_15_IRQHandler) for EXTI4_15_IRQHandler
    startup_stm32f030xc.o(RESET) refers to stm32f0xx_it.o(i.DMA1_Channel1_IRQHandler) for DMA1_Channel1_IRQHandler
    startup_stm32f030xc.o(RESET) refers to stm32f0xx_it.o(i.DMA1_Channel2_3_IRQHandler) for DMA1_Channel2_3_IRQHandler
    startup_stm32f030xc.o(RESET) refers to stm32f0xx_it.o(i.ADC1_IRQHandler) for ADC1_IRQHandler
    startup_stm32f030xc.o(RESET) refers to stm32f0xx_it.o(i.TIM1_BRK_UP_TRG_COM_IRQHandler) for TIM1_BRK_UP_TRG_COM_IRQHandler
    startup_stm32f030xc.o(RESET) refers to stm32f0xx_it.o(i.TIM6_IRQHandler) for TIM6_IRQHandler
    startup_stm32f030xc.o(RESET) refers to stm32f0xx_it.o(i.TIM7_IRQHandler) for TIM7_IRQHandler
    startup_stm32f030xc.o(RESET) refers to stm32f0xx_it.o(i.TIM14_IRQHandler) for TIM14_IRQHandler
    startup_stm32f030xc.o(RESET) refers to stm32f0xx_it.o(i.USART2_IRQHandler) for USART2_IRQHandler
    startup_stm32f030xc.o(RESET) refers to stm32f0xx_it.o(i.USART3_6_IRQHandler) for USART3_6_IRQHandler
    startup_stm32f030xc.o(.text) refers to system_stm32f0xx.o(i.SystemInit) for SystemInit
    startup_stm32f030xc.o(.text) refers to entry.o(.ARM.Collect$$$$00000000) for __main
    bsp_spiflash.o(i.SPI_FLASH_ReadByte) refers to stm32f0xx_hal_spi.o(i.HAL_SPI_TransmitReceive) for HAL_SPI_TransmitReceive
    bsp_spiflash.o(i.SPI_FLASH_ReadByte) refers to spi.o(.bss) for hspi2
    bsp_spiflash.o(i.SPI_FLASH_SendByte) refers to stm32f0xx_hal_spi.o(i.HAL_SPI_TransmitReceive) for HAL_SPI_TransmitReceive
    bsp_spiflash.o(i.SPI_FLASH_SendByte) refers to spi.o(.bss) for hspi2
    ht1621b.o(i.Read_Modify_Write_1621) refers to stm32f0xx_hal_gpio.o(i.HAL_GPIO_WritePin) for HAL_GPIO_WritePin
    ht1621b.o(i.Read_Modify_Write_1621) refers to ht1621b.o(i.SendBit_1621) for SendBit_1621
    ht1621b.o(i.Read_Modify_Write_1621) refers to stm32f0xx_hal_gpio.o(i.HAL_GPIO_ReadPin) for HAL_GPIO_ReadPin
    ht1621b.o(i.Read_Modify_Write_1621) refers to ht1621b.o(i.SendDataBit_1621) for SendDataBit_1621
    ht1621b.o(i.SendBit_1621) refers to stm32f0xx_hal_gpio.o(i.HAL_GPIO_WritePin) for HAL_GPIO_WritePin
    ht1621b.o(i.SendCmd) refers to stm32f0xx_hal_gpio.o(i.HAL_GPIO_WritePin) for HAL_GPIO_WritePin
    ht1621b.o(i.SendCmd) refers to ht1621b.o(i.SendBit_1621) for SendBit_1621
    ht1621b.o(i.SendDataBit_1621) refers to stm32f0xx_hal_gpio.o(i.HAL_GPIO_WritePin) for HAL_GPIO_WritePin
    ht1621b.o(i.WriteAll_1621) refers to stm32f0xx_hal_gpio.o(i.HAL_GPIO_WritePin) for HAL_GPIO_WritePin
    ht1621b.o(i.WriteAll_1621) refers to ht1621b.o(i.SendBit_1621) for SendBit_1621
    ht1621b.o(i.WriteAll_1621) refers to ht1621b.o(i.SendDataBit_1621) for SendDataBit_1621
    ht1621b.o(i.Write_1621) refers to stm32f0xx_hal_gpio.o(i.HAL_GPIO_WritePin) for HAL_GPIO_WritePin
    ht1621b.o(i.Write_1621) refers to ht1621b.o(i.SendBit_1621) for SendBit_1621
    ht1621b.o(i.Write_1621) refers to ht1621b.o(i.SendDataBit_1621) for SendDataBit_1621
    key.o(i.key_driver) refers to stm32f0xx_hal_gpio.o(i.HAL_GPIO_ReadPin) for HAL_GPIO_ReadPin
    key.o(i.key_read) refers to key.o(i.key_driver) for key_driver
    lcd.o(i.LCD_Close) refers to memseta.o(.text) for __aeabi_memclr4
    lcd.o(i.LCD_Close) refers to ht1621b.o(i.SendCmd) for SendCmd
    lcd.o(i.LCD_Close) refers to lcd.o(.bss) for .bss
    lcd.o(i.LCD_Init) refers to stm32f0xx_hal_gpio.o(i.HAL_GPIO_Init) for HAL_GPIO_Init
    lcd.o(i.LCD_Init) refers to cmsis_os.o(i.osDelay) for osDelay
    lcd.o(i.LCD_Init) refers to ht1621b.o(i.SendCmd) for SendCmd
    lcd.o(i.LCD_Init) refers to ht1621b.o(i.Write_1621) for Write_1621
    lcd.o(i.LCD_Init) refers to memseta.o(.text) for __aeabi_memclr4
    lcd.o(i.LCD_Init) refers to lcd.o(.data) for .data
    lcd.o(i.LCD_Init) refers to lcd.o(.bss) for .bss
    lcd.o(i.LCD_Refresh) refers to strncpy.o(.text) for strncpy
[...]
    refreshReportStatePacket                 0x0801b1b9   Thumb Code   226  reportstatepacket.o(i.refreshReportStatePacket)
    refreshSetupPacket                       0x0801b2d5   Thumb Code    60  setuppacket.o(i.refreshSetupPacket)
    refreshWaringPacket                      0x0801b321   Thumb Code   322  waringpacket.o(i.refreshWaringPacket)
    spi_transfer                             0x0801b49d   Thumb Code    28  mfrc522.o(i.spi_transfer)
    stringCmp                                0x0801b4bd   Thumb Code    34  stringutils.o(i.stringCmp)
    stringIsNull                             0x0801b4df   Thumb Code    28  stringutils.o(i.stringIsNull)
    strtod                                   0x0801b4fb   Thumb Code    28  strtod.o(i.strtod)
    ulTaskNotifyTake                         0x0801b519   Thumb Code    90  tasks.o(i.ulTaskNotifyTake)
    uxListRemove                             0x0801b659   Thumb Code    36  list.o(i.uxListRemove)
    vListInitialise                          0x0801b67d   Thumb Code    22  list.o(i.vListInitialise)
    vListInitialiseItem                      0x0801b693   Thumb Code     6  list.o(i.vListInitialiseItem)
    vListInsert                              0x0801b699   Thumb Code    48  list.o(i.vListInsert)
    vListInsertEnd                           0x0801b6c9   Thumb Code    24  list.o(i.vListInsertEnd)
    vPortEnterCritical                       0x0801b6e1   Thumb Code    20  port.o(i.vPortEnterCritical)
    vPortExitCritical                        0x0801b6f9   Thumb Code    22  port.o(i.vPortExitCritical)
    vPortFree                                0x0801b715   Thumb Code    62  heap_4.o(i.vPortFree)
    vPortSetupTimerInterrupt                 0x0801b759   Thumb Code    26  port.o(i.vPortSetupTimerInterrupt)
    vPortYield                               0x0801b77d   Thumb Code    18  port.o(i.vPortYield)
    vTaskDelay                               0x0801b795   Thumb Code    44  tasks.o(i.vTaskDelay)
    vTaskMissedYield                         0x0801b7c5   Thumb Code     8  tasks.o(i.vTaskMissedYield)
    vTaskNotifyGiveFromISR                   0x0801b7d1   Thumb Code   130  tasks.o(i.vTaskNotifyGiveFromISR)
    vTaskPlaceOnEventList                    0x0801b85d   Thumb Code    32  tasks.o(i.vTaskPlaceOnEventList)
    vTaskPriorityInherit                     0x0801b881   Thumb Code    92  tasks.o(i.vTaskPriorityInherit)
    vTaskSetTimeOutState                     0x0801b8e5   Thumb Code    20  tasks.o(i.vTaskSetTimeOutState)
    vTaskStartScheduler                      0x0801b8fd   Thumb Code    62  tasks.o(i.vTaskStartScheduler)
    vTaskSuspendAll                          0x0801b951   Thumb Code    10  tasks.o(i.vTaskSuspendAll)
    vTaskSwitchContext                       0x0801b961   Thumb Code   102  tasks.o(i.vTaskSwitchContext)
    writeVoltage                             0x0801b9d5   Thumb Code    66  usartconfig.o(i.writeVoltage)
    xEventGroupClearBits                     0x0801ba39   Thumb Code    40  event_groups.o(i.xEventGroupClearBits)
    xEventGroupCreate                        0x0801ba61   Thumb Code    26  event_groups.o(i.xEventGroupCreate)
    xEventGroupSetBits                       0x0801ba7b   Thumb Code   116  event_groups.o(i.xEventGroupSetBits)
    xPortStartScheduler                      0x0801baf1   Thumb Code    40  port.o(i.xPortStartScheduler)
    xPortSysTickHandler                      0x0801bb21   Thumb Code    32  port.o(i.xPortSysTickHandler)
    xQueueGenericCreate                      0x0801bb45   Thumb Code    68  queue.o(i.xQueueGenericCreate)
    xQueueGenericReceive                     0x0801bb89   Thumb Code   312  queue.o(i.xQueueGenericReceive)
    xQueueGenericReset                       0x0801bcc1   Thumb Code   108  queue.o(i.xQueueGenericReset)
    xQueueGenericSend                        0x0801bd2d   Thumb Code   280  queue.o(i.xQueueGenericSend)
    xQueueGiveFromISR                        0x0801be45   Thumb Code   116  queue.o(i.xQueueGiveFromISR)
    xTaskCheckForTimeOut                     0x0801beb9   Thumb Code    80  tasks.o(i.xTaskCheckForTimeOut)
    xTaskCreate                              0x0801bf0d   Thumb Code    78  tasks.o(i.xTaskCreate)
    xTaskGetSchedulerState                   0x0801bf5d   Thumb Code    26  tasks.o(i.xTaskGetSchedulerState)
    xTaskIncrementTick                       0x0801bf7d   Thumb Code   180  tasks.o(i.xTaskIncrementTick)
    xTaskPriorityDisinherit                  0x0801c039   Thumb Code    96  tasks.o(i.xTaskPriorityDisinherit)
    xTaskRemoveFromEventList                 0x0801c0a1   Thumb Code    90  tasks.o(i.xTaskRemoveFromEventList)
    xTaskRemoveFromUnorderedEventList        0x0801c105   Thumb Code    86  tasks.o(i.xTaskRemoveFromUnorderedEventList)
    xTaskResumeAll                           0x0801c165   Thumb Code   164  tasks.o(i.xTaskResumeAll)
    cmd_list                                 0x0801c210   Data         496  freertos.o(.constdata)
    AHBPrescTable                            0x0801c464   Data          16  system_stm32f0xx.o(.constdata)
    APBPrescTable                            0x0801c474   Data           8  system_stm32f0xx.o(.constdata)
    __ctype_table                            0x0801c47c   Data         129  ctype_o.o(.constdata)
    Region$$Table$$Base                      0x0801c8e8   Number         0  anon$$obj.o(Region$$Table)
    Region$$Table$$Limit                     0x0801c908   Number         0  anon$$obj.o(Region$$Table)
    VectorTable                              0x20000000   Data         192  main.o(.ARM.__AT_0x20000000)
    IsTestLcd                                0x20000100   Data           1  lcd.o(.data)
    IsTestRFID                               0x2000014d   Data           1  mfrc522.o(.data)
    IsInitRFID                               0x2000014e   Data           1  mfrc522.o(.data)
    IsLockCard                               0x2000014f   Data           1  mfrc522.o(.data)
    glockSet                                 0x20000150   Data           1  motor.o(.data)
    glockStatus                              0x20000151   Data           1  motor.o(.data)
    gmotorStatus                             0x20000152   Data           1  motor.o(.data)
    gassembleStatus                          0x20000153   Data           1  motor.o(.data)
    ch                                       0x20000154   Data           1  printf.o(.data)
    GSM_ON_FLAG                              0x20000158   Data           1  sim80x.o(.data)
    Sim80xTaskHandle                         0x2000015c   Data           4  sim80x.o(.data)
    Sim80xBuffTaskHandle                     0x20000160   Data           4  sim80x.o(.data)
    IsNeedRepayControl                       0x20000164   Data           1  controlpacket.o(.data)
    identCnt                                 0x20000166   Data           2  package.o(.data)
    IsNeedRepayReCharge                      0x20000169   Data           1  rechargepacket.o(.data)
    IsNeedRepaySetup                         0x2000016a   Data           1  setuppacket.o(.data)
    IsNeedReportOpenLock                     0x2000016b   Data           1  openlockpacket.o(.data)
    IsNeedReply                              0x2000016c   Data           1  replypacket.o(.data)
    Usart3RxTemp                             0x20000170   Data           1  usartconfig.o(.data)
    rec_count                                0x20000174   Data           4  usartconfig.o(.data)
    CPU_RunTime                              0x20000178   Data           4  main.o(.data)
    collectionSum                            0x2000017c   Data           1  main.o(.data)
    ADC_DataAvg                              0x20000180   Data           4  main.o(.data)
    AvgNumber                                0x20000184   Data           1  main.o(.data)
    IsTestPower                              0x20000185   Data           1  main.o(.data)
    IsTestFlow                               0x20000186   Data           1  main.o(.data)
    IsTestEnd                                0x20000187   Data           1  main.o(.data)
    ADTestVFlow                              0x20000188   Data           4  main.o(.data)
    TmpRealTimeFlow                          0x2000018c   Data           4  main.o(.data)
    volt1                                    0x20000190   Data           4  main.o(.data)
    y1                                       0x20000194   Data           4  main.o(.data)
    vert2                                    0x20000198   Data           4  main.o(.data)
    y2                                       0x2000019c   Data           4  main.o(.data)
    defaultTaskHandle                        0x200001a0   Data           4  freertos.o(.data)
    myKeyTaskHandle                          0x200001a4   Data           4  freertos.o(.data)
    myLedTaskHandle                          0x200001a8   Data           4  freertos.o(.data)
    myTaskCmdAnalyzHandle                    0x200001ac   Data           4  freertos.o(.data)
    myTaskSim80xBufHandle                    0x200001b0   Data           4  freertos.o(.data)
    LockPassword                             0x200001b4   Data           4  freertos.o(.data)
    gkeySum                                  0x200001b8   Data           1  freertos.o(.data)
    No_valid_Card                            0x200001b9   Data           1  freertos.o(.data)
    IsNeedRestart                            0x200001ba   Data           1  freertos.o(.data)
    IsNeedTimeRestart                        0x200001bb   Data           1  freertos.o(.data)
    logStart                                 0x200001bc   Data           4  freertos.o(.data)
    logEnd                                   0x200001c0   Data           4  freertos.o(.data)
    IsNeedReportLog                          0x200001c4   Data           1  freertos.o(.data)
    VoltageStart                             0x200001c8   Data           4  freertos.o(.data)
    VoltageEnd                               0x200001cc   Data           4  freertos.o(.data)
    IsNeedReportVoltage                      0x200001d0   Data           1  freertos.o(.data)
    gkeyValue                                0x200001d1   Data           1  freertos.o(.data)
    sStep                                    0x200001d2   Data           1  freertos.o(.data)
    LCD_Delay_Time                           0x200001d4   Data           4  freertos.o(.data)
    Lcd_Status                               0x200001d8   Data           1  freertos.o(.data)
    LogTypeDef                               0x200001d9   Data           1  freertos.o(.data)
    LidStatus                                0x200001da   Data           1  freertos.o(.data)
    NEEDLEStatus                             0x200001db   Data           1  freertos.o(.data)
    OpenLockTime                             0x200001dc   Data           4  freertos.o(.data)
    connectStep                              0x200001e0   Data           2  freertos.o(.data)
    IsHaveSimError                           0x200001e2   Data           1  freertos.o(.data)
    IsNeedTimeing                            0x200001e3   Data           1  freertos.o(.data)
    IsSendHalfTime                           0x200001e4   Data           1  freertos.o(.data)
    HearRetryNumber                          0x200001e5   Data           1  freertos.o(.data)
    IsNeedWarning                            0x200001e6   Data           1  freertos.o(.data)
    WarnRetryNumber                          0x200001e7   Data           1  freertos.o(.data)
    IsNeedCustomerCreditResponse             0x200001e8   Data           1  freertos.o(.data)
    IsNeedInformationResponse                0x200001e9   Data           1  freertos.o(.data)
    IsNeedSendCook                           0x200001ea   Data           1  freertos.o(.data)
    IsSendedCSRP                             0x200001eb   Data           1  freertos.o(.data)
    IsReceivedCSRPReply                      0x200001ec   Data           1  freertos.o(.data)
    IsNeedIllegal_lid_opening                0x200001ed   Data           1  freertos.o(.data)
    WarnTime                                 0x200001f0   Data           4  freertos.o(.data)
    IsLowPowerWarned                         0x200001f4   Data           1  freertos.o(.data)
    TimeForPowerStart                        0x200001f8   Data           4  freertos.o(.data)
    TimeForCurrStart                         0x200001fc   Data           4  freertos.o(.data)
    loopSumCurr                              0x20000200   Data           4  freertos.o(.data)
    loopSumPDP                               0x20000204   Data           4  freertos.o(.data)
    Current_card_type                        0x20000208   Data           1  freertos.o(.data)
    commandType                              0x20000209   Data           1  freertos.o(.data)
    IsSaveCONFIG_GPRS                        0x2000020a   Data           1  freertos.o(.data)
    IsSaveCONFIG_Meter                       0x2000020b   Data           1  freertos.o(.data)
    IsSaveREAL_DATA_PARAM                    0x2000020c   Data           1  freertos.o(.data)
    IsSaveREAL_DATA_Credit                   0x2000020d   Data           1  freertos.o(.data)
    IsSaveREAL_Current_Log                   0x2000020e   Data           1  freertos.o(.data)
    Current_Voltage                          0x20000210   Data           4  freertos.o(.data)
    IsSaveREAL_Current_Voltage               0x20000214   Data           1  freertos.o(.data)
    StartCredit                              0x20000218   Data           4  freertos.o(.data)
    IsStartCooking5                          0x2000021c   Data           1  freertos.o(.data)
    REAL_DATA_CALIBRATION                    0x20000220   Data           8  freertos.o(.data)
    IsSaveCALIBRATION                        0x20000228   Data           1  freertos.o(.data)
    IsStartCALIBRATION                       0x20000229   Data           1  freertos.o(.data)
    IsSaveFlowCALIBRATION                    0x2000022a   Data           1  freertos.o(.data)
    IsSaveUpdate                             0x2000022b   Data           1  freertos.o(.data)
    key1_Status                              0x2000022c   Data           5  freertos.o(.data)
    Key2_Status                              0x20000231   Data           5  freertos.o(.data)
    Key3_Status                              0x20000236   Data           5  freertos.o(.data)
    haveClickButton                          0x2000023b   Data           1  freertos.o(.data)
    haveLongButton                           0x2000023c   Data           1  freertos.o(.data)
    OpenLid_Status                           0x2000023d   Data           5  freertos.o(.data)
    zeroFlowTime                             0x20000244   Data           4  freertos.o(.data)
    StartRunTime                             0x20000248   Data           4  freertos.o(.data)
    IsIntoLowPower                           0x2000024c   Data           1  freertos.o(.data)
    vibrationsNumber                         0x20000250   Data           4  freertos.o(.data)
    SendATQueue                              0x20000258   Data           4  signal.o(.data)
    Semaphore_Uart_Rec                       0x2000025c   Data           4  signal.o(.data)
    xCreatedEventGroup                       0x20000260   Data           4  signal.o(.data)
    BC66_AT_EventGroup                       0x20000264   Data           4  signal.o(.data)
    Send_AT_cmd                              0x20000268   Data         360  signal.o(.data)
    u8GetNum                                 0x200003d0   Data           4  signal.o(.data)
    u8PostNum                                0x200003d4   Data           5  signal.o(.data)
    u8HTTPNum                                0x200003d9   Data           3  signal.o(.data)
    sensor_type                              0x200003e4   Data           1  getanalyse.o(.data)
    xGetCmdEventGroup                        0x200003e8   Data           4  getanalyse.o(.data)
    uwTick                                   0x200003ec   Data           4  stm32f0xx_hal.o(.data)
    SystemCoreClock                          0x200003f0   Data           4  system_stm32f0xx.o(.data)
    pxCurrentTCB                             0x20000410   Data           4  tasks.o(.data)
    __stdout                                 0x20000468   Data           4  stdout.o(.data)
    __microlib_freelist                      0x2000046c   Data           4  mvars.o(.data)
    __microlib_freelist_initialised          0x20000470   Data           4  mvars.o(.data)
    LCDPanelStruct                           0x20000478   Data          48  lcd.o(.bss)
    Sim80x                                   0x200004d8   Data        3752  sim80x.o(.bss)
    controlPacket                            0x20001380   Data          55  controlpacket.o(.bss)
    CookingSessionReport                     0x200013b7   Data         177  cookingsessionreport.o(.bss)
    CustomerCredit                           0x20001468   Data          82  customercredit.o(.bss)
    InformationPacket                        0x200014ba   Data         118  informationpacket.o(.bss)
    rxbufferGPRS                             0x20001530   Data         200  package.o(.bss)
    RechargePacket                           0x200015f8   Data         101  rechargepacket.o(.bss)
    reportStatePacket                        0x2000165d   Data          72  reportstatepacket.o(.bss)
    SetupPacket                              0x200016a5   Data          89  setuppacket.o(.bss)
    waringPacket                             0x200016fe   Data          81  waringpacket.o(.bss)
    ReplyPacket                              0x2000174f   Data          47  replypacket.o(.bss)
    Rx_Buffer_W25Q64                         0x2000177e   Data          41  w25q64.o(.bss)
    W25Q64_BUFFER                            0x200017a7   Data        4096  w25q64.o(.bss)
    cmd_analyze                              0x200027a8   Data         432  usartconfig.o(.bss)
    ADC_Data                                 0x20002958   Data         200  main.o(.bss)
    hadc                                     0x20002a20   Data          76  adc.o(.bss)
    hdma_adc                                 0x20002a6c   Data          68  adc.o(.bss)
    CONFIG_GPRS                              0x20002ab0   Data         138  freertos.o(.bss)
    CONFIG_Meter                             0x20002b3c   Data         184  freertos.o(.bss)
    REAL_DATA_PARAM                          0x20002bf4   Data         104  freertos.o(.bss)
    REAL_DATA_Credit                         0x20002c5c   Data          36  freertos.o(.bss)
    Current_Credit                           0x20002c80   Data          76  freertos.o(.bss)
    Tmp_Credit                               0x20002ccc   Data          76  freertos.o(.bss)
    Current_Log                              0x20002d18   Data          12  freertos.o(.bss)
    StartCookingSeconds                      0x20002d24   Data          12  freertos.o(.bss)
    REAL_Flow_CALIBRATION                    0x20002d30   Data          44  freertos.o(.bss)
    update                                   0x20002d5c   Data         152  freertos.o(.bss)
    hiwdg                                    0x20002df4   Data          16  iwdg.o(.bss)
    hrtc                                     0x20002e04   Data          32  rtc.o(.bss)
    hspi2                                    0x20002e24   Data         100  spi.o(.bss)
    htim6                                    0x20002e88   Data          64  tim.o(.bss)
    htim7                                    0x20002ec8   Data          64  tim.o(.bss)
    htim14                                   0x20002f08   Data          64  tim.o(.bss)
    huart2                                   0x20002f48   Data         112  usart.o(.bss)
    huart3                                   0x20002fb8   Data         112  usart.o(.bss)
    hdma_usart2_tx                           0x20003028   Data          68  usart.o(.bss)
    htim1                                    0x2000306c   Data          64  stm32f0xx_hal_timebase_tim.o(.bss)
    __heap_base                              0x200059a0   Data           0  startup_stm32f030xc.o(HEAP)
    __heap_limit                             0x200061a0   Data           0  startup_stm32f030xc.o(HEAP)
    __initial_sp                             0x20006aa0   Data           0  startup_stm32f030xc.o(STACK)



==============================================================================

Memory Map of the image

  Image Entry point : 0x080080b9

  Load Region LR_IROM1 (Base: 0x08008000, Size: 0x00014c80, Max: 0x00040000, ABSOLUTE, COMPRESSED[0x00014a54])

    Execution Region ER_IROM1 (Exec base: 0x08008000, Load base: 0x08008000, Size: 0x00014908, Max: 0x00040000, ABSOLUTE)

    Exec Addr    Load Addr    Size         Type   Attr      Idx    E Section Name        Object

    0x08008000   0x08008000   0x000000b8   Data   RO            3    RESET               startup_stm32f030xc.o
    0x080080b8   0x080080b8   0x00000000   Code   RO         8469  * .ARM.Collect$$$$00000000  mc_p.l(entry.o)
    0x080080b8   0x080080b8   0x00000004   Code   RO         8873    .ARM.Collect$$$$00000001  mc_p.l(entry2.o)
    0x080080bc   0x080080bc   0x00000004   Code   RO         8876    .ARM.Collect$$$$00000004  mc_p.l(entry5.o)
    0x080080c0   0x080080c0   0x00000000   Code   RO         8878    .ARM.Collect$$$$00000008  mc_p.l(entry7b.o)
    0x080080c0   0x080080c0   0x00000000   Code   RO         8880    .ARM.Collect$$$$0000000A  mc_p.l(entry8b.o)
    0x080080c0   0x080080c0   0x00000008   Code   RO         8881    .ARM.Collect$$$$0000000B  mc_p.l(entry9a.o)
    0x080080c8   0x080080c8   0x00000000   Code   RO         8883    .ARM.Collect$$$$0000000D  mc_p.l(entry10a.o)
    0x080080c8   0x080080c8   0x00000000   Code   RO         8885    .ARM.Collect$$$$0000000F  mc_p.l(entry11a.o)
    0x080080c8   0x080080c8   0x00000004   Code   RO         8874    .ARM.Collect$$$$00002712  mc_p.l(entry2.o)
    0x080080cc   0x080080cc   0x00000078   Code   RO         6797    .emb_text           port.o
    0x08008144   0x08008144   0x0000001c   Code   RO            4    .text               startup_stm32f030xc.o
    0x08008160   0x08008160   0x0000002c   Code   RO         8472    .text               mc_p.l(uidiv.o)
    0x0800818c   0x0800818c   0x00000028   Code   RO         8474    .text               mc_p.l(idiv.o)
    0x080081b4   0x080081b4   0x00000022   Code   RO         8476    .text               mc_p.l(llushr.o)
    0x080081d6   0x080081d6   0x00000002   PAD
    0x080081d8   0x080081d8   0x00000008   Code   RO         8478    .text               mc_p.l(ctype_o.o)
    0x080081e0   0x080081e0   0x00000012   Code   RO         8500    .text               mc_p.l(isspace_o.o)
    0x080081f2   0x080081f2   0x0000000c   Code   RO         8506    .text               mc_p.l(toupper.o)
    0x080081fe   0x080081fe   0x0000000c   Code   RO         8508    .text               mc_p.l(tolower.o)
    0x0800820a   0x0800820a   0x00000024   Code   RO         8510    .text               mc_p.l(memcpya.o)
    0x0800822e   0x0800822e   0x00000024   Code   RO         8512    .text               mc_p.l(memseta.o)
    0x08008252   0x08008252   0x00000018   Code   RO         8514    .text               mc_p.l(strcat.o)
    0x0800826a   0x0800826a   0x00000028   Code   RO         8516    .text               mc_p.l(strstr.o)
    0x08008292   0x08008292   0x0000001a   Code   RO         8518    .text               mc_p.l(strncpy.o)
    0x080082ac   0x080082ac   0x00000014   Code   RO         8520    .text               mc_p.l(strchr.o)
    0x080082c0   0x080082c0   0x0000000e   Code   RO         8522    .text               mc_p.l(strlen.o)
    0x080082ce   0x080082ce   0x0000001c   Code   RO         8524    .text               mc_p.l(strcmp.o)
    0x080082ea   0x080082ea   0x00000028   Code   RO         8526    .text               mc_p.l(strncat.o)
    0x08008312   0x08008312   0x00000012   Code   RO         8528    .text               mc_p.l(strcpy.o)
    0x08008324   0x08008324   0x0000001e   Code   RO         8530    .text               mc_p.l(strncmp.o)
    0x08008342   0x08008342   0x00000002   PAD
    0x08008344   0x08008344   0x0000003c   Code   RO         8823    .text               mc_p.l(__0sscanf.o)
    0x08008380   0x08008380   0x0000014a   Code   RO         8825    .text               mc_p.l(_scanf_int.o)
    0x080084ca   0x080084ca   0x000000e8   Code   RO         8827    .text               mc_p.l(_scanf_str.o)
    0x080085b2   0x080085b2   0x00000002   PAD
    0x080085b4   0x080085b4   0x00000374   Code   RO         8829    .text               mc_p.l(scanf_fp.o)
    0x08008928   0x08008928   0x0000001a   Code   RO         8833    .text               mc_p.l(atoi.o)
    0x08008942   0x08008942   0x000000b2   Code   RO         8835    .text               mf_p.l(fadd.o)
    0x080089f4   0x080089f4   0x0000007a   Code   RO         8837    .text               mf_p.l(fmul.o)
    0x08008a6e   0x08008a6e   0x0000007c   Code   RO         8839    .text               mf_p.l(fdiv.o)
    0x08008aea   0x08008aea   0x00000002   PAD
    0x08008aec   0x08008aec   0x00000164   Code   RO         8841    .text               mf_p.l(dadd.o)
    0x08008c50   0x08008c50   0x000000d0   Code   RO         8843    .text               mf_p.l(dmul.o)
    0x08008d20   0x08008d20   0x000000f0   Code   RO         8845    .text               mf_p.l(ddiv.o)
    0x08008e10   0x08008e10   0x00000016   Code   RO         8849    .text               mf_p.l(fflti.o)
    0x08008e26   0x08008e26   0x0000000e   Code   RO         8851    .text               mf_p.l(ffltui.o)
    0x08008e34   0x08008e34   0x00000028   Code   RO         8853    .text               mf_p.l(dflti.o)
    0x08008e5c   0x08008e5c   0x00000032   Code   RO         8855    .text               mf_p.l(ffixi.o)
    0x08008e8e   0x08008e8e   0x00000028   Code   RO         8857    .text               mf_p.l(ffixui.o)
    0x08008eb6   0x08008eb6   0x00000002   PAD
    0x08008eb8   0x08008eb8   0x00000048   Code   RO         8859    .text               mf_p.l(dfixi.o)
    0x08008f00   0x08008f00   0x00000028   Code   RO         8861    .text               mf_p.l(f2d.o)
    0x08008f28   0x08008f28   0x00000028   Code   RO         8863    .text               mf_p.l(cdcmple.o)
    0x08008f50   0x08008f50   0x00000028   Code   RO         8865    .text               mf_p.l(cdrcmple.o)
    0x08008f78   0x08008f78   0x00000038   Code   RO         8867    .text               mf_p.l(d2f.o)
    0x08008fb0   0x08008fb0   0x00000014   Code   RO         8869    .text               mf_p.l(cfcmple.o)
    0x08008fc4   0x08008fc4   0x00000014   Code   RO         8871    .text               mf_p.l(cfrcmple.o)
    0x08008fd8   0x08008fd8   0x00000060   Code   RO         8888    .text               mc_p.l(uldiv.o)
    0x08009038   0x08009038   0x0000007a   Code   RO         8890    .text               mc_p.l(llmul.o)
    0x080090b2   0x080090b2   0x00000020   Code   RO         8892    .text               mc_p.l(llshl.o)
    0x080090d2   0x080090d2   0x00000026   Code   RO         8894    .text               mc_p.l(llsshr.o)
    0x080090f8   0x080090f8   0x0000001e   Code   RO         8905    .text               mc_p.l(_chval.o)
    0x08009116   0x08009116   0x00000002   PAD
    0x08009118   0x08009118   0x0000002c   Code   RO         8907    .text               mc_p.l(scanf_char.o)
    0x08009144   0x08009144   0x00000044   Code   RO         8909    .text               mc_p.l(_sgetc.o)
    0x08009188   0x08009188   0x000000a4   Code   RO         8911    .text               mc_p.l(strtod.o)
    0x0800922c   0x0800922c   0x00000070   Code   RO         8913    .text               mc_p.l(strtol.o)
    0x0800929c   0x0800929c   0x00000000   Code   RO         8915    .text               mc_p.l(iusefp.o)
    0x0800929c   0x0800929c   0x00000082   Code   RO         8916    .text               mf_p.l(fepilogue.o)
    0x0800931e   0x0800931e   0x000000be   Code   RO         8918    .text               mf_p.l(depilogue.o)
    0x080093dc   0x080093dc   0x0000001c   Code   RO         8922    .text               mf_p.l(dfltul.o)
    0x080093f8   0x080093f8   0x00000040   Code   RO         8924    .text               mf_p.l(dfixul.o)
    0x08009438   0x08009438   0x00000024   Code   RO         8926    .text               mc_p.l(init.o)
    0x0800945c   0x0800945c   0x00000338   Code   RO         8930    .text               mc_p.l(_scanf.o)
    0x08009794   0x08009794   0x000000a6   Code   RO         8932    .text               mc_p.l(_strtoul.o)
    0x0800983a   0x0800983a   0x00000056   Code   RO         8945    .text               mc_p.l(__dczerorl2.o)
    0x08009890   0x08009890   0x00000010   Code   RO         2832    i.ADC1_IRQHandler   stm32f0xx_it.o
    0x080098a0   0x080098a0   0x00000052   Code   RO         3329    i.ADC_ConversionStop  stm32f0xx_hal_adc.o
    0x080098f2   0x080098f2   0x0000006c   Code   RO         3330    i.ADC_DMAConvCplt   stm32f0xx_hal_adc.o
    0x0800995e   0x0800995e   0x0000001a   Code   RO         3331    i.ADC_DMAError      stm32f0xx_hal_adc.o
    0x08009978   0x08009978   0x0000000a   Code   RO         3332    i.ADC_DMAHalfConvCplt  stm32f0xx_hal_adc.o
    0x08009982   0x08009982   0x00000066   Code   RO         3333    i.ADC_Disable       stm32f0xx_hal_adc.o
    0x080099e8   0x080099e8   0x00000084   Code   RO         3334    i.ADC_Enable        stm32f0xx_hal_adc.o
    0x08009a6c   0x08009a6c   0x00000080   Code   RO         3002    i.Analysis_AT_Cmd   signal.o
    0x08009aec   0x08009aec   0x000000b4   Code   RO         3003    i.Analysis_CSQ_Cmd  signal.o
    0x08009ba0   0x08009ba0   0x00000050   Code   RO         3004    i.Analysis_POSTDATA_Cmd  signal.o
    0x08009bf0   0x08009bf0   0x00000074   Code   RO         3005    i.Analysis_QHTTPCFG_Cmd  signal.o
    0x08009c64   0x08009c64   0x00000050   Code   RO         3006    i.Analysis_QHTTPGET_Cmd  signal.o
    0x08009cb4   0x08009cb4   0x00000054   Code   RO         3007    i.Analysis_QHTTPPOST_Cmd  signal.o
    0x08009d08   0x08009d08   0x00000050   Code   RO         3008    i.Analysis_QHTTPREAD_Cmd  signal.o
    0x08009d58   0x08009d58   0x00000054   Code   RO         3009    i.Analysis_QHTTPURL_Cmd  signal.o
    0x08009dac   0x08009dac   0x0000006c   Code   RO         3010    i.Analysis_QIACT_Cmd  signal.o
    0x08009e18   0x08009e18   0x000000a0   Code   RO         3011    i.Analysis_QIDEACT_Cmd  signal.o
    0x08009eb8   0x08009eb8   0x0000006c   Code   RO         3012    i.Analysis_QILOCIP_Cmd  signal.o
    0x08009f24   0x08009f24   0x00000070   Code   RO         3013    i.Analysis_QIREGAPP_Cmd  signal.o
    0x08009f94   0x08009f94   0x00000050   Code   RO         3014    i.Analysis_QSSLCFG_Cmd  signal.o
    0x08009fe4   0x08009fe4   0x00000050   Code   RO         3015    i.Analysis_SEVER_Addr_Cmd  signal.o
    0x0800a034   0x0800a034   0x00000006   Code   RO         3016    i.Analysis_SNI_Cmd  signal.o
    0x0800a03a   0x0800a03a   0x0000000c   Code   RO          460    i.AntennaOn         mfrc522.o
    0x0800a046   0x0800a046   0x00000002   PAD
    0x0800a048   0x0800a048   0x0000007c   Code   RO         3017    i.AppObjCreate      signal.o
    0x0800a0c4   0x0800a0c4   0x00000054   Code   RO         2312    i.AppVectorTblRemap  main.o
    0x0800a118   0x0800a118   0x00000006   Code   RO         3018    i.BC66_Analysis_POSTDATA_Cmd  signal.o
    0x0800a11e   0x0800a11e   0x00000006   Code   RO         3019    i.BC66_Analysis_QHTTPCFG_Cmd  signal.o
    0x0800a124   0x0800a124   0x00000006   Code   RO         3020    i.BC66_Analysis_QHTTPPOST_Cmd  signal.o
    0x0800a12a   0x0800a12a   0x00000006   Code   RO         3021    i.BC66_Analysis_QHTTPREAD_Cmd  signal.o
    0x0800a130   0x0800a130   0x00000006   Code   RO         3022    i.BC66_Analysis_QHTTPURL_Cmd  signal.o
    0x0800a136   0x0800a136   0x00000006   Code   RO         3023    i.BC66_Analysis_QSCLK_Cmd  signal.o
    0x0800a13c   0x0800a13c   0x00000006   Code   RO         3024    i.BC66_Analysis_QSSLCFG_Cmd  signal.o
    0x0800a142   0x0800a142   0x00000002   PAD
    0x0800a144   0x0800a144   0x00000050   Code   RO         3025    i.BC66_Analysis_SEVER_Addr_Cmd  signal.o
    0x0800a194   0x0800a194   0x0000005a   Code   RO          461    i.CalulateCRC       mfrc522.o
    0x0800a1ee   0x0800a1ee   0x00000016   Code   RO          462    i.ClearBitMask      mfrc522.o
    0x0800a204   0x0800a204   0x00000094   Code   RO         2081    i.ClearZero         usartconfig.o
    0x0800a298   0x0800a298   0x000000bc   Code   RO         3026    i.CmdLength         signal.o
    0x0800a354   0x0800a354   0x00000010   Code   RO         2833    i.DMA1_Channel1_IRQHandler  stm32f0xx_it.o
    0x0800a364   0x0800a364   0x00000010   Code   RO         2834    i.DMA1_Channel2_3_IRQHandler  stm32f0xx_it.o
    0x0800a374   0x0800a374   0x00000024   Code   RO         6237    i.DMA_CalcBaseAndBitshift  stm32f0xx_hal_dma.o
    0x0800a398   0x0800a398   0x00000028   Code   RO         6238    i.DMA_SetConfig     stm32f0xx_hal_dma.o
    0x0800a3c0   0x0800a3c0   0x00000038   Code   RO         2082    i.DTISETTIME        usartconfig.o
    0x0800a3f8   0x0800a3f8   0x000000a0   Code   RO         3246    i.DataTimeFormat    encode.o
    0x0800a498   0x0800a498   0x000000bc   Code   RO         1499    i.DecodeTask        package.o
    0x0800a554   0x0800a554   0x00000010   Code   RO         2835    i.EXTI0_1_IRQHandler  stm32f0xx_it.o
    0x0800a564   0x0800a564   0x0000000a   Code   RO         2836    i.EXTI2_3_IRQHandler  stm32f0xx_it.o
    0x0800a56e   0x0800a56e   0x0000000c   Code   RO         2837    i.EXTI4_15_IRQHandler  stm32f0xx_it.o
    0x0800a57a   0x0800a57a   0x00000002   PAD
    0x0800a57c   0x0800a57c   0x00000030   Code   RO         2083    i.ExportLog         usartconfig.o
    0x0800a5ac   0x0800a5ac   0x0000002c   Code   RO         2084    i.FindLogIndex      usartconfig.o
    0x0800a5d8   0x0800a5d8   0x00000048   Code   RO          689    i.GPRS_CGDCONT      gprs.o
    0x0800a620   0x0800a620   0x0000007c   Code   RO          692    i.GPRS_DeactivatePDPContext  gprs.o
    0x0800a69c   0x0800a69c   0x00000094   Code   RO          693    i.GPRS_GetAPN       gprs.o
    0x0800a730   0x0800a730   0x00000070   Code   RO          695    i.GPRS_GetLocalIP   gprs.o
    0x0800a7a0   0x0800a7a0   0x000000b8   Code   RO          698    i.GPRS_SetAPN       gprs.o
    0x0800a858   0x0800a858   0x00000040   Code   RO          700    i.GPRS_SetPin       gprs.o
    0x0800a898   0x0800a898   0x00000038   Code   RO          701    i.GPRS_SetSni       gprs.o
    0x0800a8d0   0x0800a8d0   0x00000030   Code   RO          703    i.GPRS_StartCGATT   gprs.o
    0x0800a900   0x0800a900   0x0000005c   Code   RO          704    i.GPRS_StartUpGPRS  gprs.o
    0x0800a95c   0x0800a95c   0x00000034   Code   RO         2085    i.GasRemain         usartconfig.o
    0x0800a990   0x0800a990   0x00000388   Code   RO         3296    i.GetAnalyse        getanalyse.o
    0x0800ad18   0x0800ad18   0x00000010   Code   RO         3297    i.GetCmdEventGroupCreat  getanalyse.o
    0x0800ad28   0x0800ad28   0x00000164   Code   RO         3027    i.GetMeterSettings  signal.o
    0x0800ae8c   0x0800ae8c   0x00000060   Code   RO         2631    i.GetRTC            rtc.o
    0x0800aeec   0x0800aeec   0x0000020c   Code   RO         1980    i.GetSoftWareBuildTargetTime  stringutils.o
    0x0800b0f8   0x0800b0f8   0x00000044   Code   RO         1981    i.GetSoftWareTime   stringutils.o
    0x0800b13c   0x0800b13c   0x000000a8   Code   RO         2632    i.Get_SubSeconds    rtc.o
    0x0800b1e4   0x0800b1e4   0x000000b0   Code   RO         3505    i.HAL_ADCEx_Calibration_Start  stm32f0xx_hal_adc_ex.o
    0x0800b294   0x0800b294   0x00000110   Code   RO         3336    i.HAL_ADC_ConfigChannel  stm32f0xx_hal_adc.o
    0x0800b3a4   0x0800b3a4   0x000005d4   Code   RO         2313    i.HAL_ADC_ConvCpltCallback  main.o
    0x0800b978   0x0800b978   0x00000002   Code   RO         3338    i.HAL_ADC_ConvHalfCpltCallback  stm32f0xx_hal_adc.o
    0x0800b97a   0x0800b97a   0x00000002   Code   RO         3340    i.HAL_ADC_ErrorCallback  stm32f0xx_hal_adc.o
    0x0800b97c   0x0800b97c   0x000000d0   Code   RO         3344    i.HAL_ADC_IRQHandler  stm32f0xx_hal_adc.o
    0x0800ba4c   0x0800ba4c   0x00000174   Code   RO         3345    i.HAL_ADC_Init      stm32f0xx_hal_adc.o
    0x0800bbc0   0x0800bbc0   0x00000002   Code   RO         3346    i.HAL_ADC_LevelOutOfWindowCallback  stm32f0xx_hal_adc.o
    0x0800bbc2   0x0800bbc2   0x00000002   PAD
    0x0800bbc4   0x0800bbc4   0x0000009c   Code   RO         2437    i.HAL_ADC_MspInit   adc.o
    0x0800bc60   0x0800bc60   0x000000a0   Code   RO         3352    i.HAL_ADC_Start_DMA  stm32f0xx_hal_adc.o
    0x0800bd00   0x0800bd00   0x00000070   Code   RO         3355    i.HAL_ADC_Stop_DMA  stm32f0xx_hal_adc.o
    0x0800bd70   0x0800bd70   0x0000002c   Code   RO         6239    i.HAL_DMA_Abort     stm32f0xx_hal_dma.o
    0x0800bd9c   0x0800bd9c   0x00000048   Code   RO         6240    i.HAL_DMA_Abort_IT  stm32f0xx_hal_dma.o
    0x0800bde4   0x0800bde4   0x0000009c   Code   RO         6244    i.HAL_DMA_IRQHandler  stm32f0xx_hal_dma.o
    0x0800be80   0x0800be80   0x00000058   Code   RO         6245    i.HAL_DMA_Init      stm32f0xx_hal_dma.o
    0x0800bed8   0x0800bed8   0x0000006a   Code   RO         6249    i.HAL_DMA_Start_IT  stm32f0xx_hal_dma.o
    0x0800bf42   0x0800bf42   0x0000001c   Code   RO         5581    i.HAL_Delay         stm32f0xx_hal.o
    0x0800bf5e   0x0800bf5e   0x00000002   PAD
    0x0800bf60   0x0800bf60   0x000000d4   Code   RO         6175    i.HAL_GPIO_DeInit   stm32f0xx_hal_gpio.o
    0x0800c034   0x0800c034   0x0000002c   Code   RO         2314    i.HAL_GPIO_EXTI_Callback  main.o
    0x0800c060   0x0800c060   0x00000018   Code   RO         6177    i.HAL_GPIO_EXTI_IRQHandler  stm32f0xx_hal_gpio.o
    0x0800c078   0x0800c078   0x00000148   Code   RO         6178    i.HAL_GPIO_Init     stm32f0xx_hal_gpio.o
    0x0800c1c0   0x0800c1c0   0x0000000a   Code   RO         6180    i.HAL_GPIO_ReadPin  stm32f0xx_hal_gpio.o
    0x0800c1ca   0x0800c1ca   0x0000000c   Code   RO         6182    i.HAL_GPIO_WritePin  stm32f0xx_hal_gpio.o
    0x0800c1d6   0x0800c1d6   0x00000002   PAD
    0x0800c1d8   0x0800c1d8   0x0000000c   Code   RO         5585    i.HAL_GetTick       stm32f0xx_hal.o
    0x0800c1e4   0x0800c1e4   0x00000064   Code   RO         3525    i.HAL_IWDG_Init     stm32f0xx_hal_iwdg.o
    0x0800c248   0x0800c248   0x00000010   Code   RO         3526    i.HAL_IWDG_Refresh  stm32f0xx_hal_iwdg.o
    0x0800c258   0x0800c258   0x00000010   Code   RO         5589    i.HAL_IncTick       stm32f0xx_hal.o
    0x0800c268   0x0800c268   0x00000020   Code   RO         5590    i.HAL_Init          stm32f0xx_hal.o
    0x0800c288   0x0800c288   0x00000078   Code   RO         2966    i.HAL_InitTick      stm32f0xx_hal_timebase_tim.o
    0x0800c300   0x0800c300   0x00000044   Code   RO         2946    i.HAL_MspInit       stm32f0xx_hal_msp.o
    0x0800c344   0x0800c344   0x00000014   Code   RO         6334    i.HAL_NVIC_DisableIRQ  stm32f0xx_hal_cortex.o
    0x0800c358   0x0800c358   0x00000014   Code   RO         6335    i.HAL_NVIC_EnableIRQ  stm32f0xx_hal_cortex.o
    0x0800c36c   0x0800c36c   0x00000008   Code   RO         6339    i.HAL_NVIC_SetPriority  stm32f0xx_hal_cortex.o
    0x0800c374   0x0800c374   0x0000001c   Code   RO         6340    i.HAL_NVIC_SystemReset  stm32f0xx_hal_cortex.o
    0x0800c390   0x0800c390   0x00000010   Code   RO         6432    i.HAL_PWR_EnableBkUpAccess  stm32f0xx_hal_pwr.o
    0x0800c3a0   0x0800c3a0   0x00000034   Code   RO         6438    i.HAL_PWR_EnterSTOPMode  stm32f0xx_hal_pwr.o
    0x0800c3d4   0x0800c3d4   0x000000e8   Code   RO         5546    i.HAL_RCCEx_PeriphCLKConfig  stm32f0xx_hal_rcc_ex.o
    0x0800c4bc   0x0800c4bc   0x0000012c   Code   RO         5453    i.HAL_RCC_ClockConfig  stm32f0xx_hal_rcc.o
    0x0800c5e8   0x0800c5e8   0x0000004c   Code   RO         5454    i.HAL_RCC_DeInit    stm32f0xx_hal_rcc.o
    0x0800c634   0x0800c634   0x00000038   Code   RO         5457    i.HAL_RCC_GetClockConfig  stm32f0xx_hal_rcc.o
    0x0800c66c   0x0800c66c   0x0000000c   Code   RO         5458    i.HAL_RCC_GetHCLKFreq  stm32f0xx_hal_rcc.o
    0x0800c678   0x0800c678   0x00000020   Code   RO         5460    i.HAL_RCC_GetPCLK1Freq  stm32f0xx_hal_rcc.o
    0x0800c698   0x0800c698   0x00000070   Code   RO         5461    i.HAL_RCC_GetSysClockFreq  stm32f0xx_hal_rcc.o
    0x0800c708   0x0800c708   0x0000035c   Code   RO         5464    i.HAL_RCC_OscConfig  stm32f0xx_hal_rcc.o
    0x0800ca64   0x0800ca64   0x000000fc   Code   RO         2315    i.HAL_RTC_AlarmAEventCallback  main.o
    0x0800cb60   0x0800cb60   0x00000038   Code   RO         3552    i.HAL_RTC_AlarmIRQHandler  stm32f0xx_hal_rtc.o
    0x0800cb98   0x0800cb98   0x00000070   Code   RO         3555    i.HAL_RTC_GetAlarm  stm32f0xx_hal_rtc.o
    0x0800cc08   0x0800cc08   0x00000044   Code   RO         3556    i.HAL_RTC_GetDate   stm32f0xx_hal_rtc.o
    0x0800cc4c   0x0800cc4c   0x0000005c   Code   RO         3558    i.HAL_RTC_GetTime   stm32f0xx_hal_rtc.o
    0x0800cca8   0x0800cca8   0x000000b4   Code   RO         3559    i.HAL_RTC_Init      stm32f0xx_hal_rtc.o
    0x0800cd5c   0x0800cd5c   0x00000020   Code   RO         2634    i.HAL_RTC_MspInit   rtc.o
    0x0800cd7c   0x0800cd7c   0x0000012c   Code   RO         3564    i.HAL_RTC_SetAlarm_IT  stm32f0xx_hal_rtc.o
    0x0800cea8   0x0800cea8   0x000000c8   Code   RO         3565    i.HAL_RTC_SetDate   stm32f0xx_hal_rtc.o
    0x0800cf70   0x0800cf70   0x000000e4   Code   RO         3566    i.HAL_RTC_SetTime   stm32f0xx_hal_rtc.o
    0x0800d054   0x0800d054   0x00000034   Code   RO         3567    i.HAL_RTC_WaitForSynchro  stm32f0xx_hal_rtc.o
    0x0800d088   0x0800d088   0x000000b8   Code   RO         3883    i.HAL_SPI_Init      stm32f0xx_hal_spi.o
    0x0800d140   0x0800d140   0x00000030   Code   RO         2700    i.HAL_SPI_MspDeInit  spi.o
    0x0800d170   0x0800d170   0x00000048   Code   RO         2701    i.HAL_SPI_MspInit   spi.o
    0x0800d1b8   0x0800d1b8   0x00000248   Code   RO         3892    i.HAL_SPI_TransmitReceive  stm32f0xx_hal_spi.o
    0x0800d400   0x0800d400   0x00000018   Code   RO         6341    i.HAL_SYSTICK_CLKSourceConfig  stm32f0xx_hal_cortex.o
    0x0800d418   0x0800d418   0x00000030   Code   RO         6343    i.HAL_SYSTICK_Config  stm32f0xx_hal_cortex.o
    0x0800d448   0x0800d448   0x00000002   Code   RO         4854    i.HAL_TIMEx_BreakCallback  stm32f0xx_hal_tim_ex.o
    0x0800d44a   0x0800d44a   0x00000002   Code   RO         4855    i.HAL_TIMEx_CommutationCallback  stm32f0xx_hal_tim_ex.o
    0x0800d44c   0x0800d44c   0x00000034   Code   RO         4217    i.HAL_TIM_Base_Init  stm32f0xx_hal_tim.o
    0x0800d480   0x0800d480   0x00000044   Code   RO         2739    i.HAL_TIM_Base_MspInit  tim.o
    0x0800d4c4   0x0800d4c4   0x00000016   Code   RO         4222    i.HAL_TIM_Base_Start_IT  stm32f0xx_hal_tim.o
    0x0800d4da   0x0800d4da   0x00000002   PAD
    0x0800d4dc   0x0800d4dc   0x0000002c   Code   RO         4225    i.HAL_TIM_Base_Stop_IT  stm32f0xx_hal_tim.o
    0x0800d508   0x0800d508   0x00000002   Code   RO         4248    i.HAL_TIM_IC_CaptureCallback  stm32f0xx_hal_tim.o
    0x0800d50a   0x0800d50a   0x00000162   Code   RO         4261    i.HAL_TIM_IRQHandler  stm32f0xx_hal_tim.o
    0x0800d66c   0x0800d66c   0x00000002   Code   RO         4264    i.HAL_TIM_OC_DelayElapsedCallback  stm32f0xx_hal_tim.o
    0x0800d66e   0x0800d66e   0x00000002   Code   RO         4291    i.HAL_TIM_PWM_PulseFinishedCallback  stm32f0xx_hal_tim.o
    0x0800d670   0x0800d670   0x000000bc   Code   RO         2316    i.HAL_TIM_PeriodElapsedCallback  main.o
    0x0800d72c   0x0800d72c   0x00000002   Code   RO         4302    i.HAL_TIM_TriggerCallback  stm32f0xx_hal_tim.o
    0x0800d72e   0x0800d72e   0x00000002   Code   RO         5109    i.HAL_UART_ErrorCallback  stm32f0xx_hal_uart.o
    0x0800d730   0x0800d730   0x00000114   Code   RO         5112    i.HAL_UART_IRQHandler  stm32f0xx_hal_uart.o
    0x0800d844   0x0800d844   0x0000006c   Code   RO         5113    i.HAL_UART_Init     stm32f0xx_hal_uart.o
    0x0800d8b0   0x0800d8b0   0x000000d0   Code   RO         2789    i.HAL_UART_MspInit  usart.o
    0x0800d980   0x0800d980   0x000000a0   Code   RO         5118    i.HAL_UART_Receive_IT  stm32f0xx_hal_uart.o
    0x0800da20   0x0800da20   0x000000cc   Code   RO         2317    i.HAL_UART_RxCpltCallback  main.o
    0x0800daec   0x0800daec   0x000000c8   Code   RO         5121    i.HAL_UART_Transmit  stm32f0xx_hal_uart.o
    0x0800dbb4   0x0800dbb4   0x00000098   Code   RO         5122    i.HAL_UART_Transmit_DMA  stm32f0xx_hal_uart.o
    0x0800dc4c   0x0800dc4c   0x00000002   Code   RO         5124    i.HAL_UART_TxCpltCallback  stm32f0xx_hal_uart.o
    0x0800dc4e   0x0800dc4e   0x00000002   Code   RO         5125    i.HAL_UART_TxHalfCpltCallback  stm32f0xx_hal_uart.o
    0x0800dc50   0x0800dc50   0x00000018   Code   RO         2086    i.HMI_type          usartconfig.o
    0x0800dc68   0x0800dc68   0x00000018   Code   RO         2838    i.HardFault_Handler  stm32f0xx_it.o
    0x0800dc80   0x0800dc80   0x0000018c   Code   RO         2494    i.IntoLowPower      freertos.o
    0x0800de0c   0x0800de0c   0x00000030   Code   RO          365    i.LCD_Close         lcd.o
    0x0800de3c   0x0800de3c   0x000000ac   Code   RO          366    i.LCD_Init          lcd.o
    0x0800dee8   0x0800dee8   0x000003ec   Code   RO          367    i.LCD_Refresh       lcd.o
    0x0800e2d4   0x0800e2d4   0x000002a4   Code   RO         2054    i.LogRead           logutils.o
    0x0800e578   0x0800e578   0x000000c4   Code   RO         2055    i.LogWrite          logutils.o
    0x0800e63c   0x0800e63c   0x000000a0   Code   RO         3028    i.M26_HTTP_Init     signal.o
    0x0800e6dc   0x0800e6dc   0x0000004c   Code   RO         1822    i.MB85RS16A_READ    mb85rs16a.o
    0x0800e728   0x0800e728   0x00000064   Code   RO         1823    i.MB85RS16A_WRITE   mb85rs16a.o
    0x0800e78c   0x0800e78c   0x00000042   Code   RO          463    i.MFRC522_Anticoll  mfrc522.o
    0x0800e7ce   0x0800e7ce   0x00000050   Code   RO          464    i.MFRC522_Auth      mfrc522.o
    0x0800e81e   0x0800e81e   0x0000003c   Code   RO          466    i.MFRC522_Init      mfrc522.o
    0x0800e85a   0x0800e85a   0x00000032   Code   RO          467    i.MFRC522_Read      mfrc522.o
    0x0800e88c   0x0800e88c   0x0000002e   Code   RO          468    i.MFRC522_Request   mfrc522.o
    0x0800e8ba   0x0800e8ba   0x0000000c   Code   RO          469    i.MFRC522_Reset     mfrc522.o
    0x0800e8c6   0x0800e8c6   0x00000050   Code   RO          470    i.MFRC522_SelectTag  mfrc522.o
    0x0800e916   0x0800e916   0x00000002   PAD
    0x0800e918   0x0800e918   0x00000138   Code   RO          471    i.MFRC522_ToCard    mfrc522.o
    0x0800ea50   0x0800ea50   0x00000090   Code   RO         2438    i.MX_ADC_Init       adc.o
    0x0800eae0   0x0800eae0   0x00000028   Code   RO         2474    i.MX_DMA_Init       dma.o
    0x0800eb08   0x0800eb08   0x00000cec   Code   RO         2495    i.MX_FREERTOS_Init  freertos.o
    0x0800f7f4   0x0800f7f4   0x00000198   Code   RO         2416    i.MX_GPIO_Init      gpio.o
    0x0800f98c   0x0800f98c   0x00000040   Code   RO         2605    i.MX_IWDG_Init      iwdg.o
    0x0800f9cc   0x0800f9cc   0x000000a4   Code   RO         2318    i.MX_NVIC_Init      main.o
    0x0800fa70   0x0800fa70   0x0000010c   Code   RO         2635    i.MX_RTC_Init       rtc.o
    0x0800fb7c   0x0800fb7c   0x00000060   Code   RO         2702    i.MX_SPI2_Init      spi.o
    0x0800fbdc   0x0800fbdc   0x00000048   Code   RO         2740    i.MX_TIM14_Init     tim.o
    0x0800fc24   0x0800fc24   0x0000004c   Code   RO         2741    i.MX_TIM6_Init      tim.o
    0x0800fc70   0x0800fc70   0x0000004c   Code   RO         2742    i.MX_TIM7_Init      tim.o
    0x0800fcbc   0x0800fcbc   0x0000004c   Code   RO         2790    i.MX_USART2_UART_Init  usart.o
    0x0800fd08   0x0800fd08   0x0000004c   Code   RO         2791    i.MX_USART3_UART_Init  usart.o
    0x0800fd54   0x0800fd54   0x0000002a   Code   RO         2087    i.Mystrcpy          usartconfig.o
    0x0800fd7e   0x0800fd7e   0x00000002   Code   RO         2839    i.NMI_Handler       stm32f0xx_it.o
    0x0800fd80   0x0800fd80   0x00000044   Code   RO         6345    i.NVIC_SetPriority  stm32f0xx_hal_cortex.o
    0x0800fdc4   0x0800fdc4   0x00000034   Code   RO         2088    i.NominalCapacity   usartconfig.o
    0x0800fdf8   0x0800fdf8   0x0000028c   Code   RO         3029    i.PostCookingSecsion  signal.o
    0x08010084   0x08010084   0x000001dc   Code   RO         3030    i.PostMeterHardware  signal.o
    0x08010260   0x08010260   0x000001bc   Code   RO         3031    i.PostMeterSettings  signal.o
    0x0801041c   0x0801041c   0x000001c4   Code   RO         3032    i.PostMeterStatus   signal.o
    0x080105e0   0x080105e0   0x000001bc   Code   RO         3033    i.PostMeterWarning  signal.o
    0x0801079c   0x0801079c   0x0000003c   Code   RO         3034    i.Post_Data_Cmd     signal.o
    0x080107d8   0x080107d8   0x000002a0   Code   RO         2089    i.RESETALL          usartconfig.o
    0x08010a78   0x08010a78   0x00000010   Code   RO         3568    i.RTC_Bcd2ToByte    stm32f0xx_hal_rtc.o
    0x08010a88   0x08010a88   0x00000016   Code   RO         3569    i.RTC_ByteToBcd2    stm32f0xx_hal_rtc.o
    0x08010a9e   0x08010a9e   0x00000038   Code   RO         3570    i.RTC_EnterInitMode  stm32f0xx_hal_rtc.o
    0x08010ad6   0x08010ad6   0x00000002   PAD
    0x08010ad8   0x08010ad8   0x00000010   Code   RO         2840    i.RTC_IRQHandler    stm32f0xx_it.o
    0x08010ae8   0x08010ae8   0x00000030   Code   RO         2090    i.ReadHisVoltage    usartconfig.o
    0x08010b18   0x08010b18   0x000002e4   Code   RO         2091    i.ReadSystemPara    usartconfig.o
    0x08010dfc   0x08010dfc   0x0000002c   Code   RO          473    i.Read_MFRC522      mfrc522.o
    0x08010e28   0x08010e28   0x000000b0   Code   RO          281    i.Read_Modify_Write_1621  ht1621b.o
    0x08010ed8   0x08010ed8   0x00000064   Code   RO         2636    i.Read_Time         rtc.o
    0x08010f3c   0x08010f3c   0x00000098   Code   RO         2092    i.RealTimeFlow      usartconfig.o
    0x08010fd4   0x08010fd4   0x000000d8   Code   RO          368    i.RefreshBatVoltage  lcd.o
    0x080110ac   0x080110ac   0x00000028   Code   RO          369    i.RefreshCylinder   lcd.o
    0x080110d4   0x080110d4   0x00000028   Code   RO          370    i.RefreshMoney      lcd.o
    0x080110fc   0x080110fc   0x00000160   Code   RO          371    i.RefreshSignal     lcd.o
    0x0801125c   0x0801125c   0x0000008c   Code   RO          372    i.RefreshValve      lcd.o
    0x080112e8   0x080112e8   0x00000020   Code   RO          373    i.RefreshWarn       lcd.o
    0x08011308   0x08011308   0x0000001c   Code   RO         2093    i.ResetSystem       usartconfig.o
    0x08011324   0x08011324   0x0000004c   Code   RO         3921    i.SPI_EndRxTxTransaction  stm32f0xx_hal_spi.o
    0x08011370   0x08011370   0x00000054   Code   RO         1877    i.SPI_FLASH_BufferRead  w25q64.o
    0x080113c4   0x080113c4   0x000000c0   Code   RO         1878    i.SPI_FLASH_BufferWrite  w25q64.o
    0x08011484   0x08011484   0x00000062   Code   RO         1880    i.SPI_FLASH_PageWrite  w25q64.o
    0x080114e6   0x080114e6   0x00000046   Code   RO         1883    i.SPI_FLASH_SectorErase  w25q64.o
    0x0801152c   0x0801152c   0x00000030   Code   RO           13    i.SPI_FLASH_SendByte  bsp_spiflash.o
    0x0801155c   0x0801155c   0x0000002c   Code   RO         1885    i.SPI_FLASH_WaitForWriteEnd  w25q64.o
    0x08011588   0x08011588   0x00000022   Code   RO         1886    i.SPI_FLASH_WriteEnable  w25q64.o
    0x080115aa   0x080115aa   0x00000096   Code   RO         3926    i.SPI_WaitFifoStateUntilTimeout  stm32f0xx_hal_spi.o
    0x08011640   0x08011640   0x0000008c   Code   RO         3927    i.SPI_WaitFlagStateUntilTimeout  stm32f0xx_hal_spi.o
    0x080116cc   0x080116cc   0x00000044   Code   RO         1825    i.SPI_read_MB85RS16A  mb85rs16a.o
    0x08011710   0x08011710   0x0000005c   Code   RO         1826    i.SPI_write_MB85RS16A  mb85rs16a.o
    0x0801176c   0x0801176c   0x00000002   Code   RO         6798    i.SVC_Handler       port.o
    0x0801176e   0x0801176e   0x00000002   PAD
    0x08011770   0x08011770   0x00000048   Code   RO          282    i.SendBit_1621      ht1621b.o
    0x080117b8   0x080117b8   0x00000030   Code   RO          283    i.SendCmd           ht1621b.o
    0x080117e8   0x080117e8   0x00000048   Code   RO          284    i.SendDataBit_1621  ht1621b.o
    0x08011830   0x08011830   0x00000120   Code   RO         3035    i.SendGetCommand    signal.o
    0x08011950   0x08011950   0x00000120   Code   RO         3036    i.SendPostCommand   signal.o
    0x08011a70   0x08011a70   0x0000002c   Code   RO         2094    i.SetAPN            usartconfig.o
    0x08011a9c   0x08011a9c   0x0000002c   Code   RO         2095    i.SetAP_N_secret    usartconfig.o
    0x08011ac8   0x08011ac8   0x0000002c   Code   RO         2096    i.SetAddr           usartconfig.o
    0x08011af4   0x08011af4   0x00000016   Code   RO          474    i.SetBitMask        mfrc522.o
    0x08011b0a   0x08011b0a   0x00000002   PAD
    0x08011b0c   0x08011b0c   0x00000184   Code   RO          374    i.SetDisChar        lcd.o
    0x08011c90   0x08011c90   0x00000038   Code   RO         2097    i.SetIP             usartconfig.o
    0x08011cc8   0x08011cc8   0x0000002c   Code   RO         2098    i.SetName_APN       usartconfig.o
    0x08011cf4   0x08011cf4   0x00000194   Code   RO          375    i.SetNum            lcd.o
    0x08011e88   0x08011e88   0x0000000c   Code   RO         2099    i.SetParaming       usartconfig.o
    0x08011e94   0x08011e94   0x0000002c   Code   RO         2100    i.SetPin            usartconfig.o
    0x08011ec0   0x08011ec0   0x00000090   Code   RO         2637    i.SetRTC            rtc.o
    0x08011f50   0x08011f50   0x00000020   Code   RO          376    i.SetSymbolState    lcd.o
    0x08011f70   0x08011f70   0x0000007c   Code   RO         1670    i.SetToMeter        setuppacket.o
    0x08011fec   0x08011fec   0x000000d8   Code   RO         3037    i.Sever_Address_GET  signal.o
    0x080120c4   0x080120c4   0x00000058   Code   RO         2496    i.Sim80xBuffTask    freertos.o
    0x0801211c   0x0801211c   0x00000ef8   Code   RO         1002    i.Sim80x_BufferProcess  sim80x.o
    0x08013014   0x08013014   0x0000018c   Code   RO         1276    i.Sim80x_GPRSClose  sim80xuser.o
    0x080131a0   0x080131a0   0x00000028   Code   RO         1003    i.Sim80x_GetIMEI    sim80x.o
    0x080131c8   0x080131c8   0x00000110   Code   RO         1009    i.Sim80x_InitValue  sim80x.o
    0x080132d8   0x080132d8   0x00000104   Code   RO         1012    i.Sim80x_SendAtCommand  sim80x.o
    0x080133dc   0x080133dc   0x00000080   Code   RO         1014    i.Sim80x_SendString  sim80x.o
    0x0801345c   0x0801345c   0x000001e8   Code   RO         1019    i.Sim80x_SetPower   sim80x.o
    0x08013644   0x08013644   0x00000002   Code   RO         1277    i.Sim80x_UserInit   sim80xuser.o
    0x08013646   0x08013646   0x00000002   PAD
    0x08013648   0x08013648   0x00000110   Code   RO         2497    i.StartCmdAnalyzTask  freertos.o
    0x08013758   0x08013758   0x00002b50   Code   RO         2498    i.StartDefaultTask  freertos.o
    0x080162a8   0x080162a8   0x00000034   Code   RO         2101    i.StartDuty         usartconfig.o
    0x080162dc   0x080162dc   0x00000814   Code   RO         2499    i.StartLedTask      freertos.o
    0x08016af0   0x08016af0   0x0000021c   Code   RO         2500    i.StartkeyTask      freertos.o
    0x08016d0c   0x08016d0c   0x0000004a   Code   RO         1500    i.StrToHex          package.o
    0x08016d56   0x08016d56   0x00000002   PAD
    0x08016d58   0x08016d58   0x00000090   Code   RO         1552    i.SubToMeter        rechargepacket.o
    0x08016de8   0x08016de8   0x00000008   Code   RO         2841    i.SysTick_Handler   stm32f0xx_it.o
    0x08016df0   0x08016df0   0x000000cc   Code   RO         2319    i.SystemClock_Config  main.o
    0x08016ebc   0x08016ebc   0x0000005c   Code   RO         6708    i.SystemInit        system_stm32f0xx.o
    0x08016f18   0x08016f18   0x00000038   Code   RO         2842    i.TIM14_IRQHandler  stm32f0xx_it.o
    0x08016f50   0x08016f50   0x00000010   Code   RO         2843    i.TIM1_BRK_UP_TRG_COM_IRQHandler  stm32f0xx_it.o
    0x08016f60   0x08016f60   0x00000010   Code   RO         2844    i.TIM6_IRQHandler   stm32f0xx_it.o
    0x08016f70   0x08016f70   0x00000010   Code   RO         2845    i.TIM7_IRQHandler   stm32f0xx_it.o
    0x08016f80   0x08016f80   0x00000088   Code   RO         4303    i.TIM_Base_SetConfig  stm32f0xx_hal_tim.o
    0x08017008   0x08017008   0x000000ca   Code   RO         5126    i.UART_AdvFeatureConfig  stm32f0xx_hal_uart.o
    0x080170d2   0x080170d2   0x00000012   Code   RO         5127    i.UART_CheckIdleState  stm32f0xx_hal_uart.o
    0x080170e4   0x080170e4   0x00000014   Code   RO         5128    i.UART_DMAAbortOnError  stm32f0xx_hal_uart.o
    0x080170f8   0x080170f8   0x0000004a   Code   RO         5129    i.UART_DMAError     stm32f0xx_hal_uart.o
    0x08017142   0x08017142   0x00000030   Code   RO         5134    i.UART_DMATransmitCplt  stm32f0xx_hal_uart.o
    0x08017172   0x08017172   0x0000000a   Code   RO         5136    i.UART_DMATxHalfCplt  stm32f0xx_hal_uart.o
    0x0801717c   0x0801717c   0x0000001e   Code   RO         5138    i.UART_EndRxTransfer  stm32f0xx_hal_uart.o
    0x0801719a   0x0801719a   0x0000001a   Code   RO         5139    i.UART_EndTransmit_IT  stm32f0xx_hal_uart.o
    0x080171b4   0x080171b4   0x00000012   Code   RO         5140    i.UART_EndTxTransfer  stm32f0xx_hal_uart.o
    0x080171c6   0x080171c6   0x0000007a   Code   RO         5141    i.UART_Receive_IT   stm32f0xx_hal_uart.o
    0x08017240   0x08017240   0x00000158   Code   RO         5142    i.UART_SetConfig    stm32f0xx_hal_uart.o
    0x08017398   0x08017398   0x00000066   Code   RO         5143    i.UART_Transmit_IT  stm32f0xx_hal_uart.o
    0x080173fe   0x080173fe   0x00000062   Code   RO         5144    i.UART_WaitOnFlagUntilTimeout  stm32f0xx_hal_uart.o
    0x08017460   0x08017460   0x00000010   Code   RO         2846    i.USART2_IRQHandler  stm32f0xx_it.o
    0x08017470   0x08017470   0x00000010   Code   RO         2847    i.USART3_6_IRQHandler  stm32f0xx_it.o
    0x08017480   0x08017480   0x0000002c   Code   RO         2102    i.USE_GPRS_APN      usartconfig.o
    0x080174ac   0x080174ac   0x0000002c   Code   RO         2103    i.USE_SENSOR        usartconfig.o
    0x080174d8   0x080174d8   0x00000034   Code   RO         2104    i.UpDuty            usartconfig.o
    0x0801750c   0x0801750c   0x00000048   Code   RO         2105    i.VeryLowPower      usartconfig.o
    0x08017554   0x08017554   0x000000a4   Code   RO         1890    i.W25Q64_Write      w25q64.o
    0x080175f8   0x080175f8   0x00000034   Code   RO         2106    i.WarnBattery       usartconfig.o
    0x0801762c   0x0801762c   0x00000034   Code   RO         2107    i.WarnPerpaid       usartconfig.o
    0x08017660   0x08017660   0x00000034   Code   RO         2108    i.WarnVolume        usartconfig.o
    0x08017694   0x08017694   0x0000003c   Code   RO          286    i.Write_1621        ht1621b.o
    0x080176d0   0x080176d0   0x0000002c   Code   RO          475    i.Write_MFRC522     mfrc522.o
    0x080176fc   0x080176fc   0x00000004   Code   RO         2320    i._Error_Handler    main.o
    0x08017700   0x08017700   0x00000020   Code   RO         8767    i.__0printf         mc_p.l(printfa.o)
    0x08017720   0x08017720   0x00000028   Code   RO         8769    i.__0sprintf        mc_p.l(printfa.o)
    0x08017748   0x08017748   0x0000002e   Code   RO         8920    i.__ARM_clz         mf_p.l(depilogue.o)
    0x08017776   0x08017776   0x0000001a   Code   RO          447    i.__ARM_common_switch8  lcd.o
    0x08017790   0x08017790   0x00000008   Code   RO         8898    i.__aeabi_errno_addr  mc_p.l(errno.o)
    0x08017798   0x08017798   0x00000064   Code   RO         8799    i.__free$realloc    mc_p.l(mallocr.o)
    0x080177fc   0x080177fc   0x00000048   Code   RO         8800    i.__malloc$realloc  mc_p.l(mallocr.o)
    0x08017844   0x08017844   0x0000000c   Code   RO         8899    i.__read_errno      mc_p.l(errno.o)
    0x08017850   0x08017850   0x0000000e   Code   RO         8939    i.__scatterload_copy  mc_p.l(handlers.o)
    0x0801785e   0x0801785e   0x00000002   Code   RO         8940    i.__scatterload_null  mc_p.l(handlers.o)
    0x08017860   0x08017860   0x0000000e   Code   RO         8941    i.__scatterload_zeroinit  mc_p.l(handlers.o)
    0x0801786e   0x0801786e   0x00000002   PAD
    0x08017870   0x08017870   0x0000000c   Code   RO         8900    i.__set_errno       mc_p.l(errno.o)
    0x0801787c   0x0801787c   0x00000174   Code   RO         8774    i._fp_digits        mc_p.l(printfa.o)
    0x080179f0   0x080179f0   0x0000000e   Code   RO         8831    i._is_digit         mc_p.l(scanf_fp.o)
    0x080179fe   0x080179fe   0x00000002   PAD
    0x08017a00   0x08017a00   0x000006ec   Code   RO         8775    i._printf_core      mc_p.l(printfa.o)
    0x080180ec   0x080180ec   0x00000020   Code   RO         8776    i._printf_post_padding  mc_p.l(printfa.o)
    0x0801810c   0x0801810c   0x0000002c   Code   RO         8777    i._printf_pre_padding  mc_p.l(printfa.o)
    0x08018138   0x08018138   0x0000000a   Code   RO         8779    i._sputc            mc_p.l(printfa.o)
    0x08018142   0x08018142   0x00000002   PAD
    0x08018144   0x08018144   0x00000ae4   Code   RO         1501    i.analyticalPackage  package.o
    0x08018c28   0x08018c28   0x000000b4   Code   RO          609    i.assemble_test     motor.o
    0x08018cdc   0x08018cdc   0x0000002a   Code   RO         8462    i.atof              m_ps.l(atof.o)
    0x08018d06   0x08018d06   0x00000036   Code   RO         7848    i.buffer_skip_whitespace  cjson.o
    0x08018d3c   0x08018d3c   0x0000004c   Code   RO         7880    i.cJSON_Delete      cjson.o
    0x08018d88   0x08018d88   0x0000000a   Code   RO         7893    i.cJSON_GetObjectItem  cjson.o
    0x08018d92   0x08018d92   0x00000016   Code   RO         7910    i.cJSON_New_Item    cjson.o
    0x08018da8   0x08018da8   0x0000000c   Code   RO         7911    i.cJSON_Parse       cjson.o
    0x08018db4   0x08018db4   0x000000dc   Code   RO         7913    i.cJSON_ParseWithLengthOpts  cjson.o
    0x08018e90   0x08018e90   0x00000020   Code   RO         7914    i.cJSON_ParseWithOpts  cjson.o
    0x08018eb0   0x08018eb0   0x0000007c   Code   RO         2109    i.cmd_arg_analyze   usartconfig.o
    0x08018f2c   0x08018f2c   0x0000022c   Code   RO         3247    i.encodeCookingPacket  encode.o
    0x08019158   0x08019158   0x0000023c   Code   RO         3248    i.encodeHardwarePacket  encode.o
    0x08019394   0x08019394   0x000002e0   Code   RO         3249    i.encodeMeterStatusPacket  encode.o
    0x08019674   0x08019674   0x000003e0   Code   RO         3250    i.encodeSettingsPacket  encode.o
    0x08019a54   0x08019a54   0x000003e0   Code   RO         3251    i.encodeWarningsPacket  encode.o
    0x08019e34   0x08019e34   0x0000009c   Code   RO         2110    i.fill_rec_buf      usartconfig.o
    0x08019ed0   0x08019ed0   0x00000024   Code   RO          655    i.fputc             printf.o
    0x08019ef4   0x08019ef4   0x00000080   Code   RO         1984    i.getY10value       stringutils.o
    0x08019f74   0x08019f74   0x00000082   Code   RO         7933    i.get_object_item   cjson.o
    0x08019ff6   0x08019ff6   0x0000008a   Code   RO         2111    i.get_true_char_stream  usartconfig.o
    0x0801a080   0x0801a080   0x0000003c   Code   RO         2112    i.handle_arg        usartconfig.o
    0x0801a0bc   0x0801a0bc   0x00000050   Code   RO         8801    i.internal_alloc    mc_p.l(mallocr.o)
    0x0801a10c   0x0801a10c   0x0000008c   Code   RO          339    i.key_driver        key.o
    0x0801a198   0x0801a198   0x00000044   Code   RO          340    i.key_read          key.o
    0x0801a1dc   0x0801a1dc   0x0000009c   Code   RO          610    i.lock_test         motor.o
    0x0801a278   0x0801a278   0x000000a4   Code   RO         2321    i.main              main.o
    0x0801a31c   0x0801a31c   0x0000000c   Code   RO         7488    i.makeFreeRtosPriority  cmsis_os.o
    0x0801a328   0x0801a328   0x000000b4   Code   RO          611    i.motor_test        motor.o
    0x0801a3dc   0x0801a3dc   0x0000003c   Code   RO         1986    i.myStrncpy         stringutils.o
    0x0801a418   0x0801a418   0x0000002e   Code   RO         2322    i.my_NVIC_DeInit    main.o
    0x0801a446   0x0801a446   0x00000002   PAD
    0x0801a448   0x0801a448   0x000000dc   Code   RO         3039    i.myitoa            signal.o
    0x0801a524   0x0801a524   0x00000010   Code   RO         7490    i.osDelay           cmsis_os.o
    0x0801a534   0x0801a534   0x0000000a   Code   RO         7493    i.osKernelStart     cmsis_os.o
    0x0801a53e   0x0801a53e   0x00000010   Code   RO         7526    i.osSystickHandler  cmsis_os.o
    0x0801a54e   0x0801a54e   0x0000002e   Code   RO         7527    i.osThreadCreate    cmsis_os.o
    0x0801a57c   0x0801a57c   0x000000de   Code   RO         7935    i.parse_array       cjson.o
    0x0801a65a   0x0801a65a   0x00000040   Code   RO         7936    i.parse_hex4        cjson.o
    0x0801a69a   0x0801a69a   0x00000002   PAD
    0x0801a69c   0x0801a69c   0x000000f0   Code   RO         7937    i.parse_number      cjson.o
    0x0801a78c   0x0801a78c   0x00000118   Code   RO         7938    i.parse_object      cjson.o
    0x0801a8a4   0x0801a8a4   0x00000118   Code   RO         7939    i.parse_string      cjson.o
    0x0801a9bc   0x0801a9bc   0x000000f8   Code   RO         7940    i.parse_value       cjson.o
    0x0801aab4   0x0801aab4   0x00000014   Code   RO         2113    i.printf_hello      usartconfig.o
    0x0801aac8   0x0801aac8   0x00000058   Code   RO         7144    i.prvAddCurrentTaskToDelayedList  tasks.o
    0x0801ab20   0x0801ab20   0x000000bc   Code   RO         7145    i.prvAddNewTaskToReadyList  tasks.o
    0x0801abdc   0x0801abdc   0x00000050   Code   RO         7146    i.prvCheckTasksWaitingTermination  tasks.o
    0x0801ac2c   0x0801ac2c   0x00000026   Code   RO         6985    i.prvCopyDataFromQueue  queue.o
    0x0801ac52   0x0801ac52   0x00000070   Code   RO         6986    i.prvCopyDataToQueue  queue.o
    0x0801acc2   0x0801acc2   0x00000012   Code   RO         7147    i.prvDeleteTCB      tasks.o
    0x0801acd4   0x0801acd4   0x00000044   Code   RO         6739    i.prvHeapInit       heap_4.o
    0x0801ad18   0x0801ad18   0x00000018   Code   RO         7148    i.prvIdleTask       tasks.o
    0x0801ad30   0x0801ad30   0x0000008a   Code   RO         7149    i.prvInitialiseNewTask  tasks.o
    0x0801adba   0x0801adba   0x00000002   PAD
    0x0801adbc   0x0801adbc   0x0000004c   Code   RO         6740    i.prvInsertBlockIntoFreeList  heap_4.o
    0x0801ae08   0x0801ae08   0x0000001c   Code   RO         6987    i.prvIsQueueEmpty   queue.o
    0x0801ae24   0x0801ae24   0x00000020   Code   RO         7151    i.prvResetNextTaskUnblockTime  tasks.o
    0x0801ae44   0x0801ae44   0x00000014   Code   RO         6799    i.prvTaskExitError  port.o
    0x0801ae58   0x0801ae58   0x00000070   Code   RO         6988    i.prvUnlockQueue    queue.o
    0x0801aec8   0x0801aec8   0x000000b0   Code   RO         6741    i.pvPortMalloc      heap_4.o
    0x0801af78   0x0801af78   0x00000018   Code   RO         7154    i.pvTaskIncrementMutexHeldCount  tasks.o
    0x0801af90   0x0801af90   0x00000020   Code   RO         6800    i.pxPortInitialiseStack  port.o
    0x0801afb0   0x0801afb0   0x00000018   Code   RO         2114    i.readVoltage       usartconfig.o
    0x0801afc8   0x0801afc8   0x00000074   Code   RO         8802    i.realloc           mc_p.l(mallocr.o)
    0x0801b03c   0x0801b03c   0x00000060   Code   RO         1355    i.refreshCookingSessionReport  cookingsessionreport.o
    0x0801b09c   0x0801b09c   0x0000011c   Code   RO         1462    i.refreshInformationPacket  informationpacket.o
    0x0801b1b8   0x0801b1b8   0x0000011c   Code   RO         1632    i.refreshReportStatePacket  reportstatepacket.o
    0x0801b2d4   0x0801b2d4   0x0000004c   Code   RO         1672    i.refreshSetupPacket  setuppacket.o
    0x0801b320   0x0801b320   0x0000017c   Code   RO         1715    i.refreshWaringPacket  waringpacket.o
    0x0801b49c   0x0801b49c   0x00000020   Code   RO          478    i.spi_transfer      mfrc522.o
    0x0801b4bc   0x0801b4bc   0x00000022   Code   RO         1987    i.stringCmp         stringutils.o
    0x0801b4de   0x0801b4de   0x0000001c   Code   RO         1988    i.stringIsNull      stringutils.o
    0x0801b4fa   0x0801b4fa   0x0000001c   Code   RO         8466    i.strtod            m_ps.l(strtod.o)
    0x0801b516   0x0801b516   0x00000002   PAD
    0x0801b518   0x0801b518   0x00000060   Code   RO         7155    i.ulTaskNotifyTake  tasks.o
    0x0801b578   0x0801b578   0x000000e0   Code   RO         7949    i.utf16_literal_to_utf8  cjson.o
    0x0801b658   0x0801b658   0x00000024   Code   RO         6948    i.uxListRemove      list.o
    0x0801b67c   0x0801b67c   0x00000016   Code   RO         6949    i.vListInitialise   list.o
    0x0801b692   0x0801b692   0x00000006   Code   RO         6950    i.vListInitialiseItem  list.o
    0x0801b698   0x0801b698   0x00000030   Code   RO         6951    i.vListInsert       list.o
    0x0801b6c8   0x0801b6c8   0x00000018   Code   RO         6952    i.vListInsertEnd    list.o
    0x0801b6e0   0x0801b6e0   0x00000018   Code   RO         6802    i.vPortEnterCritical  port.o
    0x0801b6f8   0x0801b6f8   0x0000001c   Code   RO         6803    i.vPortExitCritical  port.o
    0x0801b714   0x0801b714   0x00000044   Code   RO         6742    i.vPortFree         heap_4.o
    0x0801b758   0x0801b758   0x00000024   Code   RO         6804    i.vPortSetupTimerInterrupt  port.o
    0x0801b77c   0x0801b77c   0x00000018   Code   RO         6805    i.vPortYield        port.o
    0x0801b794   0x0801b794   0x00000030   Code   RO         7162    i.vTaskDelay        tasks.o
    0x0801b7c4   0x0801b7c4   0x0000000c   Code   RO         7168    i.vTaskMissedYield  tasks.o
    0x0801b7d0   0x0801b7d0   0x0000008c   Code   RO         7169    i.vTaskNotifyGiveFromISR  tasks.o
    0x0801b85c   0x0801b85c   0x00000024   Code   RO         7170    i.vTaskPlaceOnEventList  tasks.o
    0x0801b880   0x0801b880   0x00000064   Code   RO         7172    i.vTaskPriorityInherit  tasks.o
    0x0801b8e4   0x0801b8e4   0x00000018   Code   RO         7176    i.vTaskSetTimeOutState  tasks.o
    0x0801b8fc   0x0801b8fc   0x00000054   Code   RO         7177    i.vTaskStartScheduler  tasks.o
    0x0801b950   0x0801b950   0x00000010   Code   RO         7179    i.vTaskSuspendAll   tasks.o
    0x0801b960   0x0801b960   0x00000074   Code   RO         7180    i.vTaskSwitchContext  tasks.o
    0x0801b9d4   0x0801b9d4   0x00000064   Code   RO         2115    i.writeVoltage      usartconfig.o
    0x0801ba38   0x0801ba38   0x00000028   Code   RO         6882    i.xEventGroupClearBits  event_groups.o
    0x0801ba60   0x0801ba60   0x0000001a   Code   RO         6883    i.xEventGroupCreate  event_groups.o
    0x0801ba7a   0x0801ba7a   0x00000074   Code   RO         6885    i.xEventGroupSetBits  event_groups.o
    0x0801baee   0x0801baee   0x00000002   PAD
    0x0801baf0   0x0801baf0   0x00000030   Code   RO         6806    i.xPortStartScheduler  port.o
    0x0801bb20   0x0801bb20   0x00000024   Code   RO         6807    i.xPortSysTickHandler  port.o
    0x0801bb44   0x0801bb44   0x00000044   Code   RO         6999    i.xQueueGenericCreate  queue.o
    0x0801bb88   0x0801bb88   0x00000138   Code   RO         7000    i.xQueueGenericReceive  queue.o
    0x0801bcc0   0x0801bcc0   0x0000006c   Code   RO         7001    i.xQueueGenericReset  queue.o
    0x0801bd2c   0x0801bd2c   0x00000118   Code   RO         7002    i.xQueueGenericSend  queue.o
    0x0801be44   0x0801be44   0x00000074   Code   RO         7004    i.xQueueGiveFromISR  queue.o
    0x0801beb8   0x0801beb8   0x00000054   Code   RO         7181    i.xTaskCheckForTimeOut  tasks.o
    0x0801bf0c   0x0801bf0c   0x0000004e   Code   RO         7182    i.xTaskCreate       tasks.o
    0x0801bf5a   0x0801bf5a   0x00000002   PAD
    0x0801bf5c   0x0801bf5c   0x00000020   Code   RO         7186    i.xTaskGetSchedulerState  tasks.o
    0x0801bf7c   0x0801bf7c   0x000000bc   Code   RO         7189    i.xTaskIncrementTick  tasks.o
    0x0801c038   0x0801c038   0x00000068   Code   RO         7192    i.xTaskPriorityDisinherit  tasks.o
    0x0801c0a0   0x0801c0a0   0x00000064   Code   RO         7193    i.xTaskRemoveFromEventList  tasks.o
    0x0801c104   0x0801c104   0x00000060   Code   RO         7194    i.xTaskRemoveFromUnorderedEventList  tasks.o
    0x0801c164   0x0801c164   0x000000ac   Code   RO         7195    i.xTaskResumeAll    tasks.o
    0x0801c210   0x0801c210   0x00000254   Data   RO         2503    .constdata          freertos.o
    0x0801c464   0x0801c464   0x00000010   Data   RO         6709    .constdata          system_stm32f0xx.o
    0x0801c474   0x0801c474   0x00000008   Data   RO         6710    .constdata          system_stm32f0xx.o
    0x0801c47c   0x0801c47c   0x00000081   Data   RO         8479    .constdata          mc_p.l(ctype_o.o)
    0x0801c4fd   0x0801c4fd   0x00000003   PAD
    0x0801c500   0x0801c500   0x00000004   Data   RO         8480    .constdata          mc_p.l(ctype_o.o)
    0x0801c504   0x0801c504   0x000001ec   Data   RO         2504    .conststring        freertos.o
    0x0801c6f0   0x0801c6f0   0x000001f6   Data   RO         3041    .conststring        signal.o
    0x0801c8e6   0x0801c8e6   0x00000002   PAD
    0x0801c8e8   0x0801c8e8   0x00000020   Data   RO         8937    Region$$Table       anon$$obj.o


    Execution Region RW_IRAM1 (Exec base: 0x20000100, Load base: 0x0801c908, Size: 0x000069a0, Max: 0x00008000, ABSOLUTE, COMPRESSED[0x0000014c])

    Exec Addr    Load Addr    Size         Type   Attr      Idx    E Section Name        Object

    0x20000100   COMPRESSED   0x0000004d   Data   RW          378    .data               lcd.o
    0x2000014d   COMPRESSED   0x00000001   Data   RW          481    .data               mfrc522.o
    0x2000014e   COMPRESSED   0x00000001   Data   RW          482    .data               mfrc522.o
    0x2000014f   COMPRESSED   0x00000001   Data   RW          483    .data               mfrc522.o
    0x20000150   COMPRESSED   0x00000001   Data   RW          612    .data               motor.o
    0x20000151   COMPRESSED   0x00000003   Data   RW          613    .data               motor.o
    0x20000154   COMPRESSED   0x00000001   Data   RW          657    .data               printf.o
    0x20000155   COMPRESSED   0x00000003   PAD
    0x20000158   COMPRESSED   0x0000000c   Data   RW         1035    .data               sim80x.o
    0x20000164   COMPRESSED   0x00000001   Data   RW         1319    .data               controlpacket.o
    0x20000165   COMPRESSED   0x00000001   PAD
    0x20000166   COMPRESSED   0x00000002   Data   RW         1503    .data               package.o
    0x20000168   COMPRESSED   0x00000001   Data   RW         1504    .data               package.o
    0x20000169   COMPRESSED   0x00000001   Data   RW         1556    .data               rechargepacket.o
    0x2000016a   COMPRESSED   0x00000001   Data   RW         1674    .data               setuppacket.o
    0x2000016b   COMPRESSED   0x00000001   Data   RW         1746    .data               openlockpacket.o
    0x2000016c   COMPRESSED   0x00000001   Data   RW         1786    .data               replypacket.o
    0x2000016d   COMPRESSED   0x00000003   PAD
    0x20000170   COMPRESSED   0x00000008   Data   RW         2117    .data               usartconfig.o
    0x20000178   COMPRESSED   0x00000028   Data   RW         2325    .data               main.o
    0x200001a0   COMPRESSED   0x000000b5   Data   RW         2505    .data               freertos.o
    0x20000255   COMPRESSED   0x00000003   PAD
    0x20000258   COMPRESSED   0x0000018b   Data   RW         3042    .data               signal.o
    0x200003e3   COMPRESSED   0x00000001   PAD
    0x200003e4   COMPRESSED   0x00000008   Data   RW         3298    .data               getanalyse.o
    0x200003ec   COMPRESSED   0x00000004   Data   RW         5596    .data               stm32f0xx_hal.o
    0x200003f0   COMPRESSED   0x00000004   Data   RW         6711    .data               system_stm32f0xx.o
    0x200003f4   COMPRESSED   0x00000018   Data   RW         6747    .data               heap_4.o
    0x2000040c   COMPRESSED   0x00000004   Data   RW         6808    .data               port.o
    0x20000410   COMPRESSED   0x00000044   Data   RW         7198    .data               tasks.o
    0x20000454   COMPRESSED   0x00000014   Data   RW         7951    .data               cjson.o
    0x20000468   COMPRESSED   0x00000004   Data   RW         8887    .data               mc_p.l(stdout.o)
    0x2000046c   COMPRESSED   0x00000004   Data   RW         8896    .data               mc_p.l(mvars.o)
    0x20000470   COMPRESSED   0x00000004   Data   RW         8897    .data               mc_p.l(mvars.o)
    0x20000474   COMPRESSED   0x00000004   Data   RW         8901    .data               mc_p.l(errno.o)
    0x20000478        -       0x00000060   Zero   RW          377    .bss                lcd.o
    0x200004d8        -       0x00000ea8   Zero   RW         1032    .bss                sim80x.o
    0x20001380        -       0x00000037   Zero   RW         1318    .bss                controlpacket.o
    0x200013b7        -       0x000000b1   Zero   RW         1356    .bss                cookingsessionreport.o
    0x20001468        -       0x00000052   Zero   RW         1385    .bss                customercredit.o
    0x200014ba        -       0x00000076   Zero   RW         1463    .bss                informationpacket.o
    0x20001530        -       0x000000c8   Zero   RW         1502    .bss                package.o
    0x200015f8        -       0x00000065   Zero   RW         1555    .bss                rechargepacket.o
    0x2000165d        -       0x00000048   Zero   RW         1633    .bss                reportstatepacket.o
    0x200016a5        -       0x00000059   Zero   RW         1673    .bss                setuppacket.o
    0x200016fe        -       0x00000051   Zero   RW         1716    .bss                waringpacket.o
    0x2000174f        -       0x0000002f   Zero   RW         1785    .bss                replypacket.o
    0x2000177e        -       0x00001029   Zero   RW         1891    .bss                w25q64.o
    0x200027a7   COMPRESSED   0x00000001   PAD
    0x200027a8        -       0x000001b0   Zero   RW         2116    .bss                usartconfig.o
    0x20002958        -       0x000000c8   Zero   RW         2324    .bss                main.o
    0x20002a20        -       0x00000090   Zero   RW         2439    .bss                adc.o
    0x20002ab0        -       0x00000344   Zero   RW         2502    .bss                freertos.o
    0x20002df4        -       0x00000010   Zero   RW         2606    .bss                iwdg.o
    0x20002e04        -       0x00000020   Zero   RW         2639    .bss                rtc.o
    0x20002e24        -       0x00000064   Zero   RW         2703    .bss                spi.o
    0x20002e88        -       0x000000c0   Zero   RW         2743    .bss                tim.o
    0x20002f48        -       0x00000124   Zero   RW         2792    .bss                usart.o
    0x2000306c        -       0x00000040   Zero   RW         2969    .bss                stm32f0xx_hal_timebase_tim.o
    0x200030ac        -       0x00002800   Zero   RW         6746    .bss                heap_4.o
    0x200058ac        -       0x000000f0   Zero   RW         7197    .bss                tasks.o
    0x2000599c   COMPRESSED   0x00000004   PAD
    0x200059a0        -       0x00000800   Zero   RW            2    HEAP                startup_stm32f030xc.o
    0x200061a0        -       0x00000900   Zero   RW            1    STACK               startup_stm32f030xc.o



  Load Region LR$$.ARM.__AT_0x20000000 (Base: 0x20000000, Size: 0x00000000, Max: 0x000000c0, ABSOLUTE)

    Execution Region ER$$.ARM.__AT_0x20000000 (Exec base: 0x20000000, Load base: 0x20000000, Size: 0x000000c0, Max: 0x000000c0, ABSOLUTE, UNINIT)

    Exec Addr    Load Addr    Size         Type   Attr      Idx    E Section Name        Object

    0x20000000        -       0x000000c0   Zero   RW         2323    .ARM.__AT_0x20000000  main.o


==============================================================================

Image component sizes


      Code (inc. data)   RO Data    RW Data    ZI Data      Debug   Object Name

       300         56          0          0        144       1620   adc.o
        48         10          0          0          0     347571   bsp_spiflash.o
      2114         74          0         20          0      17456   cjson.o
       100          0          0          0          0       7960   cmsis_os.o
         0          0          0          1         55        863   controlpacket.o
        96         30          0          0        177       2325   cookingsessionreport.o
         0          0          0          0         82        757   customercredit.o
        40          4          0          0          0        678   dma.o
      4008       1514          0          0          0       5090   encode.o
       182          0          0          0          0       3452   event_groups.o
     17760       3952       1088        181        836      20464   freertos.o
       920        256          0          8          0       2101   getanalyse.o
       408         42          0          0          0       1035   gpio.o
       900        452          0          0          0       5682   gprs.o
       388         22          0         24      10240       5527   heap_4.o
       428         22          0          0          0       4999   ht1621b.o
       284         60          0          0        118       2307   informationpacket.o
        64         28          0          0         16        607   iwdg.o
       208         10          0          0          0       1672   key.o
      2894        196          0         77         96       9676   lcd.o
       136          0          0          0          0       3238   list.o
       872        364          0          0          0       1777   logutils.o
      2846        428          0         40        392      11495   main.o
       336         20          0          0          0       2860   mb85rs16a.o
       972         22          0          3          0      12474   mfrc522.o
       516         28          0          4          0       4579   motor.o
         0          0          0          1          0        802   openlockpacket.o
      3050        446          0          3        200       6511   package.o
       370         58          0          4          0       7139   port.o
        36         10          0          1          0        701   printf.o
      1174          0          0          0          0      10466   queue.o
       144         30          0          1        101       1529   rechargepacket.o
         0          0          0          1         47        734   replypacket.o
       284         58          0          0         72       2432   reportstatepacket.o
       808         82          0          0         32       3981   rtc.o
       200         36          0          1         89       2605   setuppacket.o
      5976       1980        502        395          0      25510   signal.o
      5020       1428          0         12       3752      20788   sim80x.o
       398        242          0          0          0       1125   sim80xuser.o
       216         50          0          0        100       1929   spi.o
        28          8        184          0       4352        608   startup_stm32f030xc.o
        88         18          0          4          0       2912   stm32f0xx_hal.o
      1590         54          0          0          0      10197   stm32f0xx_hal_adc.o
       176          0          0          0          0       1342   stm32f0xx_hal_adc_ex.o
       216         44          0          0          0      10504   stm32f0xx_hal_cortex.o
       542         14          0          0          0       5210   stm32f0xx_hal_dma.o
       586         52          0          0          0       4160   stm32f0xx_hal_gpio.o
       116         20          0          0          0       1647   stm32f0xx_hal_iwdg.o
        68          4          0          0          0        806   stm32f0xx_hal_msp.o
        68         12          0          0          0       1091   stm32f0xx_hal_pwr.o
      1448        126          0          0          0       5919   stm32f0xx_hal_rcc.o
       232         14          0          0          0       1320   stm32f0xx_hal_rcc_ex.o
      1382         34          0          0          0       9403   stm32f0xx_hal_rtc.o
      1134          0          0          0          0       5645   stm32f0xx_hal_spi.o
       616         28          0          0          0       6540   stm32f0xx_hal_tim.o
         4          0          0          0          0       1486   stm32f0xx_hal_tim_ex.o
       120         22          0          0         64       1384   stm32f0xx_hal_timebase_tim.o
      2014         64          0          0          0      14795   stm32f0xx_hal_uart.o
       272         76          0          0          0       6877   stm32f0xx_it.o
       842        114          0          0          0       4444   stringutils.o
        92         14         24          4          0       1075   system_stm32f0xx.o
      2118        178          0         68        240      22265   tasks.o
       292        114          0          0        192       2366   tim.o
       360         90          0          0        292       2170   usart.o
      3436       1384          0          8        432      21573   usartconfig.o
       686          6          0          0       4137       5262   w25q64.o
       380         58          0          0         81       2601   waringpacket.o

    ----------------------------------------------------------------------
     73438      14558       1832        872      26344     718119   Object Totals
         0          0         32          0          0          0   (incl. Generated)
        36          0          2         11          5          0   (incl. Padding)

    ----------------------------------------------------------------------

      Code (inc. data)   RO Data    RW Data    ZI Data      Debug   Library Member Name

        42          0          0          0          0         76   atof.o
        28          0          0          0          0         72   strtod.o
        60         10          0          0          0         84   __0sscanf.o
        86          0          0          0          0          0   __dczerorl2.o
        30          0          0          0          0         60   _chval.o
       824         12          0          0          0         84   _scanf.o
       330          0          0          0          0         84   _scanf_int.o
       232          0          0          0          0         84   _scanf_str.o
        68          0          0          0          0         76   _sgetc.o
       166          0          0          0          0         84   _strtoul.o
        26          0          0          0          0         72   atoi.o
         8          4        133          0          0         60   ctype_o.o
         0          0          0          0          0          0   entry.o
         0          0          0          0          0          0   entry10a.o
         0          0          0          0          0          0   entry11a.o
         8          4          0          0          0          0   entry2.o
         4          0          0          0          0          0   entry5.o
         0          0          0          0          0          0   entry7b.o
         0          0          0          0          0          0   entry8b.o
         8          4          0          0          0          0   entry9a.o
        32         16          0          4          0        180   errno.o
        30          0          0          0          0          0   handlers.o
        40          0          0          0          0         72   idiv.o
        36          8          0          0          0         68   init.o
        18          0          0          0          0         68   isspace_o.o
         0          0          0          0          0          0   iusefp.o
       122          0          0          0          0         84   llmul.o
        32          0          0          0          0         68   llshl.o
        38          0          0          0          0         68   llsshr.o
        34          0          0          0          0         68   llushr.o
       368         36          0          0          0        308   mallocr.o
        36          0          0          0          0         60   memcpya.o
        36          0          0          0          0        100   memseta.o
         0          0          0          8          0          0   mvars.o
      2302        102          0          0          0        556   printfa.o
        44          8          0          0          0         84   scanf_char.o
       898         12          0          0          0        184   scanf_fp.o
         0          0          0          4          0          0   stdout.o
        24          0          0          0          0         60   strcat.o
        20          0          0          0          0         60   strchr.o
        28          0          0          0          0         68   strcmp.o
        18          0          0          0          0         60   strcpy.o
        14          0          0          0          0         60   strlen.o
        40          0          0          0          0         68   strncat.o
        30          0          0          0          0         72   strncmp.o
        26          0          0          0          0         68   strncpy.o
        40          0          0          0          0         72   strstr.o
       164         16          0          0          0        120   strtod.o
       112          4          0          0          0         76   strtol.o
        12          0          0          0          0         60   tolower.o
        12          0          0          0          0         60   toupper.o
        44          0          0          0          0         72   uidiv.o
        96          0          0          0          0         84   uldiv.o
        40          2          0          0          0         68   cdcmple.o
        40          2          0          0          0         68   cdrcmple.o
        20          0          0          0          0         68   cfcmple.o
        20          0          0          0          0         68   cfrcmple.o
        56          0          0          0          0         68   d2f.o
       356          4          0          0          0        140   dadd.o
       240          6          0          0          0         84   ddiv.o
       236          0          0          0          0        216   depilogue.o
        72         10          0          0          0         72   dfixi.o
        64         10          0          0          0         68   dfixul.o
        40          6          0          0          0         68   dflti.o
        28          6          0          0          0         68   dfltul.o
       208          6          0          0          0         88   dmul.o
        40          0          0          0          0         60   f2d.o
       178          0          0          0          0        108   fadd.o
       124          0          0          0          0         72   fdiv.o
       130          0          0          0          0        144   fepilogue.o
        50          0          0          0          0         60   ffixi.o
        40          0          0          0          0         60   ffixui.o
        22          0          0          0          0         68   fflti.o
        14          0          0          0          0         68   ffltui.o
       122          0          0          0          0         72   fmul.o

    ----------------------------------------------------------------------
      8826        288        136         16          0       5720   Library Totals
        20          0          3          0          0          0   (incl. Padding)

    ----------------------------------------------------------------------

      Code (inc. data)   RO Data    RW Data    ZI Data      Debug   Library Name

        70          0          0          0          0        148   m_ps.l
      6596        236        133         16          0       3716   mc_p.l
      2140         52          0          0          0       1856   mf_p.l

    ----------------------------------------------------------------------
      8826        288        136         16          0       5720   Library Totals

    ----------------------------------------------------------------------

==============================================================================


      Code (inc. data)   RO Data    RW Data    ZI Data      Debug   

     82264      14846       1968        888      26344     703475   Grand Totals
     82264      14846       1968        332      26344     703475   ELF Image Totals (compressed)
     82264      14846       1968        332          0          0   ROM Totals

==============================================================================

    Total RO  Size (Code + RO Data)                84232 (  82.26kB)
    Total RW  Size (RW Data + ZI Data)             27232 (  26.59kB)
    Total ROM Size (Code + RO Data + RW Data)      84564 (  82.58kB)

==============================================================================

