<html>
<body>
<pre>
<h1>礦ision Build Log</h1>
<h2>Tool Versions:</h2>
IDE-Version: μVision V5.29.0.0
Copyright (C) 2019 ARM Ltd and ARM Germany GmbH. All rights reserved.
License Information: A liuweiliang2006@163.com, A, LIC=9WSKC-7J0ZW-2ZQW4-FHBPI-HBEK3-RXEMY
 
Tool Versions:
Toolchain:       MDK-ARM Plus  Version: 5.29.0.0
Toolchain Path:  C:\Keil_v5\ARM\ARMCC\Bin
C Compiler:      Armcc.exe V5.06 update 6 (build 750)
Assembler:       Armasm.exe V5.06 update 6 (build 750)
Linker/Locator:  ArmLink.exe V5.06 update 6 (build 750)
Library Manager: ArmAr.exe V5.06 update 6 (build 750)
Hex Converter:   FromElf.exe V5.06 update 6 (build 750)
CPU DLL:         SARMCM3.DLL V5.29.0.0
Dialog DLL:      DARMCM1.DLL V1.19.2.0
Target DLL:      Segger\JL2CM3.dll V2.99.36.0
Dialog DLL:      TARMCM1.DLL V1.14.1.0
 
<h2>Project:</h2>
D:\BC66\BC66 https pro\GasMeter4\MDK-ARM\GasMeter4.uvprojx
Project File Date:  11/30/2020

<h2>Output:</h2>
*** Using Compiler 'V5.06 update 6 (build 750)', folder: 'C:\Keil_v5\ARM\ARMCC\Bin'
Build target 'GasMeter4_APP1'
compiling freertos.c...
../Middlewares/Third_Party/GsmLib/Sim80X.h(413): warning:  #1295-D: Deprecated declaration GPRS_SetSni - give arg types
  bool  GPRS_SetSni();
../Inc/StringUtils.h(35): warning:  #1295-D: Deprecated declaration GetSoftWareTime - give arg types
  char * GetSoftWareTime();
../Inc/CookingSessionReport.h(43): warning:  #1295-D: Deprecated declaration SendCookingSessionPacket - give arg types
  bool SendCookingSessionPacket();
../Inc/GetAnalyse.h(28): warning:  #1-D: last line of file ends without a newline
  #endif 
../Inc/signal.h(103): warning:  #1-D: last line of file ends without a newline
  #endif
../Inc/exparameter.h(18): warning:  #1-D: last line of file ends without a newline
  #endif
../Inc/encode.h(16): warning:  #1-D: last line of file ends without a newline
  #endif
../Inc/signal.h(103): warning:  #1-D: last line of file ends without a newline
  #endif
../Src/freertos.c(303): warning:  #1295-D: Deprecated declaration IntoLowPower - give arg types
  void IntoLowPower();
../Src/freertos.c(746): warning:  #177-D: variable "test_i"  was declared but never referenced
  		uint16_t test_i;
../Src/freertos.c(756): warning:  #550-D: variable "Card_cap"  was set but never used
      uint8_t Card_cap;//卡片容量
../Src/freertos.c(772): warning:  #177-D: variable "TimeForSlowRunFree"  was declared but never referenced
      uint32_t TimeForSlowRunFree = 0;//查询CSQ的时间
../Src/freertos.c(775): warning:  #177-D: variable "TimeForSlowRunGPRSFree"  was declared but never referenced
      uint32_t TimeForSlowRunGPRSFree = 0;
../Src/freertos.c(779): warning:  #177-D: variable "pAPN"  was declared but never referenced
      char pAPN[17];
../Src/freertos.c(780): warning:  #177-D: variable "pAPN_UserName"  was declared but never referenced
      char pAPN_UserName[17];
../Src/freertos.c(781): warning:  #177-D: variable "pAPN_Password"  was declared but never referenced
      char pAPN_Password[17];
../Src/freertos.c: 16 warnings, 0 errors
linking...
Program Size: Code=93680 RO-data=1968 RW-data=920 ZI-data=26856  
FromELF: creating hex file...
After Build - User command #2: fromelf --bin -o "GasMeter4\GasMeter4.bin" "GasMeter4\GasMeter4.axf"
"GasMeter4\GasMeter4.axf" - 0 Error(s), 16 Warning(s).

<h2>Software Packages used:</h2>

Package Vendor: ARM
                http://www.keil.com/pack/ARM.CMSIS.5.7.0.pack
                ARM.CMSIS.5.7.0
                CMSIS (Cortex Microcontroller Software Interface Standard)
   * Component: CORE Version: 5.4.0

Package Vendor: Keil
                http://www.keil.com/pack/Keil.STM32F0xx_DFP.2.0.0.pack
                Keil.STM32F0xx_DFP.2.0.0
                STMicroelectronics STM32F0 Series Device Support, Drivers and Examples

<h2>Collection of Component include folders:</h2>
  .\RTE\_GasMeter4_APP1
  C:\Users\liuwe\AppData\Local\Arm\Packs\ARM\CMSIS\5.7.0\CMSIS\Core\Include
  C:\Users\liuwe\AppData\Local\Arm\Packs\Keil\STM32F0xx_DFP\2.0.0\Drivers\CMSIS\Device\ST\STM32F0xx\Include

<h2>Collection of Component Files used:</h2>

   * Component: ARM::CMSIS:CORE:5.4.0
Build Time Elapsed:  00:00:04
</pre>
</body>
</html>
