<html>
<body>
<pre>
<h1>礦ision Build Log</h1>
<h2>Tool Versions:</h2>
IDE-Version: μVision V5.29.0.0
Copyright (C) 2019 ARM Ltd and ARM Germany GmbH. All rights reserved.
License Information: A liuweiliang2006@163.com, A, LIC=9WSKC-7J0ZW-2ZQW4-FHBPI-HBEK3-RXEMY
 
Tool Versions:
Toolchain:       MDK-ARM Plus  Version: 5.29.0.0
Toolchain Path:  C:\Keil_v5\ARM\ARMCC\Bin
C Compiler:      Armcc.exe V5.06 update 6 (build 750)
Assembler:       Armasm.exe V5.06 update 6 (build 750)
Linker/Locator:  ArmLink.exe V5.06 update 6 (build 750)
Library Manager: ArmAr.exe V5.06 update 6 (build 750)
Hex Converter:   FromElf.exe V5.06 update 6 (build 750)
CPU DLL:         SARMCM3.DLL V5.29.0.0
Dialog DLL:      DARMCM1.DLL V1.19.2.0
Target DLL:      Segger\JL2CM3.dll V2.99.36.0
Dialog DLL:      TARMCM1.DLL V1.14.1.0
 
<h2>Project:</h2>
D:\BC66\BC66 https pro\GasMeter4\MDK-ARM\GasMeter4.uvprojx
Project File Date:  11/30/2020

<h2>Output:</h2>
*** Using Compiler 'V5.06 update 6 (build 750)', folder: 'C:\Keil_v5\ARM\ARMCC\Bin'
Build target 'GasMeter4_APP1'
compiling signal.c...
../Inc/GetAnalyse.h(20): warning:  #1-D: last line of file ends without a newline
  #endif 
../Inc/signal.h(103): warning:  #1-D: last line of file ends without a newline
  #endif
../Middlewares/Third_Party/GsmLib/Sim80x.h(413): warning:  #1295-D: Deprecated declaration GPRS_SetSni - give arg types
  bool  GPRS_SetSni();
../Inc/CookingSessionReport.h(43): warning:  #1295-D: Deprecated declaration SendCookingSessionPacket - give arg types
  bool SendCookingSessionPacket();
../Inc/exparameter.h(18): warning:  #1-D: last line of file ends without a newline
  #endif
../Inc/encode.h(16): warning:  #1-D: last line of file ends without a newline
  #endif
..\Src\signal.c(220): warning:  #940-D: missing return statement at end of non-void function "Post_Data_Cmd" 
  }
..\Src\signal.c(280): warning:  #177-D: variable "u8QIDEACTSendcnt"  was declared but never referenced
  	uint8_t u8QIDEACTSendcnt = 0; //用于记录AT+QIDEACT的次数
..\Src\signal.c(321): warning:  #177-D: variable "u8Lenth"  was declared but never referenced
  	uint8_t u8Lenth = 0;
..\Src\signal.c(322): warning:  #177-D: variable "xResult"  was declared but never referenced
  	BaseType_t xResult;
..\Src\signal.c(325): warning:  #177-D: variable "u8QIDEACTSendcnt"  was declared but never referenced
  	uint8_t u8QIDEACTSendcnt = 0; //用于记录AT+QIDEACT的次数
..\Src\signal.c(393): warning:  #177-D: variable "xResult"  was declared but never referenced
  	BaseType_t xResult;
..\Src\signal.c(1012): warning:  #177-D: variable "result"  was declared but never referenced
  	uint8_t result = 0 , i = 0; //用于标识，是否响应了当前的指令
..\Src\signal.c(1012): warning:  #177-D: variable "i"  was declared but never referenced
  	uint8_t result = 0 , i = 0; //用于标识，是否响应了当前的指令
..\Src\signal.c(1110): warning:  #223-D: function "refreshReportStatePacket" declared implicitly
  	refreshReportStatePacket(&reportStatePacket);		
..\Src\signal.c(1091): warning:  #177-D: variable "result"  was declared but never referenced
  	uint8_t result = 0 , i = 0; //用于标识，是否响应了当前的指令
..\Src\signal.c(1091): warning:  #177-D: variable "i"  was declared but never referenced
  	uint8_t result = 0 , i = 0; //用于标识，是否响应了当前的指令
..\Src\signal.c(1094): warning:  #177-D: variable "cDataTime"  was declared but never referenced
  	char *cDataTime ;
..\Src\signal.c(1153): warning:  #177-D: variable "cDataTime"  was declared but never referenced
  	char *cDataTime ;
..\Src\signal.c(1210): warning:  #177-D: variable "cDataTime"  was declared but never referenced
  	char *cDataTime ;
..\Src\signal.c(1268): warning:  #177-D: variable "cDataTime"  was declared but never referenced
  	char *cDataTime ;
..\Src\signal.c(1271): warning:  #177-D: variable "stReadMeterConfig"  was declared but never referenced
  	CONFIG_Meter_t stReadMeterConfig;
..\Src\signal.c(1330): warning:  #177-D: variable "cDataTime"  was declared but never referenced
  	char *cDataTime ;
..\Src\signal.c(223): warning:  #177-D: function "UrlLength"  was declared but never referenced
  static void UrlLength(uint16_t length)
..\Src\signal.c(276): warning:  #177-D: function "SendGetCommand"  was declared but never referenced
  static ErrorStatus SendGetCommand()
..\Src\signal.c: 25 warnings, 0 errors
compiling Sim80x.c...
..\Middlewares\Third_Party\GsmLib\Sim80X.h(413): warning:  #1295-D: Deprecated declaration GPRS_SetSni - give arg types
  bool  GPRS_SetSni();
../Inc/GetAnalyse.h(20): warning:  #1-D: last line of file ends without a newline
  #endif 
../Inc/signal.h(103): warning:  #1-D: last line of file ends without a newline
  #endif
../Inc/CookingSessionReport.h(43): warning:  #1295-D: Deprecated declaration SendCookingSessionPacket - give arg types
  bool SendCookingSessionPacket();
../Inc/exparameter.h(18): warning:  #1-D: last line of file ends without a newline
  #endif
../Inc/encode.h(16): warning:  #1-D: last line of file ends without a newline
  #endif
../Inc/signal.h(103): warning:  #1-D: last line of file ends without a newline
  #endif
..\Middlewares\Third_Party\GsmLib\Sim80x.c(81): warning:  #177-D: variable "i"  was declared but never referenced
  	  uint32_t i = 0;
..\Middlewares\Third_Party\GsmLib\Sim80x.c(155): warning:  #177-D: variable "MaxLoop"  was declared but never referenced
  	  uint8_t MaxLoop = 10;
..\Middlewares\Third_Party\GsmLib\Sim80x.c(156): warning:  #177-D: variable "Ishave"  was declared but never referenced
  	  uint8_t Ishave = 0; 
..\Middlewares\Third_Party\GsmLib\Sim80x.c: 10 warnings, 0 errors
linking...
Program Size: Code=82472 RO-data=1968 RW-data=896 ZI-data=26272  
FromELF: creating hex file...
After Build - User command #2: fromelf --bin -o "GasMeter4\GasMeter4.bin" "GasMeter4\GasMeter4.axf"
"GasMeter4\GasMeter4.axf" - 0 Error(s), 35 Warning(s).

<h2>Software Packages used:</h2>

Package Vendor: ARM
                http://www.keil.com/pack/ARM.CMSIS.5.7.0.pack
                ARM.CMSIS.5.7.0
                CMSIS (Cortex Microcontroller Software Interface Standard)
   * Component: CORE Version: 5.4.0

Package Vendor: Keil
                http://www.keil.com/pack/Keil.STM32F0xx_DFP.2.0.0.pack
                Keil.STM32F0xx_DFP.2.0.0
                STMicroelectronics STM32F0 Series Device Support, Drivers and Examples

<h2>Collection of Component include folders:</h2>
  .\RTE\_GasMeter4_APP1
  C:\Users\liuwe\AppData\Local\Arm\Packs\ARM\CMSIS\5.7.0\CMSIS\Core\Include
  C:\Users\liuwe\AppData\Local\Arm\Packs\Keil\STM32F0xx_DFP\2.0.0\Drivers\CMSIS\Device\ST\STM32F0xx\Include

<h2>Collection of Component Files used:</h2>

   * Component: ARM::CMSIS:CORE:5.4.0
Build Time Elapsed:  00:00:03
</pre>
</body>
</html>
